10.0.0.12 - - [01/Jul/2026:00:16:17 +0200] "GET /wp-json/wp/v2/posts HTTP/1.1" 200 29978 "https://example-site.hr/" "Mozilla/5.0 (Windows NT 10.0; Win64; x64) AppleWebKit/537.36 Chrome/148.0.0.0 Safari/537.36"
192.168.1.10 - - [01/Jul/2026:00:49:43 +0200] "GET /o-nama/ HTTP/1.1" 200 10361 "https://www.facebook.com/" "Mozilla/5.0 (Linux; Android 10; K) AppleWebKit/537.36 Chrome/148.0.0.0 Mobile Safari/537.36"
192.168.1.22 - - [01/Jul/2026:01:03:11 +0200] "GET /wp-content/uploads/2025/03/product.jpg HTTP/1.1" 200 43019 "https://www.google.com/" "Mozilla/5.0 (Linux; Android 10; K) AppleWebKit/537.36 Chrome/148.0.0.0 Mobile Safari/537.36"
192.168.1.10 - - [01/Jul/2026:01:10:33 +0200] "GET /wp-includes/js/jquery/jquery.min.js HTTP/1.1" 200 47475 "https://example-site.hr/" "Mozilla/5.0 (Macintosh; Intel Mac OS X 10_15_7) AppleWebKit/537.36 Chrome/147.0.0.0 Safari/537.36"
192.168.1.10 - - [01/Jul/2026:01:28:19 +0200] "POST /wp-comments-post.php HTTP/1.1" 200 43270 "https://www.facebook.com/" "Mozilla/5.0 (Macintosh; Intel Mac OS X 10_15_7) AppleWebKit/537.36 Chrome/147.0.0.0 Safari/537.36"
172.16.0.8 - - [01/Jul/2026:01:44:56 +0200] "GET /index.php HTTP/1.1" 200 6826 "https://www.google.com/" "Mozilla/5.0 (Linux; Android 10; K) AppleWebKit/537.36 Chrome/148.0.0.0 Mobile Safari/537.36"
10.0.0.12 - - [01/Jul/2026:01:58:59 +0200] "GET /proizvodi/ HTTP/1.1" 200 48215 "https://example-site.hr/" "Mozilla/5.0 (Macintosh; Intel Mac OS X 10_15_7) AppleWebKit/537.36 Chrome/147.0.0.0 Safari/537.36"
192.168.1.10 - - [01/Jul/2026:02:57:50 +0200] "GET /wp-json/wp/v2/posts HTTP/1.1" 304 425 "https://www.google.com/" "Mozilla/5.0 (Windows NT 10.0; Win64; x64) AppleWebKit/537.36 Chrome/148.0.0.0 Safari/537.36"
192.168.1.15 - - [01/Jul/2026:03:49:57 +0200] "GET /wp-content/uploads/2025/03/product.jpg HTTP/1.1" 301 108 "-" "Mozilla/5.0 (Linux; Android 10; K) AppleWebKit/537.36 Chrome/148.0.0.0 Mobile Safari/537.36"
192.168.1.10 - - [01/Jul/2026:03:54:46 +0200] "GET /index.php HTTP/1.1" 200 4591 "-" "Mozilla/5.0 (Linux; Android 10; K) AppleWebKit/537.36 Chrome/148.0.0.0 Mobile Safari/537.36"
10.0.0.12 - - [01/Jul/2026:04:11:37 +0200] "GET /o-nama/ HTTP/1.1" 200 15261 "https://example-site.hr/" "Mozilla/5.0 (Windows NT 10.0; Win64; x64) AppleWebKit/537.36 Chrome/148.0.0.0 Safari/537.36"
10.0.0.12 - - [01/Jul/2026:04:17:21 +0200] "GET /wp-includes/js/jquery/jquery.min.js HTTP/1.1" 200 35954 "https://www.google.com/" "Mozilla/5.0 (Macintosh; Intel Mac OS X 10_15_7) AppleWebKit/537.36 Chrome/147.0.0.0 Safari/537.36"
172.16.0.8 - - [01/Jul/2026:04:21:37 +0200] "GET /kontakt/ HTTP/1.1" 200 17633 "https://example-site.hr/" "Mozilla/5.0 (Linux; Android 10; K) AppleWebKit/537.36 Chrome/148.0.0.0 Mobile Safari/537.36"
192.168.1.15 - - [01/Jul/2026:04:35:16 +0200] "GET /wp-includes/js/jquery/jquery.min.js HTTP/1.1" 200 41033 "https://example-site.hr/" "Mozilla/5.0 (Macintosh; Intel Mac OS X 10_15_7) AppleWebKit/537.36 Chrome/147.0.0.0 Safari/537.36"
192.168.1.22 - - [01/Jul/2026:04:53:40 +0200] "GET /proizvodi/ HTTP/1.1" 200 23134 "-" "Mozilla/5.0 (Windows NT 10.0; Win64; x64) AppleWebKit/537.36 Chrome/148.0.0.0 Safari/537.36"
192.168.1.22 - - [01/Jul/2026:05:19:49 +0200] "GET /wp-includes/js/jquery/jquery.min.js HTTP/1.1" 200 6605 "-" "Mozilla/5.0 (Macintosh; Intel Mac OS X 10_15_7) AppleWebKit/537.36 Chrome/147.0.0.0 Safari/537.36"
10.0.0.5 - - [01/Jul/2026:05:25:40 +0200] "GET /o-nama/ HTTP/1.1" 200 23416 "https://example-site.hr/" "Mozilla/5.0 (Windows NT 10.0; Win64; x64) AppleWebKit/537.36 Chrome/148.0.0.0 Safari/537.36"
192.168.1.15 - - [01/Jul/2026:05:38:15 +0200] "GET /wp-includes/js/jquery/jquery.min.js HTTP/1.1" 304 492 "https://example-site.hr/" "Mozilla/5.0 (Linux; Android 10; K) AppleWebKit/537.36 Chrome/148.0.0.0 Mobile Safari/537.36"
192.168.1.22 - - [01/Jul/2026:05:53:18 +0200] "GET /wp-content/uploads/2025/03/product.jpg HTTP/1.1" 200 33121 "https://www.google.com/" "Mozilla/5.0 (Windows NT 10.0; Win64; x64) AppleWebKit/537.36 Chrome/148.0.0.0 Safari/537.36"
192.168.1.10 - - [01/Jul/2026:05:57:20 +0200] "GET /index.php HTTP/1.1" 301 365 "https://example-site.hr/" "Mozilla/5.0 (Linux; Android 10; K) AppleWebKit/537.36 Chrome/148.0.0.0 Mobile Safari/537.36"
192.168.1.22 - - [01/Jul/2026:06:51:37 +0200] "GET /wp-includes/js/jquery/jquery.min.js HTTP/1.1" 200 35703 "https://www.google.com/" "Mozilla/5.0 (Windows NT 10.0; Win64; x64) AppleWebKit/537.36 Chrome/148.0.0.0 Safari/537.36"
10.0.0.12 - - [01/Jul/2026:07:46:15 +0200] "GET /o-nama/ HTTP/1.1" 200 29086 "https://www.facebook.com/" "Mozilla/5.0 (Windows NT 10.0; Win64; x64) AppleWebKit/537.36 Chrome/148.0.0.0 Safari/537.36"
192.168.1.22 - - [01/Jul/2026:07:56:31 +0200] "GET /o-nama/ HTTP/1.1" 200 21795 "https://example-site.hr/" "Mozilla/5.0 (Macintosh; Intel Mac OS X 10_15_7) AppleWebKit/537.36 Chrome/147.0.0.0 Safari/537.36"
192.168.1.22 - - [01/Jul/2026:07:59:23 +0200] "GET /wp-json/wp/v2/posts HTTP/1.1" 302 254 "-" "Mozilla/5.0 (Windows NT 10.0; Win64; x64) AppleWebKit/537.36 Chrome/148.0.0.0 Safari/537.36"
192.168.1.22 - - [01/Jul/2026:08:12:39 +0200] "GET /wp-includes/js/jquery/jquery.min.js HTTP/1.1" 200 18559 "-" "Mozilla/5.0 (Macintosh; Intel Mac OS X 10_15_7) AppleWebKit/537.36 Chrome/147.0.0.0 Safari/537.36"
172.16.0.8 - - [01/Jul/2026:08:13:39 +0200] "GET /index.php HTTP/1.1" 200 20458 "https://www.google.com/" "Mozilla/5.0 (Linux; Android 10; K) AppleWebKit/537.36 Chrome/148.0.0.0 Mobile Safari/537.36"
172.16.0.8 - - [01/Jul/2026:08:41:02 +0200] "GET /wp-includes/js/jquery/jquery.min.js HTTP/1.1" 200 25374 "https://www.google.com/" "Mozilla/5.0 (Macintosh; Intel Mac OS X 10_15_7) AppleWebKit/537.36 Chrome/147.0.0.0 Safari/537.36"
10.0.0.12 - - [01/Jul/2026:09:14:03 +0200] "GET /kontakt/ HTTP/1.1" 304 175 "https://example-site.hr/" "Mozilla/5.0 (Windows NT 10.0; Win64; x64) AppleWebKit/537.36 Chrome/148.0.0.0 Safari/537.36"
10.0.0.12 - - [01/Jul/2026:09:25:20 +0200] "GET /wp-includes/js/jquery/jquery.min.js HTTP/1.1" 200 43451 "https://www.facebook.com/" "Mozilla/5.0 (Windows NT 10.0; Win64; x64) AppleWebKit/537.36 Chrome/148.0.0.0 Safari/537.36"
91.108.4.100 - - [01/Jul/2026:09:30:59 +0200] "GET /wp-admin/ HTTP/1.1" 404 2866 "-" "-"
10.0.0.12 - - [01/Jul/2026:09:31:02 +0200] "GET /kontakt/ HTTP/1.1" 200 7358 "-" "Mozilla/5.0 (Linux; Android 10; K) AppleWebKit/537.36 Chrome/148.0.0.0 Mobile Safari/537.36"
172.16.0.8 - - [01/Jul/2026:09:38:18 +0200] "GET /wp-includes/js/jquery/jquery.min.js HTTP/1.1" 301 410 "https://www.google.com/" "Mozilla/5.0 (Linux; Android 10; K) AppleWebKit/537.36 Chrome/148.0.0.0 Mobile Safari/537.36"
10.0.0.5 - - [01/Jul/2026:10:03:01 +0200] "GET /wp-json/wp/v2/posts HTTP/1.1" 200 18332 "-" "Mozilla/5.0 (Linux; Android 10; K) AppleWebKit/537.36 Chrome/148.0.0.0 Mobile Safari/537.36"
10.0.0.5 - - [01/Jul/2026:10:03:43 +0200] "POST /wp-comments-post.php HTTP/1.1" 200 39742 "https://www.facebook.com/" "Mozilla/5.0 (Windows NT 10.0; Win64; x64) AppleWebKit/537.36 Chrome/148.0.0.0 Safari/537.36"
10.0.0.12 - - [01/Jul/2026:11:04:30 +0200] "GET /kontakt/ HTTP/1.1" 304 304 "https://www.facebook.com/" "Mozilla/5.0 (Macintosh; Intel Mac OS X 10_15_7) AppleWebKit/537.36 Chrome/147.0.0.0 Safari/537.36"
192.168.1.10 - - [01/Jul/2026:12:10:33 +0200] "GET /proizvodi/ HTTP/1.1" 200 6501 "https://example-site.hr/" "Mozilla/5.0 (Macintosh; Intel Mac OS X 10_15_7) AppleWebKit/537.36 Chrome/147.0.0.0 Safari/537.36"
172.16.0.8 - - [01/Jul/2026:12:15:08 +0200] "GET /kontakt/ HTTP/1.1" 200 43584 "-" "Mozilla/5.0 (Macintosh; Intel Mac OS X 10_15_7) AppleWebKit/537.36 Chrome/147.0.0.0 Safari/537.36"
192.168.1.10 - - [01/Jul/2026:12:22:00 +0200] "GET /wp-content/uploads/2025/03/product.jpg HTTP/1.1" 304 366 "https://www.google.com/" "Mozilla/5.0 (Macintosh; Intel Mac OS X 10_15_7) AppleWebKit/537.36 Chrome/147.0.0.0 Safari/537.36"
172.16.0.8 - - [01/Jul/2026:12:22:23 +0200] "GET /wp-content/uploads/2025/03/product.jpg HTTP/1.1" 200 11596 "https://example-site.hr/" "Mozilla/5.0 (Linux; Android 10; K) AppleWebKit/537.36 Chrome/148.0.0.0 Mobile Safari/537.36"
10.0.0.12 - - [01/Jul/2026:12:26:20 +0200] "POST /wp-comments-post.php HTTP/1.1" 200 37171 "-" "Mozilla/5.0 (Linux; Android 10; K) AppleWebKit/537.36 Chrome/148.0.0.0 Mobile Safari/537.36"
10.0.0.12 - - [01/Jul/2026:12:40:27 +0200] "GET /wp-content/uploads/2025/03/product.jpg HTTP/1.1" 200 47908 "https://www.google.com/" "Mozilla/5.0 (Windows NT 10.0; Win64; x64) AppleWebKit/537.36 Chrome/148.0.0.0 Safari/537.36"
192.168.1.22 - - [01/Jul/2026:12:45:00 +0200] "GET /kontakt/ HTTP/1.1" 200 9091 "https://www.google.com/" "Mozilla/5.0 (Windows NT 10.0; Win64; x64) AppleWebKit/537.36 Chrome/148.0.0.0 Safari/537.36"
192.168.1.15 - - [01/Jul/2026:13:58:33 +0200] "GET /wp-json/wp/v2/posts HTTP/1.1" 200 9966 "-" "Mozilla/5.0 (Windows NT 10.0; Win64; x64) AppleWebKit/537.36 Chrome/148.0.0.0 Safari/537.36"
192.168.1.22 - - [01/Jul/2026:14:25:36 +0200] "GET /o-nama/ HTTP/1.1" 301 319 "https://example-site.hr/" "Mozilla/5.0 (Macintosh; Intel Mac OS X 10_15_7) AppleWebKit/537.36 Chrome/147.0.0.0 Safari/537.36"
10.0.0.5 - - [01/Jul/2026:14:30:13 +0200] "GET /wp-json/wp/v2/posts HTTP/1.1" 304 245 "https://example-site.hr/" "Mozilla/5.0 (Macintosh; Intel Mac OS X 10_15_7) AppleWebKit/537.36 Chrome/147.0.0.0 Safari/537.36"
192.168.1.10 - - [01/Jul/2026:14:30:55 +0200] "GET /o-nama/ HTTP/1.1" 301 415 "https://example-site.hr/" "Mozilla/5.0 (Macintosh; Intel Mac OS X 10_15_7) AppleWebKit/537.36 Chrome/147.0.0.0 Safari/537.36"
10.0.0.5 - - [01/Jul/2026:14:50:32 +0200] "GET /o-nama/ HTTP/1.1" 200 40710 "https://www.facebook.com/" "Mozilla/5.0 (Windows NT 10.0; Win64; x64) AppleWebKit/537.36 Chrome/148.0.0.0 Safari/537.36"
10.0.0.5 - - [01/Jul/2026:14:59:14 +0200] "POST /wp-comments-post.php HTTP/1.1" 200 36410 "https://example-site.hr/" "Mozilla/5.0 (Windows NT 10.0; Win64; x64) AppleWebKit/537.36 Chrome/148.0.0.0 Safari/537.36"
10.0.0.12 - - [01/Jul/2026:15:15:05 +0200] "GET /proizvodi/ HTTP/1.1" 302 390 "https://example-site.hr/" "Mozilla/5.0 (Windows NT 10.0; Win64; x64) AppleWebKit/537.36 Chrome/148.0.0.0 Safari/537.36"
10.0.0.5 - - [01/Jul/2026:15:17:40 +0200] "POST /wp-comments-post.php HTTP/1.1" 404 406 "https://example-site.hr/" "Mozilla/5.0 (Linux; Android 10; K) AppleWebKit/537.36 Chrome/148.0.0.0 Mobile Safari/537.36"
172.16.0.8 - - [01/Jul/2026:15:20:16 +0200] "GET /wp-content/uploads/2025/03/product.jpg HTTP/1.1" 302 486 "https://www.facebook.com/" "Mozilla/5.0 (Linux; Android 10; K) AppleWebKit/537.36 Chrome/148.0.0.0 Mobile Safari/537.36"
192.168.1.10 - - [01/Jul/2026:15:20:18 +0200] "GET /kontakt/ HTTP/1.1" 301 399 "https://www.facebook.com/" "Mozilla/5.0 (Macintosh; Intel Mac OS X 10_15_7) AppleWebKit/537.36 Chrome/147.0.0.0 Safari/537.36"
192.168.1.10 - - [01/Jul/2026:16:53:45 +0200] "POST /wp-comments-post.php HTTP/1.1" 200 17083 "https://example-site.hr/" "Mozilla/5.0 (Macintosh; Intel Mac OS X 10_15_7) AppleWebKit/537.36 Chrome/147.0.0.0 Safari/537.36"
192.168.1.10 - - [01/Jul/2026:16:58:50 +0200] "GET /wp-includes/js/jquery/jquery.min.js HTTP/1.1" 304 332 "https://www.google.com/" "Mozilla/5.0 (Windows NT 10.0; Win64; x64) AppleWebKit/537.36 Chrome/148.0.0.0 Safari/537.36"
192.168.1.10 - - [01/Jul/2026:17:04:10 +0200] "POST /wp-comments-post.php HTTP/1.1" 200 48743 "https://www.facebook.com/" "Mozilla/5.0 (Linux; Android 10; K) AppleWebKit/537.36 Chrome/148.0.0.0 Mobile Safari/537.36"
10.0.0.5 - - [01/Jul/2026:17:25:41 +0200] "GET /wp-json/wp/v2/posts HTTP/1.1" 304 155 "https://www.google.com/" "Mozilla/5.0 (Macintosh; Intel Mac OS X 10_15_7) AppleWebKit/537.36 Chrome/147.0.0.0 Safari/537.36"
10.0.0.12 - - [01/Jul/2026:17:36:25 +0200] "GET /wp-content/uploads/2025/03/product.jpg HTTP/1.1" 200 29350 "https://www.google.com/" "Mozilla/5.0 (Windows NT 10.0; Win64; x64) AppleWebKit/537.36 Chrome/148.0.0.0 Safari/537.36"
192.168.1.22 - - [01/Jul/2026:18:37:18 +0200] "GET /wp-content/uploads/2025/03/product.jpg HTTP/1.1" 200 19122 "-" "Mozilla/5.0 (Macintosh; Intel Mac OS X 10_15_7) AppleWebKit/537.36 Chrome/147.0.0.0 Safari/537.36"
192.168.1.22 - - [01/Jul/2026:18:56:01 +0200] "POST /wp-comments-post.php HTTP/1.1" 304 105 "-" "Mozilla/5.0 (Linux; Android 10; K) AppleWebKit/537.36 Chrome/148.0.0.0 Mobile Safari/537.36"
172.16.0.8 - - [01/Jul/2026:19:06:53 +0200] "GET /kontakt/ HTTP/1.1" 200 29819 "-" "Mozilla/5.0 (Windows NT 10.0; Win64; x64) AppleWebKit/537.36 Chrome/148.0.0.0 Safari/537.36"
10.0.0.5 - - [01/Jul/2026:19:15:22 +0200] "GET /kontakt/ HTTP/1.1" 200 1161 "https://example-site.hr/" "Mozilla/5.0 (Macintosh; Intel Mac OS X 10_15_7) AppleWebKit/537.36 Chrome/147.0.0.0 Safari/537.36"
192.168.1.22 - - [01/Jul/2026:19:52:50 +0200] "GET /wp-includes/js/jquery/jquery.min.js HTTP/1.1" 200 8506 "-" "Mozilla/5.0 (Linux; Android 10; K) AppleWebKit/537.36 Chrome/148.0.0.0 Mobile Safari/537.36"
172.16.0.8 - - [01/Jul/2026:19:53:21 +0200] "GET /wp-includes/js/jquery/jquery.min.js HTTP/1.1" 301 431 "https://example-site.hr/" "Mozilla/5.0 (Macintosh; Intel Mac OS X 10_15_7) AppleWebKit/537.36 Chrome/147.0.0.0 Safari/537.36"
192.168.1.15 - - [01/Jul/2026:20:06:36 +0200] "GET /o-nama/ HTTP/1.1" 200 47065 "https://www.facebook.com/" "Mozilla/5.0 (Macintosh; Intel Mac OS X 10_15_7) AppleWebKit/537.36 Chrome/147.0.0.0 Safari/537.36"
192.168.1.10 - - [01/Jul/2026:20:56:10 +0200] "POST /wp-comments-post.php HTTP/1.1" 200 8811 "https://www.google.com/" "Mozilla/5.0 (Linux; Android 10; K) AppleWebKit/537.36 Chrome/148.0.0.0 Mobile Safari/537.36"
10.0.0.12 - - [01/Jul/2026:20:57:58 +0200] "GET /wp-content/uploads/2025/03/product.jpg HTTP/1.1" 200 34840 "https://example-site.hr/" "Mozilla/5.0 (Windows NT 10.0; Win64; x64) AppleWebKit/537.36 Chrome/148.0.0.0 Safari/537.36"
10.0.0.12 - - [01/Jul/2026:21:13:04 +0200] "GET /wp-includes/js/jquery/jquery.min.js HTTP/1.1" 200 24469 "-" "Mozilla/5.0 (Windows NT 10.0; Win64; x64) AppleWebKit/537.36 Chrome/148.0.0.0 Safari/537.36"
10.0.0.12 - - [01/Jul/2026:21:20:52 +0200] "GET /wp-includes/js/jquery/jquery.min.js HTTP/1.1" 200 10798 "https://example-site.hr/" "Mozilla/5.0 (Linux; Android 10; K) AppleWebKit/537.36 Chrome/148.0.0.0 Mobile Safari/537.36"
10.0.0.12 - - [01/Jul/2026:21:29:19 +0200] "GET /index.php HTTP/1.1" 200 25694 "-" "Mozilla/5.0 (Windows NT 10.0; Win64; x64) AppleWebKit/537.36 Chrome/148.0.0.0 Safari/537.36"
192.168.1.10 - - [01/Jul/2026:21:37:13 +0200] "GET /wp-json/wp/v2/posts HTTP/1.1" 200 48877 "https://www.google.com/" "Mozilla/5.0 (Macintosh; Intel Mac OS X 10_15_7) AppleWebKit/537.36 Chrome/147.0.0.0 Safari/537.36"
192.168.1.15 - - [01/Jul/2026:22:45:09 +0200] "GET /wp-includes/js/jquery/jquery.min.js HTTP/1.1" 304 270 "https://www.facebook.com/" "Mozilla/5.0 (Macintosh; Intel Mac OS X 10_15_7) AppleWebKit/537.36 Chrome/147.0.0.0 Safari/537.36"
192.168.1.22 - - [01/Jul/2026:23:36:07 +0200] "GET /wp-json/wp/v2/posts HTTP/1.1" 200 5092 "https://www.google.com/" "Mozilla/5.0 (Linux; Android 10; K) AppleWebKit/537.36 Chrome/148.0.0.0 Mobile Safari/537.36"
172.16.0.8 - - [01/Jul/2026:23:40:18 +0200] "GET /index.php HTTP/1.1" 200 17807 "https://example-site.hr/" "Mozilla/5.0 (Macintosh; Intel Mac OS X 10_15_7) AppleWebKit/537.36 Chrome/147.0.0.0 Safari/537.36"
10.0.0.12 - - [01/Jul/2026:23:42:20 +0200] "GET /kontakt/ HTTP/1.1" 200 46299 "-" "Mozilla/5.0 (Linux; Android 10; K) AppleWebKit/537.36 Chrome/148.0.0.0 Mobile Safari/537.36"
10.0.0.5 - - [02/Jul/2026:00:12:24 +0200] "POST /wp-comments-post.php HTTP/1.1" 200 13008 "https://www.facebook.com/" "Mozilla/5.0 (Macintosh; Intel Mac OS X 10_15_7) AppleWebKit/537.36 Chrome/147.0.0.0 Safari/537.36"
192.168.1.22 - - [02/Jul/2026:00:20:58 +0200] "GET /wp-includes/js/jquery/jquery.min.js HTTP/1.1" 200 25944 "https://example-site.hr/" "Mozilla/5.0 (Windows NT 10.0; Win64; x64) AppleWebKit/537.36 Chrome/148.0.0.0 Safari/537.36"
10.0.0.12 - - [02/Jul/2026:00:24:22 +0200] "GET /proizvodi/ HTTP/1.1" 200 20790 "https://example-site.hr/" "Mozilla/5.0 (Windows NT 10.0; Win64; x64) AppleWebKit/537.36 Chrome/148.0.0.0 Safari/537.36"
172.16.0.8 - - [02/Jul/2026:00:42:18 +0200] "GET /o-nama/ HTTP/1.1" 200 17651 "https://www.facebook.com/" "Mozilla/5.0 (Linux; Android 10; K) AppleWebKit/537.36 Chrome/148.0.0.0 Mobile Safari/537.36"
192.168.1.10 - - [02/Jul/2026:00:59:16 +0200] "GET /proizvodi/ HTTP/1.1" 304 454 "https://www.facebook.com/" "Mozilla/5.0 (Linux; Android 10; K) AppleWebKit/537.36 Chrome/148.0.0.0 Mobile Safari/537.36"
194.165.16.78 - - [02/Jul/2026:01:09:06 +0200] "GET /wp-content/uploads/2024/backdoor.php HTTP/1.1" 404 744 "-" "Mozilla/5.0 (Macintosh; Intel Mac OS X 10_15_7) AppleWebKit/537.36 Chrome/147.0.0.0 Safari/537.36"
10.0.0.5 - - [02/Jul/2026:02:12:01 +0200] "GET /proizvodi/ HTTP/1.1" 404 146 "https://www.google.com/" "Mozilla/5.0 (Windows NT 10.0; Win64; x64) AppleWebKit/537.36 Chrome/148.0.0.0 Safari/537.36"
10.0.0.5 - - [02/Jul/2026:02:13:05 +0200] "GET /o-nama/ HTTP/1.1" 301 440 "-" "Mozilla/5.0 (Windows NT 10.0; Win64; x64) AppleWebKit/537.36 Chrome/148.0.0.0 Safari/537.36"
172.16.0.8 - - [02/Jul/2026:02:14:09 +0200] "GET /wp-json/wp/v2/posts HTTP/1.1" 200 48697 "https://www.google.com/" "Mozilla/5.0 (Windows NT 10.0; Win64; x64) AppleWebKit/537.36 Chrome/148.0.0.0 Safari/537.36"
172.16.0.8 - - [02/Jul/2026:02:15:14 +0200] "POST /wp-comments-post.php HTTP/1.1" 200 29795 "-" "Mozilla/5.0 (Macintosh; Intel Mac OS X 10_15_7) AppleWebKit/537.36 Chrome/147.0.0.0 Safari/537.36"
172.16.0.8 - - [02/Jul/2026:02:48:02 +0200] "POST /wp-comments-post.php HTTP/1.1" 200 1131 "https://www.facebook.com/" "Mozilla/5.0 (Windows NT 10.0; Win64; x64) AppleWebKit/537.36 Chrome/148.0.0.0 Safari/537.36"
10.0.0.5 - - [02/Jul/2026:03:27:55 +0200] "GET /wp-content/uploads/2025/03/product.jpg HTTP/1.1" 304 402 "https://www.facebook.com/" "Mozilla/5.0 (Linux; Android 10; K) AppleWebKit/537.36 Chrome/148.0.0.0 Mobile Safari/537.36"
192.168.1.15 - - [02/Jul/2026:03:30:29 +0200] "GET /index.php HTTP/1.1" 200 39034 "https://www.google.com/" "Mozilla/5.0 (Macintosh; Intel Mac OS X 10_15_7) AppleWebKit/537.36 Chrome/147.0.0.0 Safari/537.36"
192.168.1.22 - - [02/Jul/2026:03:30:59 +0200] "GET /wp-content/uploads/2025/03/product.jpg HTTP/1.1" 404 376 "https://example-site.hr/" "Mozilla/5.0 (Windows NT 10.0; Win64; x64) AppleWebKit/537.36 Chrome/148.0.0.0 Safari/537.36"
192.168.1.22 - - [02/Jul/2026:03:55:17 +0200] "GET /o-nama/ HTTP/1.1" 200 11930 "https://example-site.hr/" "Mozilla/5.0 (Linux; Android 10; K) AppleWebKit/537.36 Chrome/148.0.0.0 Mobile Safari/537.36"
10.0.0.12 - - [02/Jul/2026:04:08:33 +0200] "GET /wp-json/wp/v2/posts HTTP/1.1" 304 260 "https://www.facebook.com/" "Mozilla/5.0 (Windows NT 10.0; Win64; x64) AppleWebKit/537.36 Chrome/148.0.0.0 Safari/537.36"
10.0.0.5 - - [02/Jul/2026:04:27:08 +0200] "GET /wp-includes/js/jquery/jquery.min.js HTTP/1.1" 302 453 "https://www.facebook.com/" "Mozilla/5.0 (Windows NT 10.0; Win64; x64) AppleWebKit/537.36 Chrome/148.0.0.0 Safari/537.36"
192.168.1.10 - - [02/Jul/2026:05:48:05 +0200] "GET /wp-content/uploads/2025/03/product.jpg HTTP/1.1" 200 14563 "-" "Mozilla/5.0 (Windows NT 10.0; Win64; x64) AppleWebKit/537.36 Chrome/148.0.0.0 Safari/537.36"
192.168.1.10 - - [02/Jul/2026:06:15:44 +0200] "GET /o-nama/ HTTP/1.1" 301 414 "-" "Mozilla/5.0 (Windows NT 10.0; Win64; x64) AppleWebKit/537.36 Chrome/148.0.0.0 Safari/537.36"
192.168.1.15 - - [02/Jul/2026:06:28:56 +0200] "GET /proizvodi/ HTTP/1.1" 404 448 "https://www.facebook.com/" "Mozilla/5.0 (Windows NT 10.0; Win64; x64) AppleWebKit/537.36 Chrome/148.0.0.0 Safari/537.36"
192.168.1.15 - - [02/Jul/2026:06:38:13 +0200] "GET /wp-includes/js/jquery/jquery.min.js HTTP/1.1" 301 410 "https://example-site.hr/" "Mozilla/5.0 (Macintosh; Intel Mac OS X 10_15_7) AppleWebKit/537.36 Chrome/147.0.0.0 Safari/537.36"
192.168.1.10 - - [02/Jul/2026:06:41:37 +0200] "GET /kontakt/ HTTP/1.1" 200 21984 "-" "Mozilla/5.0 (Windows NT 10.0; Win64; x64) AppleWebKit/537.36 Chrome/148.0.0.0 Safari/537.36"
172.16.0.8 - - [02/Jul/2026:06:43:54 +0200] "POST /wp-comments-post.php HTTP/1.1" 200 40163 "https://www.google.com/" "Mozilla/5.0 (Macintosh; Intel Mac OS X 10_15_7) AppleWebKit/537.36 Chrome/147.0.0.0 Safari/537.36"
192.168.1.15 - - [02/Jul/2026:07:02:22 +0200] "GET /index.php HTTP/1.1" 304 489 "https://www.google.com/" "Mozilla/5.0 (Linux; Android 10; K) AppleWebKit/537.36 Chrome/148.0.0.0 Mobile Safari/537.36"
10.0.0.5 - - [02/Jul/2026:07:28:08 +0200] "GET /index.php HTTP/1.1" 200 6102 "https://www.facebook.com/" "Mozilla/5.0 (Windows NT 10.0; Win64; x64) AppleWebKit/537.36 Chrome/148.0.0.0 Safari/537.36"
192.168.1.10 - - [02/Jul/2026:07:32:14 +0200] "GET /o-nama/ HTTP/1.1" 200 11492 "https://example-site.hr/" "Mozilla/5.0 (Windows NT 10.0; Win64; x64) AppleWebKit/537.36 Chrome/148.0.0.0 Safari/537.36"
192.168.1.15 - - [02/Jul/2026:07:34:21 +0200] "POST /wp-comments-post.php HTTP/1.1" 200 36802 "https://www.facebook.com/" "Mozilla/5.0 (Windows NT 10.0; Win64; x64) AppleWebKit/537.36 Chrome/148.0.0.0 Safari/537.36"
192.168.1.10 - - [02/Jul/2026:08:48:39 +0200] "GET /wp-json/wp/v2/posts HTTP/1.1" 200 43853 "https://example-site.hr/" "Mozilla/5.0 (Macintosh; Intel Mac OS X 10_15_7) AppleWebKit/537.36 Chrome/147.0.0.0 Safari/537.36"
172.16.0.8 - - [02/Jul/2026:08:57:41 +0200] "GET /kontakt/ HTTP/1.1" 200 49655 "https://www.google.com/" "Mozilla/5.0 (Linux; Android 10; K) AppleWebKit/537.36 Chrome/148.0.0.0 Mobile Safari/537.36"
10.0.0.5 - - [02/Jul/2026:09:14:01 +0200] "GET /wp-includes/js/jquery/jquery.min.js HTTP/1.1" 304 305 "https://example-site.hr/" "Mozilla/5.0 (Macintosh; Intel Mac OS X 10_15_7) AppleWebKit/537.36 Chrome/147.0.0.0 Safari/537.36"
192.168.1.10 - - [02/Jul/2026:09:24:51 +0200] "GET /kontakt/ HTTP/1.1" 301 102 "https://www.facebook.com/" "Mozilla/5.0 (Macintosh; Intel Mac OS X 10_15_7) AppleWebKit/537.36 Chrome/147.0.0.0 Safari/537.36"
192.168.1.22 - - [02/Jul/2026:09:41:21 +0200] "GET /kontakt/ HTTP/1.1" 200 41753 "-" "Mozilla/5.0 (Windows NT 10.0; Win64; x64) AppleWebKit/537.36 Chrome/148.0.0.0 Safari/537.36"
10.0.0.5 - - [02/Jul/2026:10:06:34 +0200] "GET /kontakt/ HTTP/1.1" 200 12977 "-" "Mozilla/5.0 (Linux; Android 10; K) AppleWebKit/537.36 Chrome/148.0.0.0 Mobile Safari/537.36"
192.168.1.10 - - [02/Jul/2026:10:19:13 +0200] "GET /wp-json/wp/v2/posts HTTP/1.1" 304 264 "https://www.google.com/" "Mozilla/5.0 (Windows NT 10.0; Win64; x64) AppleWebKit/537.36 Chrome/148.0.0.0 Safari/537.36"
172.16.0.8 - - [02/Jul/2026:10:44:23 +0200] "GET /proizvodi/ HTTP/1.1" 200 12288 "https://www.google.com/" "Mozilla/5.0 (Macintosh; Intel Mac OS X 10_15_7) AppleWebKit/537.36 Chrome/147.0.0.0 Safari/537.36"
192.168.1.15 - - [02/Jul/2026:11:06:31 +0200] "GET /wp-content/uploads/2025/03/product.jpg HTTP/1.1" 304 373 "https://example-site.hr/" "Mozilla/5.0 (Linux; Android 10; K) AppleWebKit/537.36 Chrome/148.0.0.0 Mobile Safari/537.36"
10.0.0.12 - - [02/Jul/2026:11:33:28 +0200] "GET /proizvodi/ HTTP/1.1" 200 47090 "-" "Mozilla/5.0 (Linux; Android 10; K) AppleWebKit/537.36 Chrome/148.0.0.0 Mobile Safari/537.36"
192.168.1.10 - - [02/Jul/2026:11:38:51 +0200] "GET /index.php HTTP/1.1" 200 36319 "https://www.facebook.com/" "Mozilla/5.0 (Windows NT 10.0; Win64; x64) AppleWebKit/537.36 Chrome/148.0.0.0 Safari/537.36"
10.0.0.5 - - [02/Jul/2026:11:47:26 +0200] "GET /proizvodi/ HTTP/1.1" 200 3181 "https://www.google.com/" "Mozilla/5.0 (Windows NT 10.0; Win64; x64) AppleWebKit/537.36 Chrome/148.0.0.0 Safari/537.36"
192.168.1.22 - - [02/Jul/2026:11:56:50 +0200] "GET /wp-content/uploads/2025/03/product.jpg HTTP/1.1" 200 17515 "https://www.facebook.com/" "Mozilla/5.0 (Linux; Android 10; K) AppleWebKit/537.36 Chrome/148.0.0.0 Mobile Safari/537.36"
45.33.32.156 - - [02/Jul/2026:12:49:22 +0200] "POST /xmlrpc.php HTTP/1.1" 200 1970 "-" "Mozilla/5.0 (Linux; Android 10; K) AppleWebKit/537.36 Chrome/148.0.0.0 Mobile Safari/537.36"
10.0.0.12 - - [02/Jul/2026:13:05:40 +0200] "GET /kontakt/ HTTP/1.1" 200 31010 "https://www.facebook.com/" "Mozilla/5.0 (Linux; Android 10; K) AppleWebKit/537.36 Chrome/148.0.0.0 Mobile Safari/537.36"
10.0.0.5 - - [02/Jul/2026:13:10:48 +0200] "GET /wp-json/wp/v2/posts HTTP/1.1" 200 25393 "https://example-site.hr/" "Mozilla/5.0 (Linux; Android 10; K) AppleWebKit/537.36 Chrome/148.0.0.0 Mobile Safari/537.36"
192.168.1.10 - - [02/Jul/2026:13:11:17 +0200] "GET /wp-includes/js/jquery/jquery.min.js HTTP/1.1" 304 321 "-" "Mozilla/5.0 (Macintosh; Intel Mac OS X 10_15_7) AppleWebKit/537.36 Chrome/147.0.0.0 Safari/537.36"
10.0.0.5 - - [02/Jul/2026:13:14:25 +0200] "GET /index.php HTTP/1.1" 200 44601 "https://www.google.com/" "Mozilla/5.0 (Windows NT 10.0; Win64; x64) AppleWebKit/537.36 Chrome/148.0.0.0 Safari/537.36"
192.168.1.15 - - [02/Jul/2026:14:23:25 +0200] "GET /wp-includes/js/jquery/jquery.min.js HTTP/1.1" 200 25804 "https://www.google.com/" "Mozilla/5.0 (Windows NT 10.0; Win64; x64) AppleWebKit/537.36 Chrome/148.0.0.0 Safari/537.36"
192.168.1.22 - - [02/Jul/2026:14:26:40 +0200] "GET /wp-includes/js/jquery/jquery.min.js HTTP/1.1" 404 136 "https://www.google.com/" "Mozilla/5.0 (Macintosh; Intel Mac OS X 10_15_7) AppleWebKit/537.36 Chrome/147.0.0.0 Safari/537.36"
10.0.0.12 - - [02/Jul/2026:15:32:30 +0200] "GET /proizvodi/ HTTP/1.1" 200 32824 "https://example-site.hr/" "Mozilla/5.0 (Linux; Android 10; K) AppleWebKit/537.36 Chrome/148.0.0.0 Mobile Safari/537.36"
192.168.1.10 - - [02/Jul/2026:15:35:01 +0200] "GET /wp-json/wp/v2/posts HTTP/1.1" 200 47682 "https://www.google.com/" "Mozilla/5.0 (Windows NT 10.0; Win64; x64) AppleWebKit/537.36 Chrome/148.0.0.0 Safari/537.36"
45.33.32.156 - - [02/Jul/2026:16:10:12 +0200] "GET /xmlrpc.php HTTP/1.1" 403 1429 "-" "Mozilla/5.0 (Linux; Android 10; K) AppleWebKit/537.36 Chrome/148.0.0.0 Mobile Safari/537.36"
192.168.1.22 - - [02/Jul/2026:16:20:31 +0200] "GET /wp-content/uploads/2025/03/product.jpg HTTP/1.1" 302 373 "https://www.facebook.com/" "Mozilla/5.0 (Windows NT 10.0; Win64; x64) AppleWebKit/537.36 Chrome/148.0.0.0 Safari/537.36"
192.168.1.15 - - [02/Jul/2026:16:29:00 +0200] "GET /kontakt/ HTTP/1.1" 301 390 "https://example-site.hr/" "Mozilla/5.0 (Windows NT 10.0; Win64; x64) AppleWebKit/537.36 Chrome/148.0.0.0 Safari/537.36"
10.0.0.12 - - [02/Jul/2026:16:55:48 +0200] "GET /index.php HTTP/1.1" 200 12761 "https://www.google.com/" "Mozilla/5.0 (Linux; Android 10; K) AppleWebKit/537.36 Chrome/148.0.0.0 Mobile Safari/537.36"
192.168.1.22 - - [02/Jul/2026:16:59:07 +0200] "GET /wp-content/uploads/2025/03/product.jpg HTTP/1.1" 200 36685 "https://example-site.hr/" "Mozilla/5.0 (Linux; Android 10; K) AppleWebKit/537.36 Chrome/148.0.0.0 Mobile Safari/537.36"
192.168.1.15 - - [02/Jul/2026:17:20:44 +0200] "GET /wp-json/wp/v2/posts HTTP/1.1" 304 113 "-" "Mozilla/5.0 (Linux; Android 10; K) AppleWebKit/537.36 Chrome/148.0.0.0 Mobile Safari/537.36"
10.0.0.5 - - [02/Jul/2026:18:12:34 +0200] "POST /wp-comments-post.php HTTP/1.1" 200 38018 "https://example-site.hr/" "Mozilla/5.0 (Macintosh; Intel Mac OS X 10_15_7) AppleWebKit/537.36 Chrome/147.0.0.0 Safari/537.36"
192.168.1.22 - - [02/Jul/2026:18:36:13 +0200] "GET /o-nama/ HTTP/1.1" 301 215 "-" "Mozilla/5.0 (Windows NT 10.0; Win64; x64) AppleWebKit/537.36 Chrome/148.0.0.0 Safari/537.36"
192.168.1.22 - - [02/Jul/2026:18:48:47 +0200] "POST /wp-comments-post.php HTTP/1.1" 200 4198 "https://www.facebook.com/" "Mozilla/5.0 (Windows NT 10.0; Win64; x64) AppleWebKit/537.36 Chrome/148.0.0.0 Safari/537.36"
192.168.1.10 - - [02/Jul/2026:19:09:37 +0200] "GET /wp-includes/js/jquery/jquery.min.js HTTP/1.1" 200 29190 "-" "Mozilla/5.0 (Macintosh; Intel Mac OS X 10_15_7) AppleWebKit/537.36 Chrome/147.0.0.0 Safari/537.36"
192.168.1.22 - - [02/Jul/2026:19:19:01 +0200] "GET /kontakt/ HTTP/1.1" 301 389 "https://www.google.com/" "Mozilla/5.0 (Windows NT 10.0; Win64; x64) AppleWebKit/537.36 Chrome/148.0.0.0 Safari/537.36"
192.168.1.15 - - [02/Jul/2026:19:39:04 +0200] "GET /wp-json/wp/v2/posts HTTP/1.1" 301 235 "https://example-site.hr/" "Mozilla/5.0 (Windows NT 10.0; Win64; x64) AppleWebKit/537.36 Chrome/148.0.0.0 Safari/537.36"
45.33.32.156 - - [02/Jul/2026:20:18:59 +0200] "GET /admin/config.php HTTP/1.1" 403 1908 "-" "Mozilla/5.0 zgrab/0.x"
10.0.0.12 - - [02/Jul/2026:20:53:46 +0200] "GET /wp-includes/js/jquery/jquery.min.js HTTP/1.1" 200 27421 "https://example-site.hr/" "Mozilla/5.0 (Windows NT 10.0; Win64; x64) AppleWebKit/537.36 Chrome/148.0.0.0 Safari/537.36"
10.0.0.12 - - [02/Jul/2026:21:03:07 +0200] "GET /wp-includes/js/jquery/jquery.min.js HTTP/1.1" 200 49108 "https://www.facebook.com/" "Mozilla/5.0 (Windows NT 10.0; Win64; x64) AppleWebKit/537.36 Chrome/148.0.0.0 Safari/537.36"
10.0.0.12 - - [02/Jul/2026:21:13:08 +0200] "GET /wp-includes/js/jquery/jquery.min.js HTTP/1.1" 200 42432 "https://example-site.hr/" "Mozilla/5.0 (Macintosh; Intel Mac OS X 10_15_7) AppleWebKit/537.36 Chrome/147.0.0.0 Safari/537.36"
10.0.0.5 - - [02/Jul/2026:21:13:53 +0200] "POST /wp-comments-post.php HTTP/1.1" 200 47353 "https://www.facebook.com/" "Mozilla/5.0 (Macintosh; Intel Mac OS X 10_15_7) AppleWebKit/537.36 Chrome/147.0.0.0 Safari/537.36"
192.168.1.10 - - [02/Jul/2026:22:11:00 +0200] "POST /wp-comments-post.php HTTP/1.1" 200 1830 "https://www.facebook.com/" "Mozilla/5.0 (Macintosh; Intel Mac OS X 10_15_7) AppleWebKit/537.36 Chrome/147.0.0.0 Safari/537.36"
192.168.1.10 - - [02/Jul/2026:22:12:11 +0200] "POST /wp-comments-post.php HTTP/1.1" 200 14553 "-" "Mozilla/5.0 (Windows NT 10.0; Win64; x64) AppleWebKit/537.36 Chrome/148.0.0.0 Safari/537.36"
192.168.1.22 - - [02/Jul/2026:22:15:45 +0200] "GET /proizvodi/ HTTP/1.1" 200 7683 "https://www.google.com/" "Mozilla/5.0 (Windows NT 10.0; Win64; x64) AppleWebKit/537.36 Chrome/148.0.0.0 Safari/537.36"
192.168.1.15 - - [02/Jul/2026:22:36:10 +0200] "GET /wp-content/uploads/2025/03/product.jpg HTTP/1.1" 304 427 "https://www.google.com/" "Mozilla/5.0 (Macintosh; Intel Mac OS X 10_15_7) AppleWebKit/537.36 Chrome/147.0.0.0 Safari/537.36"
172.16.0.8 - - [02/Jul/2026:22:55:54 +0200] "GET /kontakt/ HTTP/1.1" 200 4201 "https://example-site.hr/" "Mozilla/5.0 (Linux; Android 10; K) AppleWebKit/537.36 Chrome/148.0.0.0 Mobile Safari/537.36"
192.168.1.15 - - [02/Jul/2026:23:02:47 +0200] "GET /wp-includes/js/jquery/jquery.min.js HTTP/1.1" 200 37856 "https://example-site.hr/" "Mozilla/5.0 (Windows NT 10.0; Win64; x64) AppleWebKit/537.36 Chrome/148.0.0.0 Safari/537.36"
192.168.1.10 - - [02/Jul/2026:23:20:33 +0200] "GET /wp-includes/js/jquery/jquery.min.js HTTP/1.1" 200 11250 "https://example-site.hr/" "Mozilla/5.0 (Linux; Android 10; K) AppleWebKit/537.36 Chrome/148.0.0.0 Mobile Safari/537.36"
172.16.0.8 - - [02/Jul/2026:23:41:54 +0200] "GET /wp-json/wp/v2/posts HTTP/1.1" 200 35208 "https://example-site.hr/" "Mozilla/5.0 (Windows NT 10.0; Win64; x64) AppleWebKit/537.36 Chrome/148.0.0.0 Safari/537.36"
192.168.1.15 - - [02/Jul/2026:23:45:32 +0200] "GET /proizvodi/ HTTP/1.1" 302 310 "https://www.facebook.com/" "Mozilla/5.0 (Windows NT 10.0; Win64; x64) AppleWebKit/537.36 Chrome/148.0.0.0 Safari/537.36"
10.0.0.5 - - [02/Jul/2026:23:52:09 +0200] "GET /wp-includes/js/jquery/jquery.min.js HTTP/1.1" 301 348 "https://example-site.hr/" "Mozilla/5.0 (Macintosh; Intel Mac OS X 10_15_7) AppleWebKit/537.36 Chrome/147.0.0.0 Safari/537.36"
192.168.1.15 - - [03/Jul/2026:00:24:23 +0200] "GET /proizvodi/ HTTP/1.1" 404 440 "-" "Mozilla/5.0 (Linux; Android 10; K) AppleWebKit/537.36 Chrome/148.0.0.0 Mobile Safari/537.36"
172.16.0.8 - - [03/Jul/2026:00:36:18 +0200] "GET /wp-content/uploads/2025/03/product.jpg HTTP/1.1" 200 31543 "https://www.google.com/" "Mozilla/5.0 (Windows NT 10.0; Win64; x64) AppleWebKit/537.36 Chrome/148.0.0.0 Safari/537.36"
192.168.1.22 - - [03/Jul/2026:00:39:38 +0200] "GET /wp-includes/js/jquery/jquery.min.js HTTP/1.1" 304 279 "-" "Mozilla/5.0 (Macintosh; Intel Mac OS X 10_15_7) AppleWebKit/537.36 Chrome/147.0.0.0 Safari/537.36"
10.0.0.12 - - [03/Jul/2026:00:57:35 +0200] "GET /kontakt/ HTTP/1.1" 301 101 "https://www.google.com/" "Mozilla/5.0 (Linux; Android 10; K) AppleWebKit/537.36 Chrome/148.0.0.0 Mobile Safari/537.36"
10.0.0.5 - - [03/Jul/2026:01:55:19 +0200] "GET /wp-content/uploads/2025/03/product.jpg HTTP/1.1" 304 109 "https://example-site.hr/" "Mozilla/5.0 (Linux; Android 10; K) AppleWebKit/537.36 Chrome/148.0.0.0 Mobile Safari/537.36"
10.0.0.5 - - [03/Jul/2026:02:06:07 +0200] "GET /wp-content/uploads/2025/03/product.jpg HTTP/1.1" 404 457 "-" "Mozilla/5.0 (Windows NT 10.0; Win64; x64) AppleWebKit/537.36 Chrome/148.0.0.0 Safari/537.36"
192.168.1.15 - - [03/Jul/2026:02:33:24 +0200] "GET /wp-content/uploads/2025/03/product.jpg HTTP/1.1" 200 12225 "https://www.google.com/" "Mozilla/5.0 (Linux; Android 10; K) AppleWebKit/537.36 Chrome/148.0.0.0 Mobile Safari/537.36"
192.168.1.22 - - [03/Jul/2026:03:21:19 +0200] "POST /wp-comments-post.php HTTP/1.1" 200 48142 "https://www.google.com/" "Mozilla/5.0 (Windows NT 10.0; Win64; x64) AppleWebKit/537.36 Chrome/148.0.0.0 Safari/537.36"
91.108.4.100 - - [03/Jul/2026:03:23:00 +0200] "GET /phpmyadmin/ HTTP/1.1" 404 1706 "-" "Mozilla/5.0 (Linux; Android 10; K) AppleWebKit/537.36 Chrome/148.0.0.0 Mobile Safari/537.36"
192.168.1.10 - - [03/Jul/2026:03:32:25 +0200] "GET /proizvodi/ HTTP/1.1" 301 174 "https://www.google.com/" "Mozilla/5.0 (Windows NT 10.0; Win64; x64) AppleWebKit/537.36 Chrome/148.0.0.0 Safari/537.36"
192.168.1.22 - - [03/Jul/2026:04:09:11 +0200] "GET /wp-content/uploads/2025/03/product.jpg HTTP/1.1" 200 28156 "-" "Mozilla/5.0 (Linux; Android 10; K) AppleWebKit/537.36 Chrome/148.0.0.0 Mobile Safari/537.36"
192.168.1.10 - - [03/Jul/2026:04:16:13 +0200] "GET /o-nama/ HTTP/1.1" 304 195 "-" "Mozilla/5.0 (Windows NT 10.0; Win64; x64) AppleWebKit/537.36 Chrome/148.0.0.0 Safari/537.36"
172.16.0.8 - - [03/Jul/2026:04:16:37 +0200] "GET /proizvodi/ HTTP/1.1" 200 43875 "https://example-site.hr/" "Mozilla/5.0 (Windows NT 10.0; Win64; x64) AppleWebKit/537.36 Chrome/148.0.0.0 Safari/537.36"
192.168.1.15 - - [03/Jul/2026:04:46:34 +0200] "POST /wp-comments-post.php HTTP/1.1" 200 19876 "https://example-site.hr/" "Mozilla/5.0 (Windows NT 10.0; Win64; x64) AppleWebKit/537.36 Chrome/148.0.0.0 Safari/537.36"
10.0.0.5 - - [03/Jul/2026:05:06:21 +0200] "GET /wp-json/wp/v2/posts HTTP/1.1" 304 200 "https://www.facebook.com/" "Mozilla/5.0 (Macintosh; Intel Mac OS X 10_15_7) AppleWebKit/537.36 Chrome/147.0.0.0 Safari/537.36"
192.168.1.15 - - [03/Jul/2026:05:06:55 +0200] "GET /o-nama/ HTTP/1.1" 301 320 "https://www.facebook.com/" "Mozilla/5.0 (Macintosh; Intel Mac OS X 10_15_7) AppleWebKit/537.36 Chrome/147.0.0.0 Safari/537.36"
192.168.1.10 - - [03/Jul/2026:05:19:35 +0200] "GET /kontakt/ HTTP/1.1" 200 20802 "https://www.facebook.com/" "Mozilla/5.0 (Macintosh; Intel Mac OS X 10_15_7) AppleWebKit/537.36 Chrome/147.0.0.0 Safari/537.36"
192.168.1.22 - - [03/Jul/2026:05:33:16 +0200] "GET /o-nama/ HTTP/1.1" 301 478 "-" "Mozilla/5.0 (Windows NT 10.0; Win64; x64) AppleWebKit/537.36 Chrome/148.0.0.0 Safari/537.36"
172.16.0.8 - - [03/Jul/2026:06:00:30 +0200] "GET /o-nama/ HTTP/1.1" 200 1939 "https://www.google.com/" "Mozilla/5.0 (Linux; Android 10; K) AppleWebKit/537.36 Chrome/148.0.0.0 Mobile Safari/537.36"
10.0.0.12 - - [03/Jul/2026:06:08:39 +0200] "GET /wp-content/uploads/2025/03/product.jpg HTTP/1.1" 404 131 "https://www.facebook.com/" "Mozilla/5.0 (Macintosh; Intel Mac OS X 10_15_7) AppleWebKit/537.36 Chrome/147.0.0.0 Safari/537.36"
91.108.4.100 - - [03/Jul/2026:06:15:11 +0200] "POST /wp-login.php HTTP/1.1" 403 596 "-" "-"
192.168.1.15 - - [03/Jul/2026:06:16:04 +0200] "GET /index.php HTTP/1.1" 200 41826 "https://example-site.hr/" "Mozilla/5.0 (Linux; Android 10; K) AppleWebKit/537.36 Chrome/148.0.0.0 Mobile Safari/537.36"
10.0.0.5 - - [03/Jul/2026:06:17:21 +0200] "GET /wp-includes/js/jquery/jquery.min.js HTTP/1.1" 200 14345 "-" "Mozilla/5.0 (Macintosh; Intel Mac OS X 10_15_7) AppleWebKit/537.36 Chrome/147.0.0.0 Safari/537.36"
192.168.1.15 - - [03/Jul/2026:06:28:19 +0200] "GET /kontakt/ HTTP/1.1" 304 160 "https://www.facebook.com/" "Mozilla/5.0 (Windows NT 10.0; Win64; x64) AppleWebKit/537.36 Chrome/148.0.0.0 Safari/537.36"
10.0.0.5 - - [03/Jul/2026:06:38:14 +0200] "GET /wp-json/wp/v2/posts HTTP/1.1" 200 1132 "https://www.facebook.com/" "Mozilla/5.0 (Linux; Android 10; K) AppleWebKit/537.36 Chrome/148.0.0.0 Mobile Safari/537.36"
10.0.0.5 - - [03/Jul/2026:06:55:44 +0200] "GET /o-nama/ HTTP/1.1" 200 14277 "https://example-site.hr/" "Mozilla/5.0 (Windows NT 10.0; Win64; x64) AppleWebKit/537.36 Chrome/148.0.0.0 Safari/537.36"
10.0.0.5 - - [03/Jul/2026:07:01:47 +0200] "GET /wp-content/uploads/2025/03/product.jpg HTTP/1.1" 200 14966 "https://www.facebook.com/" "Mozilla/5.0 (Linux; Android 10; K) AppleWebKit/537.36 Chrome/148.0.0.0 Mobile Safari/537.36"
10.0.0.5 - - [03/Jul/2026:07:19:35 +0200] "GET /wp-json/wp/v2/posts HTTP/1.1" 200 43558 "-" "Mozilla/5.0 (Windows NT 10.0; Win64; x64) AppleWebKit/537.36 Chrome/148.0.0.0 Safari/537.36"
10.0.0.5 - - [03/Jul/2026:07:44:24 +0200] "GET /kontakt/ HTTP/1.1" 200 37867 "https://www.facebook.com/" "Mozilla/5.0 (Linux; Android 10; K) AppleWebKit/537.36 Chrome/148.0.0.0 Mobile Safari/537.36"
10.0.0.12 - - [03/Jul/2026:07:46:53 +0200] "POST /wp-comments-post.php HTTP/1.1" 200 35507 "-" "Mozilla/5.0 (Linux; Android 10; K) AppleWebKit/537.36 Chrome/148.0.0.0 Mobile Safari/537.36"
185.220.101.45 - - [03/Jul/2026:08:43:27 +0200] "GET /.env HTTP/1.1" 403 594 "-" "python-requests/2.28.0"
192.168.1.10 - - [03/Jul/2026:10:15:58 +0200] "GET /kontakt/ HTTP/1.1" 200 17021 "https://www.facebook.com/" "Mozilla/5.0 (Windows NT 10.0; Win64; x64) AppleWebKit/537.36 Chrome/148.0.0.0 Safari/537.36"
172.16.0.8 - - [03/Jul/2026:10:45:32 +0200] "GET /o-nama/ HTTP/1.1" 200 19858 "https://www.facebook.com/" "Mozilla/5.0 (Windows NT 10.0; Win64; x64) AppleWebKit/537.36 Chrome/148.0.0.0 Safari/537.36"
10.0.0.12 - - [03/Jul/2026:11:27:23 +0200] "GET /wp-json/wp/v2/posts HTTP/1.1" 200 18539 "-" "Mozilla/5.0 (Macintosh; Intel Mac OS X 10_15_7) AppleWebKit/537.36 Chrome/147.0.0.0 Safari/537.36"
10.0.0.12 - - [03/Jul/2026:12:04:51 +0200] "GET /o-nama/ HTTP/1.1" 200 8089 "https://example-site.hr/" "Mozilla/5.0 (Linux; Android 10; K) AppleWebKit/537.36 Chrome/148.0.0.0 Mobile Safari/537.36"
10.0.0.5 - - [03/Jul/2026:12:14:04 +0200] "GET /wp-json/wp/v2/posts HTTP/1.1" 200 49391 "https://www.facebook.com/" "Mozilla/5.0 (Windows NT 10.0; Win64; x64) AppleWebKit/537.36 Chrome/148.0.0.0 Safari/537.36"
192.168.1.22 - - [03/Jul/2026:12:50:36 +0200] "GET /wp-includes/js/jquery/jquery.min.js HTTP/1.1" 200 22437 "https://www.google.com/" "Mozilla/5.0 (Windows NT 10.0; Win64; x64) AppleWebKit/537.36 Chrome/148.0.0.0 Safari/537.36"
10.0.0.5 - - [03/Jul/2026:13:07:56 +0200] "GET /kontakt/ HTTP/1.1" 200 46083 "https://www.facebook.com/" "Mozilla/5.0 (Linux; Android 10; K) AppleWebKit/537.36 Chrome/148.0.0.0 Mobile Safari/537.36"
172.16.0.8 - - [03/Jul/2026:13:10:07 +0200] "GET /index.php HTTP/1.1" 200 966 "https://www.facebook.com/" "Mozilla/5.0 (Macintosh; Intel Mac OS X 10_15_7) AppleWebKit/537.36 Chrome/147.0.0.0 Safari/537.36"
192.168.1.22 - - [03/Jul/2026:13:17:43 +0200] "GET /wp-json/wp/v2/posts HTTP/1.1" 200 36012 "https://www.facebook.com/" "Mozilla/5.0 (Macintosh; Intel Mac OS X 10_15_7) AppleWebKit/537.36 Chrome/147.0.0.0 Safari/537.36"
192.168.1.22 - - [03/Jul/2026:14:31:12 +0200] "GET /proizvodi/ HTTP/1.1" 200 26697 "https://www.google.com/" "Mozilla/5.0 (Macintosh; Intel Mac OS X 10_15_7) AppleWebKit/537.36 Chrome/147.0.0.0 Safari/537.36"
10.0.0.5 - - [03/Jul/2026:14:41:40 +0200] "GET /o-nama/ HTTP/1.1" 200 28643 "https://www.google.com/" "Mozilla/5.0 (Macintosh; Intel Mac OS X 10_15_7) AppleWebKit/537.36 Chrome/147.0.0.0 Safari/537.36"
10.0.0.5 - - [03/Jul/2026:15:10:22 +0200] "POST /wp-comments-post.php HTTP/1.1" 200 11847 "https://example-site.hr/" "Mozilla/5.0 (Linux; Android 10; K) AppleWebKit/537.36 Chrome/148.0.0.0 Mobile Safari/537.36"
10.0.0.5 - - [03/Jul/2026:15:18:41 +0200] "POST /wp-comments-post.php HTTP/1.1" 301 179 "https://www.google.com/" "Mozilla/5.0 (Windows NT 10.0; Win64; x64) AppleWebKit/537.36 Chrome/148.0.0.0 Safari/537.36"
192.168.1.22 - - [03/Jul/2026:15:36:14 +0200] "GET /wp-content/uploads/2025/03/product.jpg HTTP/1.1" 200 26975 "-" "Mozilla/5.0 (Linux; Android 10; K) AppleWebKit/537.36 Chrome/148.0.0.0 Mobile Safari/537.36"
192.168.1.15 - - [03/Jul/2026:15:40:25 +0200] "GET /wp-includes/js/jquery/jquery.min.js HTTP/1.1" 200 34287 "https://www.facebook.com/" "Mozilla/5.0 (Windows NT 10.0; Win64; x64) AppleWebKit/537.36 Chrome/148.0.0.0 Safari/537.36"
194.165.16.78 - - [03/Jul/2026:15:43:39 +0200] "GET /.env HTTP/1.1" 404 2755 "-" "Mozilla/5.0 (Macintosh; Intel Mac OS X 10_15_7) AppleWebKit/537.36 Chrome/147.0.0.0 Safari/537.36"
192.168.1.15 - - [03/Jul/2026:16:18:27 +0200] "GET /proizvodi/ HTTP/1.1" 200 3802 "https://example-site.hr/" "Mozilla/5.0 (Windows NT 10.0; Win64; x64) AppleWebKit/537.36 Chrome/148.0.0.0 Safari/537.36"
45.33.32.156 - - [03/Jul/2026:16:59:01 +0200] "GET /config.php HTTP/1.1" 403 2514 "-" "Mozilla/5.0 (Linux; Android 10; K) AppleWebKit/537.36 Chrome/148.0.0.0 Mobile Safari/537.36"
10.0.0.5 - - [03/Jul/2026:17:06:45 +0200] "GET /kontakt/ HTTP/1.1" 200 29850 "https://example-site.hr/" "Mozilla/5.0 (Windows NT 10.0; Win64; x64) AppleWebKit/537.36 Chrome/148.0.0.0 Safari/537.36"
192.168.1.10 - - [03/Jul/2026:17:47:11 +0200] "GET /wp-includes/js/jquery/jquery.min.js HTTP/1.1" 304 229 "https://example-site.hr/" "Mozilla/5.0 (Macintosh; Intel Mac OS X 10_15_7) AppleWebKit/537.36 Chrome/147.0.0.0 Safari/537.36"
192.168.1.15 - - [03/Jul/2026:18:08:09 +0200] "GET /wp-content/uploads/2025/03/product.jpg HTTP/1.1" 200 15193 "https://www.facebook.com/" "Mozilla/5.0 (Linux; Android 10; K) AppleWebKit/537.36 Chrome/148.0.0.0 Mobile Safari/537.36"
192.168.1.22 - - [03/Jul/2026:18:23:06 +0200] "GET /proizvodi/ HTTP/1.1" 301 361 "https://www.facebook.com/" "Mozilla/5.0 (Windows NT 10.0; Win64; x64) AppleWebKit/537.36 Chrome/148.0.0.0 Safari/537.36"
192.168.1.10 - - [03/Jul/2026:18:32:38 +0200] "GET /proizvodi/ HTTP/1.1" 302 333 "https://www.google.com/" "Mozilla/5.0 (Linux; Android 10; K) AppleWebKit/537.36 Chrome/148.0.0.0 Mobile Safari/537.36"
172.16.0.8 - - [03/Jul/2026:19:24:15 +0200] "POST /wp-comments-post.php HTTP/1.1" 200 13477 "https://example-site.hr/" "Mozilla/5.0 (Macintosh; Intel Mac OS X 10_15_7) AppleWebKit/537.36 Chrome/147.0.0.0 Safari/537.36"
91.108.4.100 - - [03/Jul/2026:19:33:12 +0200] "GET /shell.php HTTP/1.1" 403 1635 "-" "Mozilla/5.0 (Macintosh; Intel Mac OS X 10_15_7) AppleWebKit/537.36 Chrome/147.0.0.0 Safari/537.36"
192.168.1.10 - - [03/Jul/2026:19:34:37 +0200] "GET /wp-json/wp/v2/posts HTTP/1.1" 304 222 "-" "Mozilla/5.0 (Macintosh; Intel Mac OS X 10_15_7) AppleWebKit/537.36 Chrome/147.0.0.0 Safari/537.36"
172.16.0.8 - - [03/Jul/2026:20:05:59 +0200] "GET /index.php HTTP/1.1" 301 204 "https://example-site.hr/" "Mozilla/5.0 (Macintosh; Intel Mac OS X 10_15_7) AppleWebKit/537.36 Chrome/147.0.0.0 Safari/537.36"
192.168.1.22 - - [03/Jul/2026:20:33:03 +0200] "GET /kontakt/ HTTP/1.1" 200 3595 "https://www.google.com/" "Mozilla/5.0 (Linux; Android 10; K) AppleWebKit/537.36 Chrome/148.0.0.0 Mobile Safari/537.36"
172.16.0.8 - - [03/Jul/2026:20:45:37 +0200] "GET /o-nama/ HTTP/1.1" 301 495 "-" "Mozilla/5.0 (Linux; Android 10; K) AppleWebKit/537.36 Chrome/148.0.0.0 Mobile Safari/537.36"
192.168.1.22 - - [03/Jul/2026:20:54:10 +0200] "GET /wp-content/uploads/2025/03/product.jpg HTTP/1.1" 302 144 "https://example-site.hr/" "Mozilla/5.0 (Windows NT 10.0; Win64; x64) AppleWebKit/537.36 Chrome/148.0.0.0 Safari/537.36"
192.168.1.22 - - [03/Jul/2026:21:30:01 +0200] "GET /wp-json/wp/v2/posts HTTP/1.1" 200 44037 "https://example-site.hr/" "Mozilla/5.0 (Macintosh; Intel Mac OS X 10_15_7) AppleWebKit/537.36 Chrome/147.0.0.0 Safari/537.36"
10.0.0.12 - - [03/Jul/2026:21:33:49 +0200] "GET /wp-includes/js/jquery/jquery.min.js HTTP/1.1" 200 5422 "https://www.facebook.com/" "Mozilla/5.0 (Windows NT 10.0; Win64; x64) AppleWebKit/537.36 Chrome/148.0.0.0 Safari/537.36"
10.0.0.12 - - [03/Jul/2026:22:04:51 +0200] "GET /o-nama/ HTTP/1.1" 200 10018 "https://www.google.com/" "Mozilla/5.0 (Windows NT 10.0; Win64; x64) AppleWebKit/537.36 Chrome/148.0.0.0 Safari/537.36"
10.0.0.5 - - [03/Jul/2026:22:23:43 +0200] "GET /o-nama/ HTTP/1.1" 301 475 "https://www.facebook.com/" "Mozilla/5.0 (Linux; Android 10; K) AppleWebKit/537.36 Chrome/148.0.0.0 Mobile Safari/537.36"
192.168.1.10 - - [03/Jul/2026:22:55:08 +0200] "POST /wp-comments-post.php HTTP/1.1" 304 238 "https://example-site.hr/" "Mozilla/5.0 (Windows NT 10.0; Win64; x64) AppleWebKit/537.36 Chrome/148.0.0.0 Safari/537.36"
192.168.1.22 - - [03/Jul/2026:23:38:13 +0200] "GET /o-nama/ HTTP/1.1" 200 2254 "https://www.google.com/" "Mozilla/5.0 (Linux; Android 10; K) AppleWebKit/537.36 Chrome/148.0.0.0 Mobile Safari/537.36"
192.168.1.22 - - [03/Jul/2026:23:47:36 +0200] "GET /wp-content/uploads/2025/03/product.jpg HTTP/1.1" 200 34363 "https://www.facebook.com/" "Mozilla/5.0 (Linux; Android 10; K) AppleWebKit/537.36 Chrome/148.0.0.0 Mobile Safari/537.36"
192.168.1.22 - - [03/Jul/2026:23:55:02 +0200] "POST /wp-comments-post.php HTTP/1.1" 200 24160 "-" "Mozilla/5.0 (Linux; Android 10; K) AppleWebKit/537.36 Chrome/148.0.0.0 Mobile Safari/537.36"
10.0.0.12 - - [04/Jul/2026:00:00:58 +0200] "GET /kontakt/ HTTP/1.1" 200 47952 "-" "Mozilla/5.0 (Linux; Android 10; K) AppleWebKit/537.36 Chrome/148.0.0.0 Mobile Safari/537.36"
45.33.32.156 - - [04/Jul/2026:00:20:20 +0200] "POST /xmlrpc.php HTTP/1.1" 403 1398 "-" "Mozilla/5.0 (Macintosh; Intel Mac OS X 10_15_7) AppleWebKit/537.36 Chrome/147.0.0.0 Safari/537.36"
192.168.1.22 - - [04/Jul/2026:00:32:08 +0200] "GET /index.php HTTP/1.1" 200 25991 "https://www.google.com/" "Mozilla/5.0 (Linux; Android 10; K) AppleWebKit/537.36 Chrome/148.0.0.0 Mobile Safari/537.36"
192.168.1.15 - - [04/Jul/2026:00:35:17 +0200] "GET /wp-content/uploads/2025/03/product.jpg HTTP/1.1" 304 489 "https://www.google.com/" "Mozilla/5.0 (Macintosh; Intel Mac OS X 10_15_7) AppleWebKit/537.36 Chrome/147.0.0.0 Safari/537.36"
192.168.1.10 - - [04/Jul/2026:01:03:22 +0200] "GET /index.php HTTP/1.1" 304 217 "https://example-site.hr/" "Mozilla/5.0 (Macintosh; Intel Mac OS X 10_15_7) AppleWebKit/537.36 Chrome/147.0.0.0 Safari/537.36"
10.0.0.5 - - [04/Jul/2026:01:30:58 +0200] "GET /wp-includes/js/jquery/jquery.min.js HTTP/1.1" 200 44045 "-" "Mozilla/5.0 (Macintosh; Intel Mac OS X 10_15_7) AppleWebKit/537.36 Chrome/147.0.0.0 Safari/537.36"
192.168.1.10 - - [04/Jul/2026:02:12:18 +0200] "GET /proizvodi/ HTTP/1.1" 200 1519 "https://www.google.com/" "Mozilla/5.0 (Linux; Android 10; K) AppleWebKit/537.36 Chrome/148.0.0.0 Mobile Safari/537.36"
10.0.0.5 - - [04/Jul/2026:02:28:02 +0200] "POST /wp-comments-post.php HTTP/1.1" 200 36875 "https://www.google.com/" "Mozilla/5.0 (Windows NT 10.0; Win64; x64) AppleWebKit/537.36 Chrome/148.0.0.0 Safari/537.36"
192.168.1.10 - - [04/Jul/2026:03:10:27 +0200] "GET /wp-content/uploads/2025/03/product.jpg HTTP/1.1" 200 34027 "https://www.google.com/" "Mozilla/5.0 (Windows NT 10.0; Win64; x64) AppleWebKit/537.36 Chrome/148.0.0.0 Safari/537.36"
192.168.1.22 - - [04/Jul/2026:03:15:17 +0200] "GET /kontakt/ HTTP/1.1" 302 110 "-" "Mozilla/5.0 (Macintosh; Intel Mac OS X 10_15_7) AppleWebKit/537.36 Chrome/147.0.0.0 Safari/537.36"
10.0.0.5 - - [04/Jul/2026:04:04:48 +0200] "GET /index.php HTTP/1.1" 200 34742 "https://www.facebook.com/" "Mozilla/5.0 (Windows NT 10.0; Win64; x64) AppleWebKit/537.36 Chrome/148.0.0.0 Safari/537.36"
192.168.1.22 - - [04/Jul/2026:04:22:25 +0200] "GET /wp-content/uploads/2025/03/product.jpg HTTP/1.1" 404 195 "https://www.google.com/" "Mozilla/5.0 (Linux; Android 10; K) AppleWebKit/537.36 Chrome/148.0.0.0 Mobile Safari/537.36"
10.0.0.5 - - [04/Jul/2026:04:41:20 +0200] "GET /wp-json/wp/v2/posts HTTP/1.1" 200 47206 "https://example-site.hr/" "Mozilla/5.0 (Linux; Android 10; K) AppleWebKit/537.36 Chrome/148.0.0.0 Mobile Safari/537.36"
192.168.1.10 - - [04/Jul/2026:04:47:44 +0200] "GET /wp-includes/js/jquery/jquery.min.js HTTP/1.1" 200 44492 "https://www.facebook.com/" "Mozilla/5.0 (Linux; Android 10; K) AppleWebKit/537.36 Chrome/148.0.0.0 Mobile Safari/537.36"
192.168.1.22 - - [04/Jul/2026:04:50:33 +0200] "GET /wp-includes/js/jquery/jquery.min.js HTTP/1.1" 200 21396 "https://www.facebook.com/" "Mozilla/5.0 (Linux; Android 10; K) AppleWebKit/537.36 Chrome/148.0.0.0 Mobile Safari/537.36"
192.168.1.22 - - [04/Jul/2026:04:50:51 +0200] "GET /kontakt/ HTTP/1.1" 200 40872 "https://example-site.hr/" "Mozilla/5.0 (Macintosh; Intel Mac OS X 10_15_7) AppleWebKit/537.36 Chrome/147.0.0.0 Safari/537.36"
192.168.1.15 - - [04/Jul/2026:04:57:53 +0200] "GET /wp-includes/js/jquery/jquery.min.js HTTP/1.1" 304 365 "https://www.facebook.com/" "Mozilla/5.0 (Macintosh; Intel Mac OS X 10_15_7) AppleWebKit/537.36 Chrome/147.0.0.0 Safari/537.36"
192.168.1.15 - - [04/Jul/2026:04:57:57 +0200] "POST /wp-comments-post.php HTTP/1.1" 404 314 "https://www.facebook.com/" "Mozilla/5.0 (Macintosh; Intel Mac OS X 10_15_7) AppleWebKit/537.36 Chrome/147.0.0.0 Safari/537.36"
192.168.1.15 - - [04/Jul/2026:05:01:41 +0200] "GET /wp-json/wp/v2/posts HTTP/1.1" 302 248 "-" "Mozilla/5.0 (Windows NT 10.0; Win64; x64) AppleWebKit/537.36 Chrome/148.0.0.0 Safari/537.36"
10.0.0.5 - - [04/Jul/2026:05:04:54 +0200] "GET /index.php HTTP/1.1" 200 13257 "https://www.facebook.com/" "Mozilla/5.0 (Windows NT 10.0; Win64; x64) AppleWebKit/537.36 Chrome/148.0.0.0 Safari/537.36"
172.16.0.8 - - [04/Jul/2026:05:38:26 +0200] "GET /wp-json/wp/v2/posts HTTP/1.1" 200 49493 "-" "Mozilla/5.0 (Linux; Android 10; K) AppleWebKit/537.36 Chrome/148.0.0.0 Mobile Safari/537.36"
172.16.0.8 - - [04/Jul/2026:05:39:33 +0200] "GET /proizvodi/ HTTP/1.1" 200 28514 "-" "Mozilla/5.0 (Linux; Android 10; K) AppleWebKit/537.36 Chrome/148.0.0.0 Mobile Safari/537.36"
10.0.0.5 - - [04/Jul/2026:06:51:22 +0200] "GET /wp-json/wp/v2/posts HTTP/1.1" 302 490 "https://www.google.com/" "Mozilla/5.0 (Windows NT 10.0; Win64; x64) AppleWebKit/537.36 Chrome/148.0.0.0 Safari/537.36"
