71.6.135.131 - - [07/Jul/2026:02:17:21 +0200] "GET /phpmyadmin/ HTTP/1.1" 403 122 "-" "sqlmap/1.7.8"
198.20.69.98 - - [07/Jul/2026:02:17:24 +0200] "GET /xmlrpc.php HTTP/1.1" 500 290 "-" "Nikto/2.1.6"
66.240.236.119 - - [07/Jul/2026:02:17:27 +0200] "GET /.env HTTP/1.1" 404 1107 "-" "python-requests/2.28.0"
198.20.69.98 - - [07/Jul/2026:02:17:30 +0200] "GET /xmlrpc.php HTTP/1.1" 404 1449 "-" "sqlmap/1.7.8"
71.6.135.131 - - [07/Jul/2026:02:17:33 +0200] "POST /wp-login.php HTTP/1.1" 500 1422 "-" "-"
198.20.69.98 - - [07/Jul/2026:02:17:36 +0200] "GET /wp-config.php.bak HTTP/1.1" 404 1355 "-" "python-requests/2.28.0"
66.240.236.119 - - [07/Jul/2026:02:17:39 +0200] "GET /?s=../../../../etc/passwd%00 HTTP/1.1" 404 1395 "-" "python-requests/2.28.0"
66.240.236.119 - - [07/Jul/2026:02:17:42 +0200] "GET /wp-config.php.bak HTTP/1.1" 404 460 "-" "Nikto/2.1.6"
71.6.135.131 - - [07/Jul/2026:02:17:45 +0200] "GET /index.php?id=1' OR '1'='1 HTTP/1.1" 403 1137 "-" "Mozilla/5.0 zgrab/0.x"
66.240.236.119 - - [07/Jul/2026:02:17:48 +0200] "GET /.env HTTP/1.1" 403 175 "-" "Nikto/2.1.6"
66.240.236.119 - - [07/Jul/2026:02:17:51 +0200] "GET /search?q=<script>alert(1)</script> HTTP/1.1" 404 970 "-" "python-requests/2.28.0"
66.240.236.119 - - [07/Jul/2026:02:17:54 +0200] "GET /phpmyadmin/ HTTP/1.1" 403 1342 "-" "Mozilla/5.0 zgrab/0.x"
198.20.69.98 - - [07/Jul/2026:02:17:57 +0200] "GET /phpmyadmin/ HTTP/1.1" 403 1792 "-" "Nikto/2.1.6"
192.168.1.22 - - [07/Jul/2026:02:22:36 +0200] "GET /o-nama/ HTTP/1.1" 301 483 "-" "Mozilla/5.0 (Macintosh; Intel Mac OS X 10_15_7) AppleWebKit/537.36 Chrome/147.0.0.0 Safari/537.36"
192.168.1.10 - - [07/Jul/2026:03:01:46 +0200] "GET /proizvodi/ HTTP/1.1" 301 493 "https://www.facebook.com/" "Mozilla/5.0 (Windows NT 10.0; Win64; x64) AppleWebKit/537.36 Chrome/148.0.0.0 Safari/537.36"
172.16.0.8 - - [07/Jul/2026:03:10:08 +0200] "GET /wp-includes/js/jquery/jquery.min.js HTTP/1.1" 200 38630 "-" "Mozilla/5.0 (Linux; Android 10; K) AppleWebKit/537.36 Chrome/148.0.0.0 Mobile Safari/537.36"
192.168.1.15 - - [07/Jul/2026:03:40:29 +0200] "GET /wp-json/wp/v2/posts HTTP/1.1" 200 13259 "-" "Mozilla/5.0 (Macintosh; Intel Mac OS X 10_15_7) AppleWebKit/537.36 Chrome/147.0.0.0 Safari/537.36"
192.168.1.22 - - [07/Jul/2026:03:45:33 +0200] "GET /proizvodi/ HTTP/1.1" 200 17212 "https://www.facebook.com/" "Mozilla/5.0 (Windows NT 10.0; Win64; x64) AppleWebKit/537.36 Chrome/148.0.0.0 Safari/537.36"
192.168.1.10 - - [07/Jul/2026:04:51:23 +0200] "GET /kontakt/ HTTP/1.1" 200 32803 "-" "Mozilla/5.0 (Macintosh; Intel Mac OS X 10_15_7) AppleWebKit/537.36 Chrome/147.0.0.0 Safari/537.36"
192.168.1.15 - - [07/Jul/2026:05:26:33 +0200] "GET /wp-content/uploads/2025/03/product.jpg HTTP/1.1" 200 40841 "https://example-site.hr/" "Mozilla/5.0 (Windows NT 10.0; Win64; x64) AppleWebKit/537.36 Chrome/148.0.0.0 Safari/537.36"
10.0.0.12 - - [07/Jul/2026:05:48:53 +0200] "GET /kontakt/ HTTP/1.1" 301 331 "https://www.facebook.com/" "Mozilla/5.0 (Macintosh; Intel Mac OS X 10_15_7) AppleWebKit/537.36 Chrome/147.0.0.0 Safari/537.36"
10.0.0.5 - - [07/Jul/2026:05:56:40 +0200] "GET /o-nama/ HTTP/1.1" 200 27073 "-" "Mozilla/5.0 (Linux; Android 10; K) AppleWebKit/537.36 Chrome/148.0.0.0 Mobile Safari/537.36"
10.0.0.12 - - [07/Jul/2026:06:07:56 +0200] "GET /kontakt/ HTTP/1.1" 200 24867 "-" "Mozilla/5.0 (Windows NT 10.0; Win64; x64) AppleWebKit/537.36 Chrome/148.0.0.0 Safari/537.36"
192.168.1.22 - - [07/Jul/2026:06:14:38 +0200] "POST /wp-comments-post.php HTTP/1.1" 200 36061 "-" "Mozilla/5.0 (Windows NT 10.0; Win64; x64) AppleWebKit/537.36 Chrome/148.0.0.0 Safari/537.36"
192.168.1.15 - - [07/Jul/2026:06:16:20 +0200] "GET /wp-includes/js/jquery/jquery.min.js HTTP/1.1" 304 229 "https://www.google.com/" "Mozilla/5.0 (Windows NT 10.0; Win64; x64) AppleWebKit/537.36 Chrome/148.0.0.0 Safari/537.36"
192.168.1.10 - - [07/Jul/2026:06:32:57 +0200] "GET /index.php HTTP/1.1" 304 247 "https://www.google.com/" "Mozilla/5.0 (Linux; Android 10; K) AppleWebKit/537.36 Chrome/148.0.0.0 Mobile Safari/537.36"
10.0.0.12 - - [07/Jul/2026:06:48:17 +0200] "GET /proizvodi/ HTTP/1.1" 304 222 "https://example-site.hr/" "Mozilla/5.0 (Windows NT 10.0; Win64; x64) AppleWebKit/537.36 Chrome/148.0.0.0 Safari/537.36"
10.0.0.5 - - [07/Jul/2026:08:44:35 +0200] "GET /proizvodi/ HTTP/1.1" 301 251 "https://example-site.hr/" "Mozilla/5.0 (Linux; Android 10; K) AppleWebKit/537.36 Chrome/148.0.0.0 Mobile Safari/537.36"
10.0.0.12 - - [07/Jul/2026:09:08:12 +0200] "GET /wp-includes/js/jquery/jquery.min.js HTTP/1.1" 200 42281 "https://www.google.com/" "Mozilla/5.0 (Macintosh; Intel Mac OS X 10_15_7) AppleWebKit/537.36 Chrome/147.0.0.0 Safari/537.36"
192.168.1.22 - - [07/Jul/2026:09:22:30 +0200] "GET /wp-includes/js/jquery/jquery.min.js HTTP/1.1" 200 30949 "-" "Mozilla/5.0 (Linux; Android 10; K) AppleWebKit/537.36 Chrome/148.0.0.0 Mobile Safari/537.36"
192.168.1.22 - - [07/Jul/2026:09:36:20 +0200] "POST /wp-comments-post.php HTTP/1.1" 200 36764 "-" "Mozilla/5.0 (Linux; Android 10; K) AppleWebKit/537.36 Chrome/148.0.0.0 Mobile Safari/537.36"
172.16.0.8 - - [07/Jul/2026:10:50:27 +0200] "GET /proizvodi/ HTTP/1.1" 200 41502 "https://example-site.hr/" "Mozilla/5.0 (Macintosh; Intel Mac OS X 10_15_7) AppleWebKit/537.36 Chrome/147.0.0.0 Safari/537.36"
192.168.1.22 - - [07/Jul/2026:11:44:49 +0200] "GET /o-nama/ HTTP/1.1" 404 221 "https://www.google.com/" "Mozilla/5.0 (Linux; Android 10; K) AppleWebKit/537.36 Chrome/148.0.0.0 Mobile Safari/537.36"
192.168.1.22 - - [07/Jul/2026:12:14:55 +0200] "GET /wp-content/uploads/2025/03/product.jpg HTTP/1.1" 200 29771 "https://example-site.hr/" "Mozilla/5.0 (Macintosh; Intel Mac OS X 10_15_7) AppleWebKit/537.36 Chrome/147.0.0.0 Safari/537.36"
192.168.1.15 - - [07/Jul/2026:12:26:46 +0200] "GET /wp-json/wp/v2/posts HTTP/1.1" 301 222 "https://www.google.com/" "Mozilla/5.0 (Windows NT 10.0; Win64; x64) AppleWebKit/537.36 Chrome/148.0.0.0 Safari/537.36"
10.0.0.12 - - [07/Jul/2026:12:28:53 +0200] "GET /wp-json/wp/v2/posts HTTP/1.1" 200 48053 "https://example-site.hr/" "Mozilla/5.0 (Windows NT 10.0; Win64; x64) AppleWebKit/537.36 Chrome/148.0.0.0 Safari/537.36"
192.168.1.22 - - [07/Jul/2026:12:51:45 +0200] "GET /kontakt/ HTTP/1.1" 304 350 "https://www.facebook.com/" "Mozilla/5.0 (Macintosh; Intel Mac OS X 10_15_7) AppleWebKit/537.36 Chrome/147.0.0.0 Safari/537.36"
10.0.0.5 - - [07/Jul/2026:13:17:27 +0200] "GET /wp-includes/js/jquery/jquery.min.js HTTP/1.1" 200 2464 "https://example-site.hr/" "Mozilla/5.0 (Windows NT 10.0; Win64; x64) AppleWebKit/537.36 Chrome/148.0.0.0 Safari/537.36"
10.0.0.12 - - [07/Jul/2026:13:36:54 +0200] "GET /wp-includes/js/jquery/jquery.min.js HTTP/1.1" 301 196 "https://www.facebook.com/" "Mozilla/5.0 (Windows NT 10.0; Win64; x64) AppleWebKit/537.36 Chrome/148.0.0.0 Safari/537.36"
172.16.0.8 - - [07/Jul/2026:14:47:56 +0200] "GET /wp-content/uploads/2025/03/product.jpg HTTP/1.1" 200 39945 "https://example-site.hr/" "Mozilla/5.0 (Macintosh; Intel Mac OS X 10_15_7) AppleWebKit/537.36 Chrome/147.0.0.0 Safari/537.36"
45.33.32.156 - - [07/Jul/2026:15:23:37 +0200] "GET /wp-admin/ HTTP/1.1" 403 2401 "-" "sqlmap/1.7.8"
192.168.1.15 - - [07/Jul/2026:15:36:50 +0200] "GET /o-nama/ HTTP/1.1" 200 34836 "https://www.facebook.com/" "Mozilla/5.0 (Linux; Android 10; K) AppleWebKit/537.36 Chrome/148.0.0.0 Mobile Safari/537.36"
192.168.1.10 - - [07/Jul/2026:16:04:04 +0200] "GET /wp-json/wp/v2/posts HTTP/1.1" 200 4200 "https://www.google.com/" "Mozilla/5.0 (Macintosh; Intel Mac OS X 10_15_7) AppleWebKit/537.36 Chrome/147.0.0.0 Safari/537.36"
192.168.1.15 - - [07/Jul/2026:16:08:45 +0200] "GET /o-nama/ HTTP/1.1" 302 379 "https://www.facebook.com/" "Mozilla/5.0 (Macintosh; Intel Mac OS X 10_15_7) AppleWebKit/537.36 Chrome/147.0.0.0 Safari/537.36"
10.0.0.12 - - [07/Jul/2026:16:11:13 +0200] "GET /wp-includes/js/jquery/jquery.min.js HTTP/1.1" 200 5021 "https://example-site.hr/" "Mozilla/5.0 (Windows NT 10.0; Win64; x64) AppleWebKit/537.36 Chrome/148.0.0.0 Safari/537.36"
192.168.1.15 - - [07/Jul/2026:16:16:46 +0200] "GET /kontakt/ HTTP/1.1" 301 106 "-" "Mozilla/5.0 (Macintosh; Intel Mac OS X 10_15_7) AppleWebKit/537.36 Chrome/147.0.0.0 Safari/537.36"
10.0.0.12 - - [07/Jul/2026:16:41:52 +0200] "GET /kontakt/ HTTP/1.1" 302 138 "https://example-site.hr/" "Mozilla/5.0 (Macintosh; Intel Mac OS X 10_15_7) AppleWebKit/537.36 Chrome/147.0.0.0 Safari/537.36"
192.168.1.10 - - [07/Jul/2026:16:48:56 +0200] "GET /o-nama/ HTTP/1.1" 304 277 "https://www.facebook.com/" "Mozilla/5.0 (Windows NT 10.0; Win64; x64) AppleWebKit/537.36 Chrome/148.0.0.0 Safari/537.36"
172.16.0.8 - - [07/Jul/2026:17:18:14 +0200] "GET /wp-content/uploads/2025/03/product.jpg HTTP/1.1" 404 173 "https://example-site.hr/" "Mozilla/5.0 (Macintosh; Intel Mac OS X 10_15_7) AppleWebKit/537.36 Chrome/147.0.0.0 Safari/537.36"
192.168.1.10 - - [07/Jul/2026:17:35:46 +0200] "GET /wp-includes/js/jquery/jquery.min.js HTTP/1.1" 200 42619 "https://example-site.hr/" "Mozilla/5.0 (Macintosh; Intel Mac OS X 10_15_7) AppleWebKit/537.36 Chrome/147.0.0.0 Safari/537.36"
172.16.0.8 - - [07/Jul/2026:18:21:50 +0200] "GET /wp-includes/js/jquery/jquery.min.js HTTP/1.1" 304 342 "https://www.facebook.com/" "Mozilla/5.0 (Linux; Android 10; K) AppleWebKit/537.36 Chrome/148.0.0.0 Mobile Safari/537.36"
10.0.0.5 - - [07/Jul/2026:19:16:42 +0200] "GET /proizvodi/ HTTP/1.1" 200 36586 "https://example-site.hr/" "Mozilla/5.0 (Linux; Android 10; K) AppleWebKit/537.36 Chrome/148.0.0.0 Mobile Safari/537.36"
10.0.0.5 - - [07/Jul/2026:19:18:33 +0200] "GET /o-nama/ HTTP/1.1" 200 14512 "https://example-site.hr/" "Mozilla/5.0 (Linux; Android 10; K) AppleWebKit/537.36 Chrome/148.0.0.0 Mobile Safari/537.36"
10.0.0.5 - - [07/Jul/2026:19:40:17 +0200] "GET /index.php HTTP/1.1" 200 14153 "https://www.facebook.com/" "Mozilla/5.0 (Windows NT 10.0; Win64; x64) AppleWebKit/537.36 Chrome/148.0.0.0 Safari/537.36"
10.0.0.5 - - [07/Jul/2026:19:56:32 +0200] "GET /kontakt/ HTTP/1.1" 200 17746 "https://www.facebook.com/" "Mozilla/5.0 (Macintosh; Intel Mac OS X 10_15_7) AppleWebKit/537.36 Chrome/147.0.0.0 Safari/537.36"
10.0.0.5 - - [07/Jul/2026:20:46:15 +0200] "GET /wp-json/wp/v2/posts HTTP/1.1" 304 465 "-" "Mozilla/5.0 (Macintosh; Intel Mac OS X 10_15_7) AppleWebKit/537.36 Chrome/147.0.0.0 Safari/537.36"
192.168.1.15 - - [07/Jul/2026:20:54:54 +0200] "GET /wp-content/uploads/2025/03/product.jpg HTTP/1.1" 200 27503 "https://www.facebook.com/" "Mozilla/5.0 (Linux; Android 10; K) AppleWebKit/537.36 Chrome/148.0.0.0 Mobile Safari/537.36"
192.168.1.10 - - [07/Jul/2026:21:51:26 +0200] "GET /o-nama/ HTTP/1.1" 200 40286 "https://www.facebook.com/" "Mozilla/5.0 (Linux; Android 10; K) AppleWebKit/537.36 Chrome/148.0.0.0 Mobile Safari/537.36"
192.168.1.22 - - [07/Jul/2026:22:14:55 +0200] "GET /proizvodi/ HTTP/1.1" 301 420 "https://example-site.hr/" "Mozilla/5.0 (Windows NT 10.0; Win64; x64) AppleWebKit/537.36 Chrome/148.0.0.0 Safari/537.36"
10.0.0.5 - - [07/Jul/2026:22:20:53 +0200] "POST /wp-comments-post.php HTTP/1.1" 304 105 "https://www.google.com/" "Mozilla/5.0 (Macintosh; Intel Mac OS X 10_15_7) AppleWebKit/537.36 Chrome/147.0.0.0 Safari/537.36"
192.168.1.10 - - [07/Jul/2026:22:39:07 +0200] "POST /wp-comments-post.php HTTP/1.1" 200 39710 "-" "Mozilla/5.0 (Linux; Android 10; K) AppleWebKit/537.36 Chrome/148.0.0.0 Mobile Safari/537.36"
172.16.0.8 - - [07/Jul/2026:22:41:36 +0200] "GET /kontakt/ HTTP/1.1" 200 20567 "-" "Mozilla/5.0 (Windows NT 10.0; Win64; x64) AppleWebKit/537.36 Chrome/148.0.0.0 Safari/537.36"
172.16.0.8 - - [07/Jul/2026:22:42:39 +0200] "GET /proizvodi/ HTTP/1.1" 304 139 "https://www.google.com/" "Mozilla/5.0 (Macintosh; Intel Mac OS X 10_15_7) AppleWebKit/537.36 Chrome/147.0.0.0 Safari/537.36"
192.168.1.10 - - [07/Jul/2026:22:49:43 +0200] "GET /kontakt/ HTTP/1.1" 200 27152 "https://www.facebook.com/" "Mozilla/5.0 (Linux; Android 10; K) AppleWebKit/537.36 Chrome/148.0.0.0 Mobile Safari/537.36"
192.168.1.10 - - [07/Jul/2026:23:57:40 +0200] "GET /wp-includes/js/jquery/jquery.min.js HTTP/1.1" 301 325 "-" "Mozilla/5.0 (Linux; Android 10; K) AppleWebKit/537.36 Chrome/148.0.0.0 Mobile Safari/537.36"
10.0.0.12 - - [07/Jul/2026:23:58:12 +0200] "GET /wp-json/wp/v2/posts HTTP/1.1" 200 28059 "https://www.google.com/" "Mozilla/5.0 (Macintosh; Intel Mac OS X 10_15_7) AppleWebKit/537.36 Chrome/147.0.0.0 Safari/537.36"
172.16.0.8 - - [08/Jul/2026:00:34:51 +0200] "POST /wp-comments-post.php HTTP/1.1" 200 7006 "-" "Mozilla/5.0 (Macintosh; Intel Mac OS X 10_15_7) AppleWebKit/537.36 Chrome/147.0.0.0 Safari/537.36"
10.0.0.12 - - [08/Jul/2026:00:49:04 +0200] "GET /kontakt/ HTTP/1.1" 200 11453 "https://www.google.com/" "Mozilla/5.0 (Macintosh; Intel Mac OS X 10_15_7) AppleWebKit/537.36 Chrome/147.0.0.0 Safari/537.36"
10.0.0.12 - - [08/Jul/2026:01:12:09 +0200] "GET /wp-json/wp/v2/posts HTTP/1.1" 200 44919 "-" "Mozilla/5.0 (Macintosh; Intel Mac OS X 10_15_7) AppleWebKit/537.36 Chrome/147.0.0.0 Safari/537.36"
192.168.1.22 - - [08/Jul/2026:01:12:38 +0200] "GET /index.php HTTP/1.1" 200 1466 "https://example-site.hr/" "Mozilla/5.0 (Windows NT 10.0; Win64; x64) AppleWebKit/537.36 Chrome/148.0.0.0 Safari/537.36"
192.168.1.22 - - [08/Jul/2026:01:23:24 +0200] "GET /wp-content/uploads/2025/03/product.jpg HTTP/1.1" 200 41815 "https://www.google.com/" "Mozilla/5.0 (Windows NT 10.0; Win64; x64) AppleWebKit/537.36 Chrome/148.0.0.0 Safari/537.36"
192.168.1.15 - - [08/Jul/2026:01:59:42 +0200] "GET /o-nama/ HTTP/1.1" 404 154 "https://example-site.hr/" "Mozilla/5.0 (Macintosh; Intel Mac OS X 10_15_7) AppleWebKit/537.36 Chrome/147.0.0.0 Safari/537.36"
10.0.0.12 - - [08/Jul/2026:02:27:38 +0200] "GET /index.php HTTP/1.1" 200 47669 "-" "Mozilla/5.0 (Windows NT 10.0; Win64; x64) AppleWebKit/537.36 Chrome/148.0.0.0 Safari/537.36"
10.0.0.5 - - [08/Jul/2026:02:39:10 +0200] "GET /kontakt/ HTTP/1.1" 301 283 "https://www.google.com/" "Mozilla/5.0 (Linux; Android 10; K) AppleWebKit/537.36 Chrome/148.0.0.0 Mobile Safari/537.36"
192.168.1.10 - - [08/Jul/2026:02:43:29 +0200] "GET /wp-json/wp/v2/posts HTTP/1.1" 200 26908 "-" "Mozilla/5.0 (Macintosh; Intel Mac OS X 10_15_7) AppleWebKit/537.36 Chrome/147.0.0.0 Safari/537.36"
192.168.1.22 - - [08/Jul/2026:03:12:03 +0200] "GET /wp-content/uploads/2025/03/product.jpg HTTP/1.1" 301 174 "-" "Mozilla/5.0 (Windows NT 10.0; Win64; x64) AppleWebKit/537.36 Chrome/148.0.0.0 Safari/537.36"
185.220.101.45 - - [08/Jul/2026:03:22:00 +0200] "POST /wp-login.php HTTP/1.1" 302 1060 "-" "Mozilla/5.0 (X11; Linux x86_64) AppleWebKit/537.36 Chrome/119.0.0.0 Safari/537.36"
185.220.101.45 - - [08/Jul/2026:03:22:08 +0200] "POST /wp-login.php HTTP/1.1" 302 1152 "-" "Mozilla/5.0 (X11; Linux x86_64) AppleWebKit/537.36 Chrome/119.0.0.0 Safari/537.36"
185.220.101.45 - - [08/Jul/2026:03:22:16 +0200] "POST /wp-login.php HTTP/1.1" 302 666 "-" "Mozilla/5.0 (X11; Linux x86_64) AppleWebKit/537.36 Chrome/119.0.0.0 Safari/537.36"
185.220.101.45 - - [08/Jul/2026:03:22:24 +0200] "POST /wp-login.php HTTP/1.1" 302 951 "-" "Mozilla/5.0 (X11; Linux x86_64) AppleWebKit/537.36 Chrome/119.0.0.0 Safari/537.36"
185.220.101.45 - - [08/Jul/2026:03:22:32 +0200] "POST /wp-login.php HTTP/1.1" 403 980 "-" "Mozilla/5.0 (X11; Linux x86_64) AppleWebKit/537.36 Chrome/119.0.0.0 Safari/537.36"
185.220.101.45 - - [08/Jul/2026:03:22:40 +0200] "POST /wp-login.php HTTP/1.1" 302 972 "-" "Mozilla/5.0 (X11; Linux x86_64) AppleWebKit/537.36 Chrome/119.0.0.0 Safari/537.36"
185.220.101.45 - - [08/Jul/2026:03:22:48 +0200] "POST /wp-login.php HTTP/1.1" 302 1115 "-" "Mozilla/5.0 (X11; Linux x86_64) AppleWebKit/537.36 Chrome/119.0.0.0 Safari/537.36"
185.220.101.45 - - [08/Jul/2026:03:22:56 +0200] "POST /wp-login.php HTTP/1.1" 302 566 "-" "Mozilla/5.0 (X11; Linux x86_64) AppleWebKit/537.36 Chrome/119.0.0.0 Safari/537.36"
185.220.101.45 - - [08/Jul/2026:03:23:04 +0200] "POST /wp-login.php HTTP/1.1" 302 1304 "-" "Mozilla/5.0 (X11; Linux x86_64) AppleWebKit/537.36 Chrome/119.0.0.0 Safari/537.36"
185.220.101.45 - - [08/Jul/2026:03:23:12 +0200] "POST /wp-login.php HTTP/1.1" 302 888 "-" "Mozilla/5.0 (X11; Linux x86_64) AppleWebKit/537.36 Chrome/119.0.0.0 Safari/537.36"
185.220.101.45 - - [08/Jul/2026:03:23:20 +0200] "POST /wp-login.php HTTP/1.1" 302 1239 "-" "Mozilla/5.0 (X11; Linux x86_64) AppleWebKit/537.36 Chrome/119.0.0.0 Safari/537.36"
185.220.101.45 - - [08/Jul/2026:03:23:28 +0200] "POST /wp-login.php HTTP/1.1" 302 217 "-" "Mozilla/5.0 (X11; Linux x86_64) AppleWebKit/537.36 Chrome/119.0.0.0 Safari/537.36"
185.220.101.45 - - [08/Jul/2026:03:23:36 +0200] "POST /wp-login.php HTTP/1.1" 403 540 "-" "Mozilla/5.0 (X11; Linux x86_64) AppleWebKit/537.36 Chrome/119.0.0.0 Safari/537.36"
185.220.101.45 - - [08/Jul/2026:03:23:44 +0200] "POST /wp-login.php HTTP/1.1" 302 700 "-" "Mozilla/5.0 (X11; Linux x86_64) AppleWebKit/537.36 Chrome/119.0.0.0 Safari/537.36"
185.220.101.45 - - [08/Jul/2026:03:23:52 +0200] "POST /wp-login.php HTTP/1.1" 302 622 "-" "Mozilla/5.0 (X11; Linux x86_64) AppleWebKit/537.36 Chrome/119.0.0.0 Safari/537.36"
185.220.101.45 - - [08/Jul/2026:03:24:00 +0200] "POST /wp-login.php HTTP/1.1" 302 781 "-" "Mozilla/5.0 (X11; Linux x86_64) AppleWebKit/537.36 Chrome/119.0.0.0 Safari/537.36"
185.220.101.45 - - [08/Jul/2026:03:24:08 +0200] "POST /wp-login.php HTTP/1.1" 200 1454 "-" "Mozilla/5.0 (X11; Linux x86_64) AppleWebKit/537.36 Chrome/119.0.0.0 Safari/537.36"
185.220.101.45 - - [08/Jul/2026:03:24:16 +0200] "POST /wp-login.php HTTP/1.1" 200 704 "-" "Mozilla/5.0 (X11; Linux x86_64) AppleWebKit/537.36 Chrome/119.0.0.0 Safari/537.36"
185.220.101.45 - - [08/Jul/2026:03:24:24 +0200] "POST /wp-login.php HTTP/1.1" 200 1203 "-" "Mozilla/5.0 (X11; Linux x86_64) AppleWebKit/537.36 Chrome/119.0.0.0 Safari/537.36"
185.220.101.45 - - [08/Jul/2026:03:24:32 +0200] "POST /wp-login.php HTTP/1.1" 302 716 "-" "Mozilla/5.0 (X11; Linux x86_64) AppleWebKit/537.36 Chrome/119.0.0.0 Safari/537.36"
185.220.101.45 - - [08/Jul/2026:03:24:40 +0200] "POST /wp-login.php HTTP/1.1" 302 954 "-" "Mozilla/5.0 (X11; Linux x86_64) AppleWebKit/537.36 Chrome/119.0.0.0 Safari/537.36"
185.220.101.45 - - [08/Jul/2026:03:24:48 +0200] "POST /wp-login.php HTTP/1.1" 302 353 "-" "Mozilla/5.0 (X11; Linux x86_64) AppleWebKit/537.36 Chrome/119.0.0.0 Safari/537.36"
185.220.101.45 - - [08/Jul/2026:03:24:56 +0200] "POST /wp-login.php HTTP/1.1" 302 713 "-" "Mozilla/5.0 (X11; Linux x86_64) AppleWebKit/537.36 Chrome/119.0.0.0 Safari/537.36"
185.220.101.45 - - [08/Jul/2026:03:25:04 +0200] "POST /wp-login.php HTTP/1.1" 403 747 "-" "Mozilla/5.0 (X11; Linux x86_64) AppleWebKit/537.36 Chrome/119.0.0.0 Safari/537.36"
185.220.101.45 - - [08/Jul/2026:03:25:12 +0200] "POST /wp-login.php HTTP/1.1" 302 1300 "-" "Mozilla/5.0 (X11; Linux x86_64) AppleWebKit/537.36 Chrome/119.0.0.0 Safari/537.36"
185.220.101.45 - - [08/Jul/2026:03:25:20 +0200] "POST /wp-login.php HTTP/1.1" 302 971 "-" "Mozilla/5.0 (X11; Linux x86_64) AppleWebKit/537.36 Chrome/119.0.0.0 Safari/537.36"
185.220.101.45 - - [08/Jul/2026:03:25:28 +0200] "POST /wp-login.php HTTP/1.1" 302 1117 "-" "Mozilla/5.0 (X11; Linux x86_64) AppleWebKit/537.36 Chrome/119.0.0.0 Safari/537.36"
185.220.101.45 - - [08/Jul/2026:03:25:36 +0200] "POST /wp-login.php HTTP/1.1" 403 575 "-" "Mozilla/5.0 (X11; Linux x86_64) AppleWebKit/537.36 Chrome/119.0.0.0 Safari/537.36"
185.220.101.45 - - [08/Jul/2026:03:25:44 +0200] "POST /wp-login.php HTTP/1.1" 302 988 "-" "Mozilla/5.0 (X11; Linux x86_64) AppleWebKit/537.36 Chrome/119.0.0.0 Safari/537.36"
185.220.101.45 - - [08/Jul/2026:03:25:52 +0200] "POST /wp-login.php HTTP/1.1" 302 336 "-" "Mozilla/5.0 (X11; Linux x86_64) AppleWebKit/537.36 Chrome/119.0.0.0 Safari/537.36"
185.220.101.45 - - [08/Jul/2026:03:26:00 +0200] "POST /wp-login.php HTTP/1.1" 302 974 "-" "Mozilla/5.0 (X11; Linux x86_64) AppleWebKit/537.36 Chrome/119.0.0.0 Safari/537.36"
185.220.101.45 - - [08/Jul/2026:03:26:08 +0200] "POST /wp-login.php HTTP/1.1" 302 838 "-" "Mozilla/5.0 (X11; Linux x86_64) AppleWebKit/537.36 Chrome/119.0.0.0 Safari/537.36"
185.220.101.45 - - [08/Jul/2026:03:26:16 +0200] "POST /wp-login.php HTTP/1.1" 302 1084 "-" "Mozilla/5.0 (X11; Linux x86_64) AppleWebKit/537.36 Chrome/119.0.0.0 Safari/537.36"
185.220.101.45 - - [08/Jul/2026:03:26:24 +0200] "POST /wp-login.php HTTP/1.1" 302 213 "-" "Mozilla/5.0 (X11; Linux x86_64) AppleWebKit/537.36 Chrome/119.0.0.0 Safari/537.36"
185.220.101.45 - - [08/Jul/2026:03:26:32 +0200] "POST /wp-login.php HTTP/1.1" 302 1207 "-" "Mozilla/5.0 (X11; Linux x86_64) AppleWebKit/537.36 Chrome/119.0.0.0 Safari/537.36"
185.220.101.45 - - [08/Jul/2026:03:26:40 +0200] "POST /wp-login.php HTTP/1.1" 302 336 "-" "Mozilla/5.0 (X11; Linux x86_64) AppleWebKit/537.36 Chrome/119.0.0.0 Safari/537.36"
185.220.101.45 - - [08/Jul/2026:03:26:48 +0200] "POST /wp-login.php HTTP/1.1" 302 564 "-" "Mozilla/5.0 (X11; Linux x86_64) AppleWebKit/537.36 Chrome/119.0.0.0 Safari/537.36"
185.220.101.45 - - [08/Jul/2026:03:26:56 +0200] "POST /wp-login.php HTTP/1.1" 302 1463 "-" "Mozilla/5.0 (X11; Linux x86_64) AppleWebKit/537.36 Chrome/119.0.0.0 Safari/537.36"
185.220.101.45 - - [08/Jul/2026:03:27:04 +0200] "POST /wp-login.php HTTP/1.1" 403 950 "-" "Mozilla/5.0 (X11; Linux x86_64) AppleWebKit/537.36 Chrome/119.0.0.0 Safari/537.36"
185.220.101.45 - - [08/Jul/2026:03:27:12 +0200] "POST /wp-login.php HTTP/1.1" 302 1431 "-" "Mozilla/5.0 (X11; Linux x86_64) AppleWebKit/537.36 Chrome/119.0.0.0 Safari/537.36"
185.220.101.45 - - [08/Jul/2026:03:27:20 +0200] "POST /wp-login.php HTTP/1.1" 302 322 "-" "Mozilla/5.0 (X11; Linux x86_64) AppleWebKit/537.36 Chrome/119.0.0.0 Safari/537.36"
185.220.101.45 - - [08/Jul/2026:03:27:28 +0200] "POST /wp-login.php HTTP/1.1" 403 1117 "-" "Mozilla/5.0 (X11; Linux x86_64) AppleWebKit/537.36 Chrome/119.0.0.0 Safari/537.36"
185.220.101.45 - - [08/Jul/2026:03:27:36 +0200] "POST /wp-login.php HTTP/1.1" 403 520 "-" "Mozilla/5.0 (X11; Linux x86_64) AppleWebKit/537.36 Chrome/119.0.0.0 Safari/537.36"
185.220.101.45 - - [08/Jul/2026:03:27:44 +0200] "POST /wp-login.php HTTP/1.1" 302 315 "-" "Mozilla/5.0 (X11; Linux x86_64) AppleWebKit/537.36 Chrome/119.0.0.0 Safari/537.36"
185.220.101.45 - - [08/Jul/2026:03:27:52 +0200] "POST /wp-login.php HTTP/1.1" 302 1224 "-" "Mozilla/5.0 (X11; Linux x86_64) AppleWebKit/537.36 Chrome/119.0.0.0 Safari/537.36"
185.220.101.45 - - [08/Jul/2026:03:28:00 +0200] "POST /wp-login.php HTTP/1.1" 302 834 "-" "Mozilla/5.0 (X11; Linux x86_64) AppleWebKit/537.36 Chrome/119.0.0.0 Safari/537.36"
185.220.101.45 - - [08/Jul/2026:03:28:08 +0200] "POST /wp-login.php HTTP/1.1" 302 738 "-" "Mozilla/5.0 (X11; Linux x86_64) AppleWebKit/537.36 Chrome/119.0.0.0 Safari/537.36"
185.220.101.45 - - [08/Jul/2026:03:28:16 +0200] "POST /wp-login.php HTTP/1.1" 302 1489 "-" "Mozilla/5.0 (X11; Linux x86_64) AppleWebKit/537.36 Chrome/119.0.0.0 Safari/537.36"
185.220.101.45 - - [08/Jul/2026:03:28:24 +0200] "POST /wp-login.php HTTP/1.1" 302 419 "-" "Mozilla/5.0 (X11; Linux x86_64) AppleWebKit/537.36 Chrome/119.0.0.0 Safari/537.36"
185.220.101.45 - - [08/Jul/2026:03:28:32 +0200] "POST /wp-login.php HTTP/1.1" 302 327 "-" "Mozilla/5.0 (X11; Linux x86_64) AppleWebKit/537.36 Chrome/119.0.0.0 Safari/537.36"
194.165.16.78 - - [08/Jul/2026:03:31:38 +0200] "GET /shell.php HTTP/1.1" 403 2330 "-" "Mozilla/5.0 (Linux; Android 10; K) AppleWebKit/537.36 Chrome/148.0.0.0 Mobile Safari/537.36"
192.168.1.10 - - [08/Jul/2026:03:35:28 +0200] "GET /proizvodi/ HTTP/1.1" 200 39989 "https://example-site.hr/" "Mozilla/5.0 (Macintosh; Intel Mac OS X 10_15_7) AppleWebKit/537.36 Chrome/147.0.0.0 Safari/537.36"
192.168.1.15 - - [08/Jul/2026:04:26:56 +0200] "GET /index.php HTTP/1.1" 200 14588 "https://example-site.hr/" "Mozilla/5.0 (Windows NT 10.0; Win64; x64) AppleWebKit/537.36 Chrome/148.0.0.0 Safari/537.36"
192.168.1.15 - - [08/Jul/2026:04:38:41 +0200] "GET /wp-includes/js/jquery/jquery.min.js HTTP/1.1" 200 16783 "https://www.facebook.com/" "Mozilla/5.0 (Windows NT 10.0; Win64; x64) AppleWebKit/537.36 Chrome/148.0.0.0 Safari/537.36"
10.0.0.5 - - [08/Jul/2026:05:09:16 +0200] "GET /kontakt/ HTTP/1.1" 200 24289 "https://www.google.com/" "Mozilla/5.0 (Macintosh; Intel Mac OS X 10_15_7) AppleWebKit/537.36 Chrome/147.0.0.0 Safari/537.36"
10.0.0.12 - - [08/Jul/2026:05:33:29 +0200] "GET /index.php HTTP/1.1" 200 43851 "https://example-site.hr/" "Mozilla/5.0 (Macintosh; Intel Mac OS X 10_15_7) AppleWebKit/537.36 Chrome/147.0.0.0 Safari/537.36"
192.168.1.10 - - [08/Jul/2026:06:00:19 +0200] "GET /o-nama/ HTTP/1.1" 200 46636 "https://example-site.hr/" "Mozilla/5.0 (Macintosh; Intel Mac OS X 10_15_7) AppleWebKit/537.36 Chrome/147.0.0.0 Safari/537.36"
10.0.0.12 - - [08/Jul/2026:07:06:10 +0200] "GET /wp-content/uploads/2025/03/product.jpg HTTP/1.1" 301 143 "https://example-site.hr/" "Mozilla/5.0 (Linux; Android 10; K) AppleWebKit/537.36 Chrome/148.0.0.0 Mobile Safari/537.36"
172.16.0.8 - - [08/Jul/2026:07:16:12 +0200] "GET /kontakt/ HTTP/1.1" 200 2327 "-" "Mozilla/5.0 (Linux; Android 10; K) AppleWebKit/537.36 Chrome/148.0.0.0 Mobile Safari/537.36"
192.168.1.10 - - [08/Jul/2026:07:49:42 +0200] "GET /proizvodi/ HTTP/1.1" 404 418 "https://www.facebook.com/" "Mozilla/5.0 (Windows NT 10.0; Win64; x64) AppleWebKit/537.36 Chrome/148.0.0.0 Safari/537.36"
10.0.0.12 - - [08/Jul/2026:08:21:21 +0200] "GET /o-nama/ HTTP/1.1" 404 377 "https://example-site.hr/" "Mozilla/5.0 (Linux; Android 10; K) AppleWebKit/537.36 Chrome/148.0.0.0 Mobile Safari/537.36"
192.168.1.10 - - [08/Jul/2026:08:34:33 +0200] "GET /o-nama/ HTTP/1.1" 200 12249 "https://www.google.com/" "Mozilla/5.0 (Macintosh; Intel Mac OS X 10_15_7) AppleWebKit/537.36 Chrome/147.0.0.0 Safari/537.36"
194.165.16.78 - - [08/Jul/2026:08:37:23 +0200] "GET /phpmyadmin/ HTTP/1.1" 404 2411 "-" "-"
10.0.0.5 - - [08/Jul/2026:09:06:34 +0200] "GET /index.php HTTP/1.1" 304 180 "https://www.facebook.com/" "Mozilla/5.0 (Macintosh; Intel Mac OS X 10_15_7) AppleWebKit/537.36 Chrome/147.0.0.0 Safari/537.36"
172.16.0.8 - - [08/Jul/2026:09:22:41 +0200] "GET /wp-includes/js/jquery/jquery.min.js HTTP/1.1" 404 227 "-" "Mozilla/5.0 (Windows NT 10.0; Win64; x64) AppleWebKit/537.36 Chrome/148.0.0.0 Safari/537.36"
10.0.0.12 - - [08/Jul/2026:09:39:15 +0200] "GET /kontakt/ HTTP/1.1" 200 20222 "https://www.facebook.com/" "Mozilla/5.0 (Macintosh; Intel Mac OS X 10_15_7) AppleWebKit/537.36 Chrome/147.0.0.0 Safari/537.36"
10.0.0.12 - - [08/Jul/2026:09:43:07 +0200] "GET /wp-content/uploads/2025/03/product.jpg HTTP/1.1" 200 12767 "https://www.facebook.com/" "Mozilla/5.0 (Windows NT 10.0; Win64; x64) AppleWebKit/537.36 Chrome/148.0.0.0 Safari/537.36"
10.0.0.12 - - [08/Jul/2026:09:53:53 +0200] "GET /proizvodi/ HTTP/1.1" 200 2538 "-" "Mozilla/5.0 (Linux; Android 10; K) AppleWebKit/537.36 Chrome/148.0.0.0 Mobile Safari/537.36"
185.220.101.45 - - [08/Jul/2026:10:08:55 +0200] "GET /wp-config.php.bak HTTP/1.1" 403 2086 "-" "Mozilla/5.0 (Macintosh; Intel Mac OS X 10_15_7) AppleWebKit/537.36 Chrome/147.0.0.0 Safari/537.36"
192.168.1.15 - - [08/Jul/2026:10:42:08 +0200] "GET /wp-json/wp/v2/posts HTTP/1.1" 200 25102 "https://www.facebook.com/" "Mozilla/5.0 (Macintosh; Intel Mac OS X 10_15_7) AppleWebKit/537.36 Chrome/147.0.0.0 Safari/537.36"
192.168.1.22 - - [08/Jul/2026:11:25:08 +0200] "GET /wp-includes/js/jquery/jquery.min.js HTTP/1.1" 200 40328 "-" "Mozilla/5.0 (Windows NT 10.0; Win64; x64) AppleWebKit/537.36 Chrome/148.0.0.0 Safari/537.36"
192.168.1.22 - - [08/Jul/2026:11:25:56 +0200] "GET /proizvodi/ HTTP/1.1" 200 49964 "https://example-site.hr/" "Mozilla/5.0 (Macintosh; Intel Mac OS X 10_15_7) AppleWebKit/537.36 Chrome/147.0.0.0 Safari/537.36"
10.0.0.12 - - [08/Jul/2026:11:47:43 +0200] "GET /wp-content/uploads/2025/03/product.jpg HTTP/1.1" 200 1245 "https://www.facebook.com/" "Mozilla/5.0 (Linux; Android 10; K) AppleWebKit/537.36 Chrome/148.0.0.0 Mobile Safari/537.36"
10.0.0.5 - - [08/Jul/2026:11:53:52 +0200] "POST /wp-comments-post.php HTTP/1.1" 304 188 "https://example-site.hr/" "Mozilla/5.0 (Linux; Android 10; K) AppleWebKit/537.36 Chrome/148.0.0.0 Mobile Safari/537.36"
192.168.1.15 - - [08/Jul/2026:12:07:36 +0200] "GET /wp-includes/js/jquery/jquery.min.js HTTP/1.1" 200 46724 "https://www.facebook.com/" "Mozilla/5.0 (Macintosh; Intel Mac OS X 10_15_7) AppleWebKit/537.36 Chrome/147.0.0.0 Safari/537.36"
192.168.1.15 - - [08/Jul/2026:12:29:50 +0200] "GET /wp-content/uploads/2025/03/product.jpg HTTP/1.1" 301 267 "https://example-site.hr/" "Mozilla/5.0 (Macintosh; Intel Mac OS X 10_15_7) AppleWebKit/537.36 Chrome/147.0.0.0 Safari/537.36"
192.168.1.10 - - [08/Jul/2026:12:38:16 +0200] "POST /wp-comments-post.php HTTP/1.1" 200 41375 "https://www.google.com/" "Mozilla/5.0 (Linux; Android 10; K) AppleWebKit/537.36 Chrome/148.0.0.0 Mobile Safari/537.36"
10.0.0.12 - - [08/Jul/2026:12:40:13 +0200] "POST /wp-comments-post.php HTTP/1.1" 200 42817 "https://example-site.hr/" "Mozilla/5.0 (Macintosh; Intel Mac OS X 10_15_7) AppleWebKit/537.36 Chrome/147.0.0.0 Safari/537.36"
10.0.0.12 - - [08/Jul/2026:12:49:27 +0200] "GET /wp-content/uploads/2025/03/product.jpg HTTP/1.1" 304 469 "-" "Mozilla/5.0 (Linux; Android 10; K) AppleWebKit/537.36 Chrome/148.0.0.0 Mobile Safari/537.36"
192.168.1.22 - - [08/Jul/2026:13:11:35 +0200] "GET /index.php HTTP/1.1" 301 389 "https://www.facebook.com/" "Mozilla/5.0 (Windows NT 10.0; Win64; x64) AppleWebKit/537.36 Chrome/148.0.0.0 Safari/537.36"
10.0.0.5 - - [08/Jul/2026:13:39:47 +0200] "GET /kontakt/ HTTP/1.1" 200 29302 "-" "Mozilla/5.0 (Windows NT 10.0; Win64; x64) AppleWebKit/537.36 Chrome/148.0.0.0 Safari/537.36"
10.0.0.5 - - [08/Jul/2026:13:43:48 +0200] "POST /wp-comments-post.php HTTP/1.1" 200 33109 "https://www.google.com/" "Mozilla/5.0 (Windows NT 10.0; Win64; x64) AppleWebKit/537.36 Chrome/148.0.0.0 Safari/537.36"
10.0.0.12 - - [08/Jul/2026:14:11:31 +0200] "GET /proizvodi/ HTTP/1.1" 200 11737 "-" "Mozilla/5.0 (Linux; Android 10; K) AppleWebKit/537.36 Chrome/148.0.0.0 Mobile Safari/537.36"
192.168.1.15 - - [08/Jul/2026:14:18:18 +0200] "POST /wp-comments-post.php HTTP/1.1" 301 109 "https://www.facebook.com/" "Mozilla/5.0 (Linux; Android 10; K) AppleWebKit/537.36 Chrome/148.0.0.0 Mobile Safari/537.36"
192.168.1.22 - - [08/Jul/2026:14:21:51 +0200] "GET /wp-json/wp/v2/posts HTTP/1.1" 301 404 "https://www.google.com/" "Mozilla/5.0 (Windows NT 10.0; Win64; x64) AppleWebKit/537.36 Chrome/148.0.0.0 Safari/537.36"
10.0.0.5 - - [08/Jul/2026:14:35:10 +0200] "POST /wp-comments-post.php HTTP/1.1" 304 327 "https://www.google.com/" "Mozilla/5.0 (Windows NT 10.0; Win64; x64) AppleWebKit/537.36 Chrome/148.0.0.0 Safari/537.36"
192.168.1.22 - - [08/Jul/2026:14:45:46 +0200] "GET /o-nama/ HTTP/1.1" 200 25600 "https://example-site.hr/" "Mozilla/5.0 (Macintosh; Intel Mac OS X 10_15_7) AppleWebKit/537.36 Chrome/147.0.0.0 Safari/537.36"
192.168.1.22 - - [08/Jul/2026:14:58:59 +0200] "GET /wp-json/wp/v2/posts HTTP/1.1" 200 20097 "https://example-site.hr/" "Mozilla/5.0 (Macintosh; Intel Mac OS X 10_15_7) AppleWebKit/537.36 Chrome/147.0.0.0 Safari/537.36"
172.16.0.8 - - [08/Jul/2026:15:23:51 +0200] "GET /wp-includes/js/jquery/jquery.min.js HTTP/1.1" 304 419 "https://www.google.com/" "Mozilla/5.0 (Linux; Android 10; K) AppleWebKit/537.36 Chrome/148.0.0.0 Mobile Safari/537.36"
10.0.0.12 - - [08/Jul/2026:15:23:55 +0200] "GET /wp-json/wp/v2/posts HTTP/1.1" 200 41074 "https://example-site.hr/" "Mozilla/5.0 (Macintosh; Intel Mac OS X 10_15_7) AppleWebKit/537.36 Chrome/147.0.0.0 Safari/537.36"
192.168.1.10 - - [08/Jul/2026:15:43:40 +0200] "GET /o-nama/ HTTP/1.1" 200 34167 "https://www.facebook.com/" "Mozilla/5.0 (Macintosh; Intel Mac OS X 10_15_7) AppleWebKit/537.36 Chrome/147.0.0.0 Safari/537.36"
172.16.0.8 - - [08/Jul/2026:16:28:43 +0200] "GET /kontakt/ HTTP/1.1" 200 27876 "https://www.facebook.com/" "Mozilla/5.0 (Linux; Android 10; K) AppleWebKit/537.36 Chrome/148.0.0.0 Mobile Safari/537.36"
10.0.0.5 - - [08/Jul/2026:16:37:32 +0200] "GET /kontakt/ HTTP/1.1" 301 101 "https://www.facebook.com/" "Mozilla/5.0 (Linux; Android 10; K) AppleWebKit/537.36 Chrome/148.0.0.0 Mobile Safari/537.36"
192.168.1.10 - - [08/Jul/2026:16:41:46 +0200] "GET /proizvodi/ HTTP/1.1" 200 29876 "https://www.facebook.com/" "Mozilla/5.0 (Linux; Android 10; K) AppleWebKit/537.36 Chrome/148.0.0.0 Mobile Safari/537.36"
192.168.1.22 - - [08/Jul/2026:17:08:53 +0200] "GET /wp-includes/js/jquery/jquery.min.js HTTP/1.1" 302 398 "https://example-site.hr/" "Mozilla/5.0 (Macintosh; Intel Mac OS X 10_15_7) AppleWebKit/537.36 Chrome/147.0.0.0 Safari/537.36"
10.0.0.12 - - [08/Jul/2026:18:20:04 +0200] "GET /o-nama/ HTTP/1.1" 200 13380 "https://example-site.hr/" "Mozilla/5.0 (Linux; Android 10; K) AppleWebKit/537.36 Chrome/148.0.0.0 Mobile Safari/537.36"
10.0.0.5 - - [08/Jul/2026:19:35:38 +0200] "GET /wp-content/uploads/2025/03/product.jpg HTTP/1.1" 301 297 "https://www.facebook.com/" "Mozilla/5.0 (Windows NT 10.0; Win64; x64) AppleWebKit/537.36 Chrome/148.0.0.0 Safari/537.36"
172.16.0.8 - - [08/Jul/2026:19:39:22 +0200] "GET /o-nama/ HTTP/1.1" 404 311 "-" "Mozilla/5.0 (Windows NT 10.0; Win64; x64) AppleWebKit/537.36 Chrome/148.0.0.0 Safari/537.36"
192.168.1.22 - - [08/Jul/2026:19:58:37 +0200] "GET /wp-includes/js/jquery/jquery.min.js HTTP/1.1" 200 35305 "https://www.google.com/" "Mozilla/5.0 (Macintosh; Intel Mac OS X 10_15_7) AppleWebKit/537.36 Chrome/147.0.0.0 Safari/537.36"
192.168.1.10 - - [08/Jul/2026:20:17:53 +0200] "GET /o-nama/ HTTP/1.1" 200 47786 "-" "Mozilla/5.0 (Windows NT 10.0; Win64; x64) AppleWebKit/537.36 Chrome/148.0.0.0 Safari/537.36"
192.168.1.22 - - [08/Jul/2026:20:25:44 +0200] "GET /index.php HTTP/1.1" 200 42237 "https://example-site.hr/" "Mozilla/5.0 (Windows NT 10.0; Win64; x64) AppleWebKit/537.36 Chrome/148.0.0.0 Safari/537.36"
172.16.0.8 - - [08/Jul/2026:20:54:05 +0200] "GET /wp-content/uploads/2025/03/product.jpg HTTP/1.1" 302 375 "https://example-site.hr/" "Mozilla/5.0 (Linux; Android 10; K) AppleWebKit/537.36 Chrome/148.0.0.0 Mobile Safari/537.36"
10.0.0.12 - - [08/Jul/2026:20:55:06 +0200] "GET /wp-json/wp/v2/posts HTTP/1.1" 200 29994 "https://www.google.com/" "Mozilla/5.0 (Macintosh; Intel Mac OS X 10_15_7) AppleWebKit/537.36 Chrome/147.0.0.0 Safari/537.36"
10.0.0.5 - - [08/Jul/2026:21:04:20 +0200] "GET /wp-json/wp/v2/posts HTTP/1.1" 302 265 "-" "Mozilla/5.0 (Macintosh; Intel Mac OS X 10_15_7) AppleWebKit/537.36 Chrome/147.0.0.0 Safari/537.36"
192.168.1.10 - - [08/Jul/2026:21:08:01 +0200] "GET /proizvodi/ HTTP/1.1" 200 13033 "https://www.google.com/" "Mozilla/5.0 (Linux; Android 10; K) AppleWebKit/537.36 Chrome/148.0.0.0 Mobile Safari/537.36"
172.16.0.8 - - [08/Jul/2026:21:23:51 +0200] "GET /proizvodi/ HTTP/1.1" 304 308 "https://example-site.hr/" "Mozilla/5.0 (Macintosh; Intel Mac OS X 10_15_7) AppleWebKit/537.36 Chrome/147.0.0.0 Safari/537.36"
172.16.0.8 - - [08/Jul/2026:22:21:44 +0200] "GET /wp-content/uploads/2025/03/product.jpg HTTP/1.1" 200 33967 "-" "Mozilla/5.0 (Windows NT 10.0; Win64; x64) AppleWebKit/537.36 Chrome/148.0.0.0 Safari/537.36"
10.0.0.5 - - [09/Jul/2026:00:10:54 +0200] "POST /wp-comments-post.php HTTP/1.1" 304 478 "https://www.facebook.com/" "Mozilla/5.0 (Macintosh; Intel Mac OS X 10_15_7) AppleWebKit/537.36 Chrome/147.0.0.0 Safari/537.36"
192.168.1.10 - - [09/Jul/2026:00:21:44 +0200] "POST /wp-comments-post.php HTTP/1.1" 302 321 "https://www.facebook.com/" "Mozilla/5.0 (Windows NT 10.0; Win64; x64) AppleWebKit/537.36 Chrome/148.0.0.0 Safari/537.36"
192.168.1.10 - - [09/Jul/2026:00:27:35 +0200] "POST /wp-comments-post.php HTTP/1.1" 200 32645 "-" "Mozilla/5.0 (Macintosh; Intel Mac OS X 10_15_7) AppleWebKit/537.36 Chrome/147.0.0.0 Safari/537.36"
192.168.1.22 - - [09/Jul/2026:01:46:04 +0200] "GET /proizvodi/ HTTP/1.1" 200 49090 "https://example-site.hr/" "Mozilla/5.0 (Windows NT 10.0; Win64; x64) AppleWebKit/537.36 Chrome/148.0.0.0 Safari/537.36"
192.168.1.15 - - [09/Jul/2026:02:10:42 +0200] "GET /wp-json/wp/v2/posts HTTP/1.1" 200 38875 "https://example-site.hr/" "Mozilla/5.0 (Linux; Android 10; K) AppleWebKit/537.36 Chrome/148.0.0.0 Mobile Safari/537.36"
10.0.0.5 - - [09/Jul/2026:02:26:30 +0200] "GET /proizvodi/ HTTP/1.1" 200 35360 "https://example-site.hr/" "Mozilla/5.0 (Macintosh; Intel Mac OS X 10_15_7) AppleWebKit/537.36 Chrome/147.0.0.0 Safari/537.36"
192.168.1.15 - - [09/Jul/2026:02:26:45 +0200] "GET /wp-json/wp/v2/posts HTTP/1.1" 200 16443 "https://www.facebook.com/" "Mozilla/5.0 (Linux; Android 10; K) AppleWebKit/537.36 Chrome/148.0.0.0 Mobile Safari/537.36"
192.168.1.22 - - [09/Jul/2026:02:49:53 +0200] "POST /wp-comments-post.php HTTP/1.1" 200 9422 "https://www.facebook.com/" "Mozilla/5.0 (Windows NT 10.0; Win64; x64) AppleWebKit/537.36 Chrome/148.0.0.0 Safari/537.36"
10.0.0.12 - - [09/Jul/2026:03:06:38 +0200] "GET /wp-includes/js/jquery/jquery.min.js HTTP/1.1" 200 31358 "-" "Mozilla/5.0 (Windows NT 10.0; Win64; x64) AppleWebKit/537.36 Chrome/148.0.0.0 Safari/537.36"
192.168.1.10 - - [09/Jul/2026:03:17:52 +0200] "GET /index.php HTTP/1.1" 200 46867 "-" "Mozilla/5.0 (Macintosh; Intel Mac OS X 10_15_7) AppleWebKit/537.36 Chrome/147.0.0.0 Safari/537.36"
10.0.0.5 - - [09/Jul/2026:03:19:41 +0200] "POST /wp-comments-post.php HTTP/1.1" 200 32567 "https://www.facebook.com/" "Mozilla/5.0 (Macintosh; Intel Mac OS X 10_15_7) AppleWebKit/537.36 Chrome/147.0.0.0 Safari/537.36"
10.0.0.5 - - [09/Jul/2026:03:36:13 +0200] "GET /kontakt/ HTTP/1.1" 304 336 "-" "Mozilla/5.0 (Macintosh; Intel Mac OS X 10_15_7) AppleWebKit/537.36 Chrome/147.0.0.0 Safari/537.36"
172.16.0.8 - - [09/Jul/2026:03:40:26 +0200] "GET /proizvodi/ HTTP/1.1" 200 18594 "-" "Mozilla/5.0 (Windows NT 10.0; Win64; x64) AppleWebKit/537.36 Chrome/148.0.0.0 Safari/537.36"
192.168.1.10 - - [09/Jul/2026:03:46:32 +0200] "GET /proizvodi/ HTTP/1.1" 200 5803 "https://www.facebook.com/" "Mozilla/5.0 (Linux; Android 10; K) AppleWebKit/537.36 Chrome/148.0.0.0 Mobile Safari/537.36"
172.16.0.8 - - [09/Jul/2026:04:03:00 +0200] "GET /wp-json/wp/v2/posts HTTP/1.1" 200 10472 "-" "Mozilla/5.0 (Windows NT 10.0; Win64; x64) AppleWebKit/537.36 Chrome/148.0.0.0 Safari/537.36"
10.0.0.12 - - [09/Jul/2026:04:05:18 +0200] "GET /wp-includes/js/jquery/jquery.min.js HTTP/1.1" 301 298 "https://www.facebook.com/" "Mozilla/5.0 (Windows NT 10.0; Win64; x64) AppleWebKit/537.36 Chrome/148.0.0.0 Safari/537.36"
172.16.0.8 - - [09/Jul/2026:04:18:16 +0200] "POST /wp-comments-post.php HTTP/1.1" 404 170 "https://www.facebook.com/" "Mozilla/5.0 (Linux; Android 10; K) AppleWebKit/537.36 Chrome/148.0.0.0 Mobile Safari/537.36"
192.168.1.10 - - [09/Jul/2026:05:54:17 +0200] "GET /o-nama/ HTTP/1.1" 200 30405 "https://www.google.com/" "Mozilla/5.0 (Windows NT 10.0; Win64; x64) AppleWebKit/537.36 Chrome/148.0.0.0 Safari/537.36"
10.0.0.12 - - [09/Jul/2026:06:34:35 +0200] "GET /wp-includes/js/jquery/jquery.min.js HTTP/1.1" 200 5968 "https://example-site.hr/" "Mozilla/5.0 (Macintosh; Intel Mac OS X 10_15_7) AppleWebKit/537.36 Chrome/147.0.0.0 Safari/537.36"
192.168.1.10 - - [09/Jul/2026:07:10:06 +0200] "GET /wp-json/wp/v2/posts HTTP/1.1" 200 5079 "https://example-site.hr/" "Mozilla/5.0 (Macintosh; Intel Mac OS X 10_15_7) AppleWebKit/537.36 Chrome/147.0.0.0 Safari/537.36"
192.168.1.15 - - [09/Jul/2026:07:15:52 +0200] "GET /kontakt/ HTTP/1.1" 404 404 "https://www.google.com/" "Mozilla/5.0 (Macintosh; Intel Mac OS X 10_15_7) AppleWebKit/537.36 Chrome/147.0.0.0 Safari/537.36"
192.168.1.22 - - [09/Jul/2026:07:21:03 +0200] "GET /index.php HTTP/1.1" 200 5215 "https://example-site.hr/" "Mozilla/5.0 (Linux; Android 10; K) AppleWebKit/537.36 Chrome/148.0.0.0 Mobile Safari/537.36"
192.168.1.10 - - [09/Jul/2026:08:48:48 +0200] "GET /proizvodi/ HTTP/1.1" 301 437 "https://www.google.com/" "Mozilla/5.0 (Windows NT 10.0; Win64; x64) AppleWebKit/537.36 Chrome/148.0.0.0 Safari/537.36"
192.168.1.22 - - [09/Jul/2026:08:58:30 +0200] "GET /kontakt/ HTTP/1.1" 200 21574 "-" "Mozilla/5.0 (Linux; Android 10; K) AppleWebKit/537.36 Chrome/148.0.0.0 Mobile Safari/537.36"
10.0.0.12 - - [09/Jul/2026:09:14:46 +0200] "GET /proizvodi/ HTTP/1.1" 200 6214 "https://example-site.hr/" "Mozilla/5.0 (Macintosh; Intel Mac OS X 10_15_7) AppleWebKit/537.36 Chrome/147.0.0.0 Safari/537.36"
10.0.0.5 - - [09/Jul/2026:09:21:39 +0200] "GET /wp-includes/js/jquery/jquery.min.js HTTP/1.1" 301 394 "https://example-site.hr/" "Mozilla/5.0 (Linux; Android 10; K) AppleWebKit/537.36 Chrome/148.0.0.0 Mobile Safari/537.36"
10.0.0.5 - - [09/Jul/2026:09:23:48 +0200] "GET /proizvodi/ HTTP/1.1" 200 12208 "https://www.google.com/" "Mozilla/5.0 (Linux; Android 10; K) AppleWebKit/537.36 Chrome/148.0.0.0 Mobile Safari/537.36"
192.168.1.15 - - [09/Jul/2026:09:27:34 +0200] "GET /wp-content/uploads/2025/03/product.jpg HTTP/1.1" 301 395 "-" "Mozilla/5.0 (Windows NT 10.0; Win64; x64) AppleWebKit/537.36 Chrome/148.0.0.0 Safari/537.36"
172.16.0.8 - - [09/Jul/2026:09:54:59 +0200] "GET /kontakt/ HTTP/1.1" 200 36663 "https://www.google.com/" "Mozilla/5.0 (Macintosh; Intel Mac OS X 10_15_7) AppleWebKit/537.36 Chrome/147.0.0.0 Safari/537.36"
10.0.0.5 - - [09/Jul/2026:10:08:55 +0200] "GET /wp-json/wp/v2/posts HTTP/1.1" 200 44261 "-" "Mozilla/5.0 (Linux; Android 10; K) AppleWebKit/537.36 Chrome/148.0.0.0 Mobile Safari/537.36"
10.0.0.12 - - [09/Jul/2026:10:15:35 +0200] "GET /wp-includes/js/jquery/jquery.min.js HTTP/1.1" 200 40069 "https://www.google.com/" "Mozilla/5.0 (Linux; Android 10; K) AppleWebKit/537.36 Chrome/148.0.0.0 Mobile Safari/537.36"
10.0.0.12 - - [09/Jul/2026:10:23:01 +0200] "GET /index.php HTTP/1.1" 200 49871 "-" "Mozilla/5.0 (Linux; Android 10; K) AppleWebKit/537.36 Chrome/148.0.0.0 Mobile Safari/537.36"
10.0.0.5 - - [09/Jul/2026:10:25:23 +0200] "GET /index.php HTTP/1.1" 200 34505 "https://www.facebook.com/" "Mozilla/5.0 (Macintosh; Intel Mac OS X 10_15_7) AppleWebKit/537.36 Chrome/147.0.0.0 Safari/537.36"
172.16.0.8 - - [09/Jul/2026:10:39:02 +0200] "GET /wp-content/uploads/2025/03/product.jpg HTTP/1.1" 200 49231 "https://example-site.hr/" "Mozilla/5.0 (Linux; Android 10; K) AppleWebKit/537.36 Chrome/148.0.0.0 Mobile Safari/537.36"
192.168.1.22 - - [09/Jul/2026:11:13:51 +0200] "GET /wp-json/wp/v2/posts HTTP/1.1" 200 39688 "-" "Mozilla/5.0 (Linux; Android 10; K) AppleWebKit/537.36 Chrome/148.0.0.0 Mobile Safari/537.36"
192.168.1.15 - - [09/Jul/2026:11:53:26 +0200] "POST /wp-comments-post.php HTTP/1.1" 200 10819 "https://example-site.hr/" "Mozilla/5.0 (Windows NT 10.0; Win64; x64) AppleWebKit/537.36 Chrome/148.0.0.0 Safari/537.36"
10.0.0.12 - - [09/Jul/2026:11:56:59 +0200] "GET /wp-content/uploads/2025/03/product.jpg HTTP/1.1" 200 29316 "https://www.facebook.com/" "Mozilla/5.0 (Linux; Android 10; K) AppleWebKit/537.36 Chrome/148.0.0.0 Mobile Safari/537.36"
10.0.0.5 - - [09/Jul/2026:12:48:25 +0200] "GET /wp-json/wp/v2/posts HTTP/1.1" 200 18730 "https://www.facebook.com/" "Mozilla/5.0 (Windows NT 10.0; Win64; x64) AppleWebKit/537.36 Chrome/148.0.0.0 Safari/537.36"
91.108.4.100 - - [09/Jul/2026:12:50:38 +0200] "GET /shell.php HTTP/1.1" 404 1274 "-" "Mozilla/5.0 zgrab/0.x"
192.168.1.10 - - [09/Jul/2026:13:33:13 +0200] "GET /o-nama/ HTTP/1.1" 200 7198 "https://example-site.hr/" "Mozilla/5.0 (Macintosh; Intel Mac OS X 10_15_7) AppleWebKit/537.36 Chrome/147.0.0.0 Safari/537.36"
192.168.1.22 - - [09/Jul/2026:14:21:38 +0200] "GET /wp-content/uploads/2025/03/product.jpg HTTP/1.1" 200 9930 "https://www.google.com/" "Mozilla/5.0 (Windows NT 10.0; Win64; x64) AppleWebKit/537.36 Chrome/148.0.0.0 Safari/537.36"
10.0.0.12 - - [09/Jul/2026:14:32:41 +0200] "POST /wp-comments-post.php HTTP/1.1" 200 15408 "https://www.google.com/" "Mozilla/5.0 (Windows NT 10.0; Win64; x64) AppleWebKit/537.36 Chrome/148.0.0.0 Safari/537.36"
172.16.0.8 - - [09/Jul/2026:15:28:00 +0200] "GET /wp-content/uploads/2025/03/product.jpg HTTP/1.1" 200 21966 "https://www.facebook.com/" "Mozilla/5.0 (Windows NT 10.0; Win64; x64) AppleWebKit/537.36 Chrome/148.0.0.0 Safari/537.36"
192.168.1.10 - - [09/Jul/2026:15:50:00 +0200] "POST /wp-comments-post.php HTTP/1.1" 302 225 "https://example-site.hr/" "Mozilla/5.0 (Linux; Android 10; K) AppleWebKit/537.36 Chrome/148.0.0.0 Mobile Safari/537.36"
192.168.1.22 - - [09/Jul/2026:15:55:25 +0200] "GET /wp-json/wp/v2/posts HTTP/1.1" 200 6261 "https://www.google.com/" "Mozilla/5.0 (Macintosh; Intel Mac OS X 10_15_7) AppleWebKit/537.36 Chrome/147.0.0.0 Safari/537.36"
192.168.1.10 - - [09/Jul/2026:16:07:11 +0200] "GET /index.php HTTP/1.1" 200 13162 "https://www.google.com/" "Mozilla/5.0 (Linux; Android 10; K) AppleWebKit/537.36 Chrome/148.0.0.0 Mobile Safari/537.36"
192.168.1.10 - - [09/Jul/2026:16:31:18 +0200] "GET /o-nama/ HTTP/1.1" 200 49319 "-" "Mozilla/5.0 (Windows NT 10.0; Win64; x64) AppleWebKit/537.36 Chrome/148.0.0.0 Safari/537.36"
192.168.1.10 - - [09/Jul/2026:16:33:46 +0200] "GET /kontakt/ HTTP/1.1" 200 38470 "-" "Mozilla/5.0 (Linux; Android 10; K) AppleWebKit/537.36 Chrome/148.0.0.0 Mobile Safari/537.36"
172.16.0.8 - - [09/Jul/2026:16:45:52 +0200] "GET /proizvodi/ HTTP/1.1" 200 2947 "https://example-site.hr/" "Mozilla/5.0 (Windows NT 10.0; Win64; x64) AppleWebKit/537.36 Chrome/148.0.0.0 Safari/537.36"
10.0.0.5 - - [09/Jul/2026:17:23:14 +0200] "GET /wp-content/uploads/2025/03/product.jpg HTTP/1.1" 200 29730 "https://example-site.hr/" "Mozilla/5.0 (Windows NT 10.0; Win64; x64) AppleWebKit/537.36 Chrome/148.0.0.0 Safari/537.36"
10.0.0.12 - - [09/Jul/2026:17:40:34 +0200] "GET /o-nama/ HTTP/1.1" 301 244 "https://www.facebook.com/" "Mozilla/5.0 (Windows NT 10.0; Win64; x64) AppleWebKit/537.36 Chrome/148.0.0.0 Safari/537.36"
10.0.0.5 - - [09/Jul/2026:18:13:16 +0200] "GET /wp-content/uploads/2025/03/product.jpg HTTP/1.1" 200 6124 "https://example-site.hr/" "Mozilla/5.0 (Linux; Android 10; K) AppleWebKit/537.36 Chrome/148.0.0.0 Mobile Safari/537.36"
192.168.1.22 - - [09/Jul/2026:18:18:14 +0200] "GET /index.php HTTP/1.1" 301 175 "https://example-site.hr/" "Mozilla/5.0 (Windows NT 10.0; Win64; x64) AppleWebKit/537.36 Chrome/148.0.0.0 Safari/537.36"
10.0.0.5 - - [09/Jul/2026:18:33:45 +0200] "GET /kontakt/ HTTP/1.1" 200 38541 "https://example-site.hr/" "Mozilla/5.0 (Windows NT 10.0; Win64; x64) AppleWebKit/537.36 Chrome/148.0.0.0 Safari/537.36"
192.168.1.22 - - [09/Jul/2026:18:48:00 +0200] "GET /wp-json/wp/v2/posts HTTP/1.1" 200 10404 "https://example-site.hr/" "Mozilla/5.0 (Windows NT 10.0; Win64; x64) AppleWebKit/537.36 Chrome/148.0.0.0 Safari/537.36"
192.168.1.22 - - [09/Jul/2026:19:03:36 +0200] "POST /wp-comments-post.php HTTP/1.1" 304 272 "https://example-site.hr/" "Mozilla/5.0 (Windows NT 10.0; Win64; x64) AppleWebKit/537.36 Chrome/148.0.0.0 Safari/537.36"
10.0.0.12 - - [09/Jul/2026:19:12:10 +0200] "POST /wp-comments-post.php HTTP/1.1" 301 412 "-" "Mozilla/5.0 (Linux; Android 10; K) AppleWebKit/537.36 Chrome/148.0.0.0 Mobile Safari/537.36"
192.168.1.10 - - [09/Jul/2026:19:18:35 +0200] "GET /wp-includes/js/jquery/jquery.min.js HTTP/1.1" 304 193 "https://www.google.com/" "Mozilla/5.0 (Linux; Android 10; K) AppleWebKit/537.36 Chrome/148.0.0.0 Mobile Safari/537.36"
172.16.0.8 - - [09/Jul/2026:19:27:47 +0200] "GET /index.php HTTP/1.1" 200 3187 "https://www.facebook.com/" "Mozilla/5.0 (Windows NT 10.0; Win64; x64) AppleWebKit/537.36 Chrome/148.0.0.0 Safari/537.36"
192.168.1.22 - - [09/Jul/2026:19:43:42 +0200] "POST /wp-comments-post.php HTTP/1.1" 302 261 "https://www.facebook.com/" "Mozilla/5.0 (Macintosh; Intel Mac OS X 10_15_7) AppleWebKit/537.36 Chrome/147.0.0.0 Safari/537.36"
10.0.0.5 - - [09/Jul/2026:19:53:35 +0200] "GET /wp-content/uploads/2025/03/product.jpg HTTP/1.1" 200 38422 "https://www.facebook.com/" "Mozilla/5.0 (Linux; Android 10; K) AppleWebKit/537.36 Chrome/148.0.0.0 Mobile Safari/537.36"
172.16.0.8 - - [09/Jul/2026:20:53:32 +0200] "GET /proizvodi/ HTTP/1.1" 200 36504 "https://www.google.com/" "Mozilla/5.0 (Linux; Android 10; K) AppleWebKit/537.36 Chrome/148.0.0.0 Mobile Safari/537.36"
172.16.0.8 - - [09/Jul/2026:21:16:57 +0200] "GET /kontakt/ HTTP/1.1" 200 20646 "-" "Mozilla/5.0 (Linux; Android 10; K) AppleWebKit/537.36 Chrome/148.0.0.0 Mobile Safari/537.36"
192.168.1.22 - - [09/Jul/2026:21:22:25 +0200] "GET /wp-includes/js/jquery/jquery.min.js HTTP/1.1" 200 46421 "https://example-site.hr/" "Mozilla/5.0 (Linux; Android 10; K) AppleWebKit/537.36 Chrome/148.0.0.0 Mobile Safari/537.36"
192.168.1.15 - - [09/Jul/2026:21:50:24 +0200] "GET /wp-content/uploads/2025/03/product.jpg HTTP/1.1" 200 27774 "https://www.google.com/" "Mozilla/5.0 (Linux; Android 10; K) AppleWebKit/537.36 Chrome/148.0.0.0 Mobile Safari/537.36"
192.168.1.10 - - [09/Jul/2026:21:53:21 +0200] "GET /wp-content/uploads/2025/03/product.jpg HTTP/1.1" 200 26502 "https://www.google.com/" "Mozilla/5.0 (Macintosh; Intel Mac OS X 10_15_7) AppleWebKit/537.36 Chrome/147.0.0.0 Safari/537.36"
192.168.1.22 - - [09/Jul/2026:22:32:31 +0200] "GET /proizvodi/ HTTP/1.1" 200 44169 "-" "Mozilla/5.0 (Windows NT 10.0; Win64; x64) AppleWebKit/537.36 Chrome/148.0.0.0 Safari/537.36"
192.168.1.10 - - [09/Jul/2026:22:50:25 +0200] "POST /wp-comments-post.php HTTP/1.1" 200 5983 "-" "Mozilla/5.0 (Linux; Android 10; K) AppleWebKit/537.36 Chrome/148.0.0.0 Mobile Safari/537.36"
185.220.101.45 - - [09/Jul/2026:23:40:20 +0200] "GET /xmlrpc.php HTTP/1.1" 403 207 "-" "Mozilla/5.0 (Linux; Android 10; K) AppleWebKit/537.36 Chrome/148.0.0.0 Mobile Safari/537.36"
10.0.0.12 - - [09/Jul/2026:23:44:39 +0200] "GET /proizvodi/ HTTP/1.1" 301 495 "https://www.google.com/" "Mozilla/5.0 (Windows NT 10.0; Win64; x64) AppleWebKit/537.36 Chrome/148.0.0.0 Safari/537.36"
