192.168.1.10 - - [04/Jul/2026:07:26:51 +0200] "GET /o-nama/ HTTP/1.1" 200 48571 "https://example-site.hr/" "Mozilla/5.0 (Linux; Android 10; K) AppleWebKit/537.36 Chrome/148.0.0.0 Mobile Safari/537.36"
10.0.0.5 - - [04/Jul/2026:07:58:03 +0200] "GET /wp-includes/js/jquery/jquery.min.js HTTP/1.1" 200 39317 "-" "Mozilla/5.0 (Windows NT 10.0; Win64; x64) AppleWebKit/537.36 Chrome/148.0.0.0 Safari/537.36"
192.168.1.10 - - [04/Jul/2026:08:12:12 +0200] "GET /index.php HTTP/1.1" 304 268 "-" "Mozilla/5.0 (Macintosh; Intel Mac OS X 10_15_7) AppleWebKit/537.36 Chrome/147.0.0.0 Safari/537.36"
10.0.0.12 - - [04/Jul/2026:08:38:09 +0200] "GET /wp-includes/js/jquery/jquery.min.js HTTP/1.1" 200 35528 "-" "Mozilla/5.0 (Macintosh; Intel Mac OS X 10_15_7) AppleWebKit/537.36 Chrome/147.0.0.0 Safari/537.36"
192.168.1.10 - - [04/Jul/2026:08:38:42 +0200] "GET /wp-content/uploads/2025/03/product.jpg HTTP/1.1" 200 31019 "https://example-site.hr/" "Mozilla/5.0 (Linux; Android 10; K) AppleWebKit/537.36 Chrome/148.0.0.0 Mobile Safari/537.36"
91.108.4.100 - - [04/Jul/2026:08:38:57 +0200] "GET /wp-config.php.bak HTTP/1.1" 404 137 "-" "Nikto/2.1.6"
192.168.1.22 - - [04/Jul/2026:08:50:09 +0200] "GET /index.php HTTP/1.1" 200 40817 "-" "Mozilla/5.0 (Linux; Android 10; K) AppleWebKit/537.36 Chrome/148.0.0.0 Mobile Safari/537.36"
192.168.1.10 - - [04/Jul/2026:09:25:37 +0200] "POST /wp-comments-post.php HTTP/1.1" 200 43984 "-" "Mozilla/5.0 (Macintosh; Intel Mac OS X 10_15_7) AppleWebKit/537.36 Chrome/147.0.0.0 Safari/537.36"
10.0.0.12 - - [04/Jul/2026:09:34:53 +0200] "POST /wp-comments-post.php HTTP/1.1" 301 322 "-" "Mozilla/5.0 (Windows NT 10.0; Win64; x64) AppleWebKit/537.36 Chrome/148.0.0.0 Safari/537.36"
192.168.1.15 - - [04/Jul/2026:10:20:00 +0200] "GET /o-nama/ HTTP/1.1" 404 334 "https://example-site.hr/" "Mozilla/5.0 (Linux; Android 10; K) AppleWebKit/537.36 Chrome/148.0.0.0 Mobile Safari/537.36"
192.168.1.15 - - [04/Jul/2026:10:30:30 +0200] "GET /kontakt/ HTTP/1.1" 200 43811 "-" "Mozilla/5.0 (Windows NT 10.0; Win64; x64) AppleWebKit/537.36 Chrome/148.0.0.0 Safari/537.36"
10.0.0.5 - - [04/Jul/2026:10:32:21 +0200] "GET /wp-includes/js/jquery/jquery.min.js HTTP/1.1" 301 241 "https://example-site.hr/" "Mozilla/5.0 (Macintosh; Intel Mac OS X 10_15_7) AppleWebKit/537.36 Chrome/147.0.0.0 Safari/537.36"
10.0.0.12 - - [04/Jul/2026:10:42:01 +0200] "GET /proizvodi/ HTTP/1.1" 302 336 "https://www.facebook.com/" "Mozilla/5.0 (Macintosh; Intel Mac OS X 10_15_7) AppleWebKit/537.36 Chrome/147.0.0.0 Safari/537.36"
10.0.0.12 - - [04/Jul/2026:10:53:31 +0200] "GET /wp-includes/js/jquery/jquery.min.js HTTP/1.1" 200 28387 "https://example-site.hr/" "Mozilla/5.0 (Windows NT 10.0; Win64; x64) AppleWebKit/537.36 Chrome/148.0.0.0 Safari/537.36"
192.168.1.15 - - [04/Jul/2026:11:22:31 +0200] "POST /wp-comments-post.php HTTP/1.1" 301 304 "-" "Mozilla/5.0 (Linux; Android 10; K) AppleWebKit/537.36 Chrome/148.0.0.0 Mobile Safari/537.36"
45.33.32.156 - - [04/Jul/2026:11:45:22 +0200] "POST /wp-login.php HTTP/1.1" 403 2596 "-" "Mozilla/5.0 zgrab/0.x"
172.16.0.8 - - [04/Jul/2026:11:56:50 +0200] "GET /wp-json/wp/v2/posts HTTP/1.1" 404 270 "-" "Mozilla/5.0 (Windows NT 10.0; Win64; x64) AppleWebKit/537.36 Chrome/148.0.0.0 Safari/537.36"
192.168.1.22 - - [04/Jul/2026:12:17:14 +0200] "GET /wp-json/wp/v2/posts HTTP/1.1" 304 380 "https://www.google.com/" "Mozilla/5.0 (Linux; Android 10; K) AppleWebKit/537.36 Chrome/148.0.0.0 Mobile Safari/537.36"
192.168.1.10 - - [04/Jul/2026:12:46:00 +0200] "POST /wp-comments-post.php HTTP/1.1" 301 347 "https://www.google.com/" "Mozilla/5.0 (Macintosh; Intel Mac OS X 10_15_7) AppleWebKit/537.36 Chrome/147.0.0.0 Safari/537.36"
192.168.1.10 - - [04/Jul/2026:13:26:51 +0200] "GET /wp-content/uploads/2025/03/product.jpg HTTP/1.1" 200 25342 "https://example-site.hr/" "Mozilla/5.0 (Windows NT 10.0; Win64; x64) AppleWebKit/537.36 Chrome/148.0.0.0 Safari/537.36"
192.168.1.22 - - [04/Jul/2026:13:34:56 +0200] "GET /kontakt/ HTTP/1.1" 200 46907 "https://www.facebook.com/" "Mozilla/5.0 (Linux; Android 10; K) AppleWebKit/537.36 Chrome/148.0.0.0 Mobile Safari/537.36"
192.168.1.10 - - [04/Jul/2026:14:17:59 +0200] "GET /wp-content/uploads/2025/03/product.jpg HTTP/1.1" 200 16976 "https://www.facebook.com/" "Mozilla/5.0 (Macintosh; Intel Mac OS X 10_15_7) AppleWebKit/537.36 Chrome/147.0.0.0 Safari/537.36"
10.0.0.12 - - [04/Jul/2026:14:25:19 +0200] "GET /wp-includes/js/jquery/jquery.min.js HTTP/1.1" 200 24471 "https://example-site.hr/" "Mozilla/5.0 (Windows NT 10.0; Win64; x64) AppleWebKit/537.36 Chrome/148.0.0.0 Safari/537.36"
192.168.1.22 - - [04/Jul/2026:14:34:13 +0200] "GET /proizvodi/ HTTP/1.1" 200 25050 "https://example-site.hr/" "Mozilla/5.0 (Windows NT 10.0; Win64; x64) AppleWebKit/537.36 Chrome/148.0.0.0 Safari/537.36"
10.0.0.5 - - [04/Jul/2026:15:11:58 +0200] "GET /wp-content/uploads/2025/03/product.jpg HTTP/1.1" 302 494 "https://www.google.com/" "Mozilla/5.0 (Windows NT 10.0; Win64; x64) AppleWebKit/537.36 Chrome/148.0.0.0 Safari/537.36"
10.0.0.12 - - [04/Jul/2026:15:15:40 +0200] "GET /proizvodi/ HTTP/1.1" 200 46883 "-" "Mozilla/5.0 (Linux; Android 10; K) AppleWebKit/537.36 Chrome/148.0.0.0 Mobile Safari/537.36"
194.165.16.78 - - [04/Jul/2026:15:19:25 +0200] "GET /phpmyadmin/ HTTP/1.1" 403 2456 "-" "python-requests/2.28.0"
10.0.0.5 - - [04/Jul/2026:15:30:00 +0200] "GET /wp-content/uploads/2025/03/product.jpg HTTP/1.1" 200 5232 "https://www.facebook.com/" "Mozilla/5.0 (Windows NT 10.0; Win64; x64) AppleWebKit/537.36 Chrome/148.0.0.0 Safari/537.36"
172.16.0.8 - - [04/Jul/2026:16:04:26 +0200] "GET /index.php HTTP/1.1" 200 24798 "https://www.facebook.com/" "Mozilla/5.0 (Windows NT 10.0; Win64; x64) AppleWebKit/537.36 Chrome/148.0.0.0 Safari/537.36"
192.168.1.10 - - [04/Jul/2026:16:40:35 +0200] "GET /wp-content/uploads/2025/03/product.jpg HTTP/1.1" 200 37907 "https://www.facebook.com/" "Mozilla/5.0 (Windows NT 10.0; Win64; x64) AppleWebKit/537.36 Chrome/148.0.0.0 Safari/537.36"
10.0.0.5 - - [04/Jul/2026:17:28:56 +0200] "GET /wp-includes/js/jquery/jquery.min.js HTTP/1.1" 200 13353 "https://example-site.hr/" "Mozilla/5.0 (Windows NT 10.0; Win64; x64) AppleWebKit/537.36 Chrome/148.0.0.0 Safari/537.36"
192.168.1.10 - - [04/Jul/2026:19:19:18 +0200] "GET /kontakt/ HTTP/1.1" 304 308 "https://example-site.hr/" "Mozilla/5.0 (Windows NT 10.0; Win64; x64) AppleWebKit/537.36 Chrome/148.0.0.0 Safari/537.36"
10.0.0.12 - - [04/Jul/2026:19:40:30 +0200] "GET /index.php HTTP/1.1" 200 31831 "-" "Mozilla/5.0 (Linux; Android 10; K) AppleWebKit/537.36 Chrome/148.0.0.0 Mobile Safari/537.36"
192.168.1.10 - - [04/Jul/2026:19:56:11 +0200] "GET /wp-json/wp/v2/posts HTTP/1.1" 200 22022 "-" "Mozilla/5.0 (Macintosh; Intel Mac OS X 10_15_7) AppleWebKit/537.36 Chrome/147.0.0.0 Safari/537.36"
10.0.0.5 - - [04/Jul/2026:20:55:15 +0200] "GET /proizvodi/ HTTP/1.1" 304 152 "https://example-site.hr/" "Mozilla/5.0 (Windows NT 10.0; Win64; x64) AppleWebKit/537.36 Chrome/148.0.0.0 Safari/537.36"
10.0.0.12 - - [04/Jul/2026:21:36:22 +0200] "GET /proizvodi/ HTTP/1.1" 301 161 "-" "Mozilla/5.0 (Windows NT 10.0; Win64; x64) AppleWebKit/537.36 Chrome/148.0.0.0 Safari/537.36"
192.168.1.15 - - [04/Jul/2026:22:33:46 +0200] "GET /wp-json/wp/v2/posts HTTP/1.1" 200 21140 "https://www.facebook.com/" "Mozilla/5.0 (Macintosh; Intel Mac OS X 10_15_7) AppleWebKit/537.36 Chrome/147.0.0.0 Safari/537.36"
172.16.0.8 - - [04/Jul/2026:22:40:54 +0200] "GET /wp-includes/js/jquery/jquery.min.js HTTP/1.1" 200 48018 "https://www.facebook.com/" "Mozilla/5.0 (Macintosh; Intel Mac OS X 10_15_7) AppleWebKit/537.36 Chrome/147.0.0.0 Safari/537.36"
10.0.0.5 - - [04/Jul/2026:22:47:27 +0200] "GET /wp-json/wp/v2/posts HTTP/1.1" 200 26012 "-" "Mozilla/5.0 (Macintosh; Intel Mac OS X 10_15_7) AppleWebKit/537.36 Chrome/147.0.0.0 Safari/537.36"
10.0.0.12 - - [04/Jul/2026:22:52:02 +0200] "GET /o-nama/ HTTP/1.1" 200 7964 "-" "Mozilla/5.0 (Macintosh; Intel Mac OS X 10_15_7) AppleWebKit/537.36 Chrome/147.0.0.0 Safari/537.36"
10.0.0.5 - - [04/Jul/2026:23:12:58 +0200] "GET /wp-json/wp/v2/posts HTTP/1.1" 200 2439 "https://example-site.hr/" "Mozilla/5.0 (Macintosh; Intel Mac OS X 10_15_7) AppleWebKit/537.36 Chrome/147.0.0.0 Safari/537.36"
192.168.1.10 - - [04/Jul/2026:23:46:12 +0200] "GET /proizvodi/ HTTP/1.1" 200 45289 "https://www.facebook.com/" "Mozilla/5.0 (Linux; Android 10; K) AppleWebKit/537.36 Chrome/148.0.0.0 Mobile Safari/537.36"
172.16.0.8 - - [05/Jul/2026:00:01:50 +0200] "GET /proizvodi/ HTTP/1.1" 200 31696 "https://www.google.com/" "Mozilla/5.0 (Windows NT 10.0; Win64; x64) AppleWebKit/537.36 Chrome/148.0.0.0 Safari/537.36"
10.0.0.12 - - [05/Jul/2026:00:05:51 +0200] "GET /kontakt/ HTTP/1.1" 200 6403 "https://www.facebook.com/" "Mozilla/5.0 (Linux; Android 10; K) AppleWebKit/537.36 Chrome/148.0.0.0 Mobile Safari/537.36"
192.168.1.15 - - [05/Jul/2026:00:16:28 +0200] "GET /kontakt/ HTTP/1.1" 200 18977 "https://example-site.hr/" "Mozilla/5.0 (Windows NT 10.0; Win64; x64) AppleWebKit/537.36 Chrome/148.0.0.0 Safari/537.36"
192.168.1.22 - - [05/Jul/2026:00:25:15 +0200] "GET /kontakt/ HTTP/1.1" 404 294 "-" "Mozilla/5.0 (Linux; Android 10; K) AppleWebKit/537.36 Chrome/148.0.0.0 Mobile Safari/537.36"
192.168.1.15 - - [05/Jul/2026:00:41:33 +0200] "GET /wp-json/wp/v2/posts HTTP/1.1" 200 42336 "https://www.facebook.com/" "Mozilla/5.0 (Windows NT 10.0; Win64; x64) AppleWebKit/537.36 Chrome/148.0.0.0 Safari/537.36"
192.168.1.15 - - [05/Jul/2026:00:44:06 +0200] "GET /proizvodi/ HTTP/1.1" 200 30674 "-" "Mozilla/5.0 (Windows NT 10.0; Win64; x64) AppleWebKit/537.36 Chrome/148.0.0.0 Safari/537.36"
192.168.1.22 - - [05/Jul/2026:01:16:53 +0200] "GET /wp-includes/js/jquery/jquery.min.js HTTP/1.1" 404 259 "https://www.facebook.com/" "Mozilla/5.0 (Linux; Android 10; K) AppleWebKit/537.36 Chrome/148.0.0.0 Mobile Safari/537.36"
10.0.0.12 - - [05/Jul/2026:01:39:55 +0200] "GET /o-nama/ HTTP/1.1" 200 35247 "https://www.google.com/" "Mozilla/5.0 (Windows NT 10.0; Win64; x64) AppleWebKit/537.36 Chrome/148.0.0.0 Safari/537.36"
192.168.1.10 - - [05/Jul/2026:02:02:04 +0200] "GET /o-nama/ HTTP/1.1" 200 40107 "https://www.google.com/" "Mozilla/5.0 (Windows NT 10.0; Win64; x64) AppleWebKit/537.36 Chrome/148.0.0.0 Safari/537.36"
192.168.1.15 - - [05/Jul/2026:02:11:50 +0200] "GET /kontakt/ HTTP/1.1" 200 2122 "-" "Mozilla/5.0 (Windows NT 10.0; Win64; x64) AppleWebKit/537.36 Chrome/148.0.0.0 Safari/537.36"
185.220.101.45 - - [05/Jul/2026:03:09:06 +0200] "GET /shell.php HTTP/1.1" 403 231 "-" "Nikto/2.1.6"
194.165.16.78 - - [05/Jul/2026:03:12:33 +0200] "POST /wp-login.php HTTP/1.1" 403 248 "-" "sqlmap/1.7.8"
192.168.1.15 - - [05/Jul/2026:03:35:21 +0200] "GET /o-nama/ HTTP/1.1" 304 259 "-" "Mozilla/5.0 (Linux; Android 10; K) AppleWebKit/537.36 Chrome/148.0.0.0 Mobile Safari/537.36"
172.16.0.8 - - [05/Jul/2026:04:23:16 +0200] "GET /proizvodi/ HTTP/1.1" 200 27967 "https://example-site.hr/" "Mozilla/5.0 (Macintosh; Intel Mac OS X 10_15_7) AppleWebKit/537.36 Chrome/147.0.0.0 Safari/537.36"
10.0.0.12 - - [05/Jul/2026:04:49:33 +0200] "GET /proizvodi/ HTTP/1.1" 200 24753 "https://www.google.com/" "Mozilla/5.0 (Windows NT 10.0; Win64; x64) AppleWebKit/537.36 Chrome/148.0.0.0 Safari/537.36"
10.0.0.12 - - [05/Jul/2026:04:53:02 +0200] "GET /o-nama/ HTTP/1.1" 200 4267 "-" "Mozilla/5.0 (Macintosh; Intel Mac OS X 10_15_7) AppleWebKit/537.36 Chrome/147.0.0.0 Safari/537.36"
192.168.1.10 - - [05/Jul/2026:05:20:08 +0200] "GET /index.php HTTP/1.1" 404 273 "https://example-site.hr/" "Mozilla/5.0 (Linux; Android 10; K) AppleWebKit/537.36 Chrome/148.0.0.0 Mobile Safari/537.36"
172.16.0.8 - - [05/Jul/2026:05:31:02 +0200] "GET /index.php HTTP/1.1" 200 10588 "https://example-site.hr/" "Mozilla/5.0 (Macintosh; Intel Mac OS X 10_15_7) AppleWebKit/537.36 Chrome/147.0.0.0 Safari/537.36"
192.168.1.22 - - [05/Jul/2026:07:32:13 +0200] "GET /wp-json/wp/v2/posts HTTP/1.1" 304 496 "https://example-site.hr/" "Mozilla/5.0 (Windows NT 10.0; Win64; x64) AppleWebKit/537.36 Chrome/148.0.0.0 Safari/537.36"
192.168.1.15 - - [05/Jul/2026:08:02:46 +0200] "GET /wp-includes/js/jquery/jquery.min.js HTTP/1.1" 200 40492 "https://www.facebook.com/" "Mozilla/5.0 (Macintosh; Intel Mac OS X 10_15_7) AppleWebKit/537.36 Chrome/147.0.0.0 Safari/537.36"
192.168.1.10 - - [05/Jul/2026:08:39:08 +0200] "GET /index.php HTTP/1.1" 200 30692 "-" "Mozilla/5.0 (Windows NT 10.0; Win64; x64) AppleWebKit/537.36 Chrome/148.0.0.0 Safari/537.36"
192.168.1.22 - - [05/Jul/2026:08:43:11 +0200] "GET /o-nama/ HTTP/1.1" 304 345 "-" "Mozilla/5.0 (Windows NT 10.0; Win64; x64) AppleWebKit/537.36 Chrome/148.0.0.0 Safari/537.36"
192.168.1.15 - - [05/Jul/2026:09:10:21 +0200] "GET /kontakt/ HTTP/1.1" 200 37137 "-" "Mozilla/5.0 (Windows NT 10.0; Win64; x64) AppleWebKit/537.36 Chrome/148.0.0.0 Safari/537.36"
192.168.1.10 - - [05/Jul/2026:09:21:59 +0200] "GET /kontakt/ HTTP/1.1" 200 46480 "https://example-site.hr/" "Mozilla/5.0 (Windows NT 10.0; Win64; x64) AppleWebKit/537.36 Chrome/148.0.0.0 Safari/537.36"
192.168.1.10 - - [05/Jul/2026:09:41:37 +0200] "POST /wp-comments-post.php HTTP/1.1" 200 5259 "https://www.facebook.com/" "Mozilla/5.0 (Macintosh; Intel Mac OS X 10_15_7) AppleWebKit/537.36 Chrome/147.0.0.0 Safari/537.36"
10.0.0.12 - - [05/Jul/2026:09:59:50 +0200] "GET /wp-json/wp/v2/posts HTTP/1.1" 200 18696 "https://www.facebook.com/" "Mozilla/5.0 (Windows NT 10.0; Win64; x64) AppleWebKit/537.36 Chrome/148.0.0.0 Safari/537.36"
192.168.1.22 - - [05/Jul/2026:10:33:35 +0200] "GET /o-nama/ HTTP/1.1" 200 42905 "https://www.google.com/" "Mozilla/5.0 (Linux; Android 10; K) AppleWebKit/537.36 Chrome/148.0.0.0 Mobile Safari/537.36"
10.0.0.12 - - [05/Jul/2026:10:49:00 +0200] "GET /wp-json/wp/v2/posts HTTP/1.1" 304 136 "https://example-site.hr/" "Mozilla/5.0 (Linux; Android 10; K) AppleWebKit/537.36 Chrome/148.0.0.0 Mobile Safari/537.36"
10.0.0.5 - - [05/Jul/2026:10:57:00 +0200] "GET /index.php HTTP/1.1" 200 47568 "-" "Mozilla/5.0 (Macintosh; Intel Mac OS X 10_15_7) AppleWebKit/537.36 Chrome/147.0.0.0 Safari/537.36"
10.0.0.12 - - [05/Jul/2026:11:17:53 +0200] "GET /wp-content/uploads/2025/03/product.jpg HTTP/1.1" 301 452 "https://example-site.hr/" "Mozilla/5.0 (Windows NT 10.0; Win64; x64) AppleWebKit/537.36 Chrome/148.0.0.0 Safari/537.36"
10.0.0.5 - - [05/Jul/2026:11:17:54 +0200] "POST /wp-comments-post.php HTTP/1.1" 200 32589 "https://www.facebook.com/" "Mozilla/5.0 (Macintosh; Intel Mac OS X 10_15_7) AppleWebKit/537.36 Chrome/147.0.0.0 Safari/537.36"
10.0.0.5 - - [05/Jul/2026:11:26:02 +0200] "GET /wp-json/wp/v2/posts HTTP/1.1" 200 19415 "https://www.google.com/" "Mozilla/5.0 (Macintosh; Intel Mac OS X 10_15_7) AppleWebKit/537.36 Chrome/147.0.0.0 Safari/537.36"
192.168.1.15 - - [05/Jul/2026:12:26:21 +0200] "GET /kontakt/ HTTP/1.1" 200 1671 "https://www.google.com/" "Mozilla/5.0 (Windows NT 10.0; Win64; x64) AppleWebKit/537.36 Chrome/148.0.0.0 Safari/537.36"
172.16.0.8 - - [05/Jul/2026:12:56:39 +0200] "GET /index.php HTTP/1.1" 301 373 "https://www.facebook.com/" "Mozilla/5.0 (Linux; Android 10; K) AppleWebKit/537.36 Chrome/148.0.0.0 Mobile Safari/537.36"
192.168.1.15 - - [05/Jul/2026:13:11:12 +0200] "GET /wp-includes/js/jquery/jquery.min.js HTTP/1.1" 301 117 "-" "Mozilla/5.0 (Macintosh; Intel Mac OS X 10_15_7) AppleWebKit/537.36 Chrome/147.0.0.0 Safari/537.36"
10.0.0.5 - - [05/Jul/2026:13:27:30 +0200] "GET /kontakt/ HTTP/1.1" 200 29393 "https://www.google.com/" "Mozilla/5.0 (Macintosh; Intel Mac OS X 10_15_7) AppleWebKit/537.36 Chrome/147.0.0.0 Safari/537.36"
192.168.1.22 - - [05/Jul/2026:13:41:21 +0200] "POST /wp-comments-post.php HTTP/1.1" 301 201 "https://www.google.com/" "Mozilla/5.0 (Linux; Android 10; K) AppleWebKit/537.36 Chrome/148.0.0.0 Mobile Safari/537.36"
192.168.1.10 - - [05/Jul/2026:13:48:40 +0200] "GET /o-nama/ HTTP/1.1" 200 19302 "https://www.google.com/" "Mozilla/5.0 (Windows NT 10.0; Win64; x64) AppleWebKit/537.36 Chrome/148.0.0.0 Safari/537.36"
91.108.4.100 - - [05/Jul/2026:13:49:03 +0200] "POST /wp-admin/admin-ajax.php HTTP/1.1" 404 2031 "-" "Mozilla/5.0 zgrab/0.x"
172.16.0.8 - - [05/Jul/2026:14:40:56 +0200] "GET /proizvodi/ HTTP/1.1" 200 26961 "https://www.facebook.com/" "Mozilla/5.0 (Macintosh; Intel Mac OS X 10_15_7) AppleWebKit/537.36 Chrome/147.0.0.0 Safari/537.36"
192.168.1.22 - - [05/Jul/2026:15:08:00 +0200] "GET /wp-includes/js/jquery/jquery.min.js HTTP/1.1" 200 30163 "https://www.facebook.com/" "Mozilla/5.0 (Linux; Android 10; K) AppleWebKit/537.36 Chrome/148.0.0.0 Mobile Safari/537.36"
10.0.0.12 - - [05/Jul/2026:15:30:09 +0200] "GET /o-nama/ HTTP/1.1" 200 35553 "https://www.facebook.com/" "Mozilla/5.0 (Windows NT 10.0; Win64; x64) AppleWebKit/537.36 Chrome/148.0.0.0 Safari/537.36"
10.0.0.12 - - [05/Jul/2026:16:02:38 +0200] "GET /o-nama/ HTTP/1.1" 200 25392 "https://www.facebook.com/" "Mozilla/5.0 (Linux; Android 10; K) AppleWebKit/537.36 Chrome/148.0.0.0 Mobile Safari/537.36"
10.0.0.12 - - [05/Jul/2026:16:29:12 +0200] "GET /wp-content/uploads/2025/03/product.jpg HTTP/1.1" 304 236 "https://www.google.com/" "Mozilla/5.0 (Linux; Android 10; K) AppleWebKit/537.36 Chrome/148.0.0.0 Mobile Safari/537.36"
192.168.1.15 - - [05/Jul/2026:16:32:26 +0200] "GET /wp-json/wp/v2/posts HTTP/1.1" 200 4910 "https://www.google.com/" "Mozilla/5.0 (Linux; Android 10; K) AppleWebKit/537.36 Chrome/148.0.0.0 Mobile Safari/537.36"
192.168.1.15 - - [05/Jul/2026:16:59:30 +0200] "POST /wp-comments-post.php HTTP/1.1" 200 40195 "https://example-site.hr/" "Mozilla/5.0 (Macintosh; Intel Mac OS X 10_15_7) AppleWebKit/537.36 Chrome/147.0.0.0 Safari/537.36"
10.0.0.5 - - [05/Jul/2026:17:47:53 +0200] "GET /wp-json/wp/v2/posts HTTP/1.1" 404 323 "https://example-site.hr/" "Mozilla/5.0 (Macintosh; Intel Mac OS X 10_15_7) AppleWebKit/537.36 Chrome/147.0.0.0 Safari/537.36"
192.168.1.22 - - [05/Jul/2026:17:52:37 +0200] "POST /wp-comments-post.php HTTP/1.1" 200 4972 "https://www.google.com/" "Mozilla/5.0 (Windows NT 10.0; Win64; x64) AppleWebKit/537.36 Chrome/148.0.0.0 Safari/537.36"
10.0.0.12 - - [05/Jul/2026:18:00:03 +0200] "GET /wp-json/wp/v2/posts HTTP/1.1" 200 43373 "-" "Mozilla/5.0 (Linux; Android 10; K) AppleWebKit/537.36 Chrome/148.0.0.0 Mobile Safari/537.36"
192.168.1.15 - - [05/Jul/2026:18:19:14 +0200] "GET /kontakt/ HTTP/1.1" 200 40074 "-" "Mozilla/5.0 (Macintosh; Intel Mac OS X 10_15_7) AppleWebKit/537.36 Chrome/147.0.0.0 Safari/537.36"
91.108.4.100 - - [05/Jul/2026:19:03:52 +0200] "GET /shell.php HTTP/1.1" 403 971 "-" "Mozilla/5.0 zgrab/0.x"
10.0.0.12 - - [05/Jul/2026:19:07:50 +0200] "GET /wp-content/uploads/2025/03/product.jpg HTTP/1.1" 301 267 "https://example-site.hr/" "Mozilla/5.0 (Windows NT 10.0; Win64; x64) AppleWebKit/537.36 Chrome/148.0.0.0 Safari/537.36"
192.168.1.10 - - [05/Jul/2026:19:12:51 +0200] "GET /index.php HTTP/1.1" 200 44404 "https://www.facebook.com/" "Mozilla/5.0 (Linux; Android 10; K) AppleWebKit/537.36 Chrome/148.0.0.0 Mobile Safari/537.36"
192.168.1.22 - - [05/Jul/2026:19:28:27 +0200] "GET /o-nama/ HTTP/1.1" 301 281 "https://example-site.hr/" "Mozilla/5.0 (Linux; Android 10; K) AppleWebKit/537.36 Chrome/148.0.0.0 Mobile Safari/537.36"
10.0.0.12 - - [05/Jul/2026:19:48:39 +0200] "GET /wp-content/uploads/2025/03/product.jpg HTTP/1.1" 200 22005 "-" "Mozilla/5.0 (Windows NT 10.0; Win64; x64) AppleWebKit/537.36 Chrome/148.0.0.0 Safari/537.36"
10.0.0.12 - - [05/Jul/2026:20:29:48 +0200] "GET /index.php HTTP/1.1" 200 26435 "-" "Mozilla/5.0 (Windows NT 10.0; Win64; x64) AppleWebKit/537.36 Chrome/148.0.0.0 Safari/537.36"
192.168.1.15 - - [05/Jul/2026:20:45:58 +0200] "GET /wp-includes/js/jquery/jquery.min.js HTTP/1.1" 404 327 "https://www.facebook.com/" "Mozilla/5.0 (Macintosh; Intel Mac OS X 10_15_7) AppleWebKit/537.36 Chrome/147.0.0.0 Safari/537.36"
10.0.0.12 - - [05/Jul/2026:20:50:49 +0200] "GET /index.php HTTP/1.1" 301 199 "https://www.google.com/" "Mozilla/5.0 (Windows NT 10.0; Win64; x64) AppleWebKit/537.36 Chrome/148.0.0.0 Safari/537.36"
10.0.0.5 - - [05/Jul/2026:20:52:29 +0200] "GET /proizvodi/ HTTP/1.1" 200 16461 "https://www.facebook.com/" "Mozilla/5.0 (Macintosh; Intel Mac OS X 10_15_7) AppleWebKit/537.36 Chrome/147.0.0.0 Safari/537.36"
10.0.0.5 - - [05/Jul/2026:21:05:44 +0200] "GET /o-nama/ HTTP/1.1" 200 17184 "-" "Mozilla/5.0 (Macintosh; Intel Mac OS X 10_15_7) AppleWebKit/537.36 Chrome/147.0.0.0 Safari/537.36"
172.16.0.8 - - [05/Jul/2026:21:17:28 +0200] "GET /o-nama/ HTTP/1.1" 200 46612 "-" "Mozilla/5.0 (Macintosh; Intel Mac OS X 10_15_7) AppleWebKit/537.36 Chrome/147.0.0.0 Safari/537.36"
192.168.1.15 - - [05/Jul/2026:22:39:25 +0200] "GET /index.php HTTP/1.1" 302 227 "https://example-site.hr/" "Mozilla/5.0 (Linux; Android 10; K) AppleWebKit/537.36 Chrome/148.0.0.0 Mobile Safari/537.36"
192.168.1.10 - - [05/Jul/2026:22:54:32 +0200] "GET /wp-content/uploads/2025/03/product.jpg HTTP/1.1" 200 24878 "https://example-site.hr/" "Mozilla/5.0 (Linux; Android 10; K) AppleWebKit/537.36 Chrome/148.0.0.0 Mobile Safari/537.36"
192.168.1.10 - - [05/Jul/2026:23:21:23 +0200] "GET /wp-includes/js/jquery/jquery.min.js HTTP/1.1" 301 105 "https://www.facebook.com/" "Mozilla/5.0 (Windows NT 10.0; Win64; x64) AppleWebKit/537.36 Chrome/148.0.0.0 Safari/537.36"
10.0.0.12 - - [05/Jul/2026:23:24:22 +0200] "GET /wp-json/wp/v2/posts HTTP/1.1" 200 18151 "-" "Mozilla/5.0 (Linux; Android 10; K) AppleWebKit/537.36 Chrome/148.0.0.0 Mobile Safari/537.36"
10.0.0.12 - - [05/Jul/2026:23:50:49 +0200] "GET /o-nama/ HTTP/1.1" 200 6005 "https://www.google.com/" "Mozilla/5.0 (Linux; Android 10; K) AppleWebKit/537.36 Chrome/148.0.0.0 Mobile Safari/537.36"
192.168.1.15 - - [06/Jul/2026:00:18:34 +0200] "POST /wp-comments-post.php HTTP/1.1" 301 358 "https://www.google.com/" "Mozilla/5.0 (Windows NT 10.0; Win64; x64) AppleWebKit/537.36 Chrome/148.0.0.0 Safari/537.36"
192.168.1.22 - - [06/Jul/2026:00:48:18 +0200] "GET /wp-includes/js/jquery/jquery.min.js HTTP/1.1" 200 28902 "-" "Mozilla/5.0 (Linux; Android 10; K) AppleWebKit/537.36 Chrome/148.0.0.0 Mobile Safari/537.36"
172.16.0.8 - - [06/Jul/2026:01:20:37 +0200] "GET /wp-json/wp/v2/posts HTTP/1.1" 302 458 "-" "Mozilla/5.0 (Windows NT 10.0; Win64; x64) AppleWebKit/537.36 Chrome/148.0.0.0 Safari/537.36"
10.0.0.5 - - [06/Jul/2026:01:32:57 +0200] "GET /index.php HTTP/1.1" 200 16641 "https://example-site.hr/" "Mozilla/5.0 (Macintosh; Intel Mac OS X 10_15_7) AppleWebKit/537.36 Chrome/147.0.0.0 Safari/537.36"
172.16.0.8 - - [06/Jul/2026:01:54:42 +0200] "GET /wp-json/wp/v2/posts HTTP/1.1" 200 8677 "https://www.facebook.com/" "Mozilla/5.0 (Linux; Android 10; K) AppleWebKit/537.36 Chrome/148.0.0.0 Mobile Safari/537.36"
10.0.0.5 - - [06/Jul/2026:02:04:28 +0200] "POST /wp-comments-post.php HTTP/1.1" 200 6831 "-" "Mozilla/5.0 (Macintosh; Intel Mac OS X 10_15_7) AppleWebKit/537.36 Chrome/147.0.0.0 Safari/537.36"
192.168.1.22 - - [06/Jul/2026:02:08:13 +0200] "GET /o-nama/ HTTP/1.1" 404 476 "https://example-site.hr/" "Mozilla/5.0 (Linux; Android 10; K) AppleWebKit/537.36 Chrome/148.0.0.0 Mobile Safari/537.36"
10.0.0.5 - - [06/Jul/2026:02:11:51 +0200] "GET /wp-json/wp/v2/posts HTTP/1.1" 304 161 "https://www.google.com/" "Mozilla/5.0 (Windows NT 10.0; Win64; x64) AppleWebKit/537.36 Chrome/148.0.0.0 Safari/537.36"
192.168.1.22 - - [06/Jul/2026:02:14:15 +0200] "GET /wp-includes/js/jquery/jquery.min.js HTTP/1.1" 404 218 "https://www.google.com/" "Mozilla/5.0 (Macintosh; Intel Mac OS X 10_15_7) AppleWebKit/537.36 Chrome/147.0.0.0 Safari/537.36"
194.165.16.78 - - [06/Jul/2026:02:17:00 +0200] "GET /shell.php HTTP/1.1" 403 2516 "-" "Mozilla/5.0 zgrab/0.x"
10.0.0.12 - - [06/Jul/2026:02:41:58 +0200] "GET /o-nama/ HTTP/1.1" 200 19974 "https://example-site.hr/" "Mozilla/5.0 (Windows NT 10.0; Win64; x64) AppleWebKit/537.36 Chrome/148.0.0.0 Safari/537.36"
10.0.0.12 - - [06/Jul/2026:02:41:59 +0200] "GET /index.php HTTP/1.1" 302 370 "https://www.facebook.com/" "Mozilla/5.0 (Windows NT 10.0; Win64; x64) AppleWebKit/537.36 Chrome/148.0.0.0 Safari/537.36"
172.16.0.8 - - [06/Jul/2026:02:44:33 +0200] "GET /wp-content/uploads/2025/03/product.jpg HTTP/1.1" 304 142 "https://example-site.hr/" "Mozilla/5.0 (Macintosh; Intel Mac OS X 10_15_7) AppleWebKit/537.36 Chrome/147.0.0.0 Safari/537.36"
192.168.1.10 - - [06/Jul/2026:02:46:15 +0200] "GET /kontakt/ HTTP/1.1" 301 318 "https://example-site.hr/" "Mozilla/5.0 (Macintosh; Intel Mac OS X 10_15_7) AppleWebKit/537.36 Chrome/147.0.0.0 Safari/537.36"
172.16.0.8 - - [06/Jul/2026:02:54:03 +0200] "GET /o-nama/ HTTP/1.1" 200 7903 "https://www.google.com/" "Mozilla/5.0 (Windows NT 10.0; Win64; x64) AppleWebKit/537.36 Chrome/148.0.0.0 Safari/537.36"
172.16.0.8 - - [06/Jul/2026:03:08:38 +0200] "GET /proizvodi/ HTTP/1.1" 200 6633 "https://www.google.com/" "Mozilla/5.0 (Linux; Android 10; K) AppleWebKit/537.36 Chrome/148.0.0.0 Mobile Safari/537.36"
194.165.16.78 - - [06/Jul/2026:03:09:50 +0200] "GET /.env HTTP/1.1" 404 665 "-" "Mozilla/5.0 (Linux; Android 10; K) AppleWebKit/537.36 Chrome/148.0.0.0 Mobile Safari/537.36"
192.168.1.15 - - [06/Jul/2026:03:11:45 +0200] "GET /wp-content/uploads/2025/03/product.jpg HTTP/1.1" 200 6175 "https://www.facebook.com/" "Mozilla/5.0 (Linux; Android 10; K) AppleWebKit/537.36 Chrome/148.0.0.0 Mobile Safari/537.36"
192.168.1.22 - - [06/Jul/2026:03:28:44 +0200] "GET /wp-content/uploads/2025/03/product.jpg HTTP/1.1" 304 352 "https://www.google.com/" "Mozilla/5.0 (Windows NT 10.0; Win64; x64) AppleWebKit/537.36 Chrome/148.0.0.0 Safari/537.36"
10.0.0.5 - - [06/Jul/2026:03:31:02 +0200] "GET /o-nama/ HTTP/1.1" 404 366 "https://www.google.com/" "Mozilla/5.0 (Macintosh; Intel Mac OS X 10_15_7) AppleWebKit/537.36 Chrome/147.0.0.0 Safari/537.36"
10.0.0.5 - - [06/Jul/2026:04:16:42 +0200] "GET /o-nama/ HTTP/1.1" 200 7767 "-" "Mozilla/5.0 (Linux; Android 10; K) AppleWebKit/537.36 Chrome/148.0.0.0 Mobile Safari/537.36"
192.168.1.15 - - [06/Jul/2026:04:19:26 +0200] "GET /wp-json/wp/v2/posts HTTP/1.1" 200 45076 "-" "Mozilla/5.0 (Linux; Android 10; K) AppleWebKit/537.36 Chrome/148.0.0.0 Mobile Safari/537.36"
45.33.32.156 - - [06/Jul/2026:04:20:56 +0200] "GET /wp-config.php.bak HTTP/1.1" 403 1047 "-" "sqlmap/1.7.8"
10.0.0.5 - - [06/Jul/2026:04:24:58 +0200] "GET /wp-content/uploads/2025/03/product.jpg HTTP/1.1" 200 14982 "https://example-site.hr/" "Mozilla/5.0 (Macintosh; Intel Mac OS X 10_15_7) AppleWebKit/537.36 Chrome/147.0.0.0 Safari/537.36"
172.16.0.8 - - [06/Jul/2026:04:51:55 +0200] "POST /wp-comments-post.php HTTP/1.1" 304 372 "https://www.facebook.com/" "Mozilla/5.0 (Windows NT 10.0; Win64; x64) AppleWebKit/537.36 Chrome/148.0.0.0 Safari/537.36"
185.220.101.45 - - [06/Jul/2026:05:46:04 +0200] "POST /xmlrpc.php HTTP/1.1" 404 2383 "-" "python-requests/2.28.0"
172.16.0.8 - - [06/Jul/2026:05:49:55 +0200] "GET /wp-json/wp/v2/posts HTTP/1.1" 200 37175 "https://example-site.hr/" "Mozilla/5.0 (Macintosh; Intel Mac OS X 10_15_7) AppleWebKit/537.36 Chrome/147.0.0.0 Safari/537.36"
192.168.1.22 - - [06/Jul/2026:05:52:42 +0200] "GET /wp-content/uploads/2025/03/product.jpg HTTP/1.1" 200 42344 "https://example-site.hr/" "Mozilla/5.0 (Windows NT 10.0; Win64; x64) AppleWebKit/537.36 Chrome/148.0.0.0 Safari/537.36"
192.168.1.10 - - [06/Jul/2026:06:07:22 +0200] "GET /wp-includes/js/jquery/jquery.min.js HTTP/1.1" 200 4781 "-" "Mozilla/5.0 (Linux; Android 10; K) AppleWebKit/537.36 Chrome/148.0.0.0 Mobile Safari/537.36"
192.168.1.15 - - [06/Jul/2026:06:10:25 +0200] "GET /o-nama/ HTTP/1.1" 200 21204 "https://www.google.com/" "Mozilla/5.0 (Macintosh; Intel Mac OS X 10_15_7) AppleWebKit/537.36 Chrome/147.0.0.0 Safari/537.36"
192.168.1.10 - - [06/Jul/2026:06:15:29 +0200] "GET /wp-json/wp/v2/posts HTTP/1.1" 200 12857 "https://www.google.com/" "Mozilla/5.0 (Macintosh; Intel Mac OS X 10_15_7) AppleWebKit/537.36 Chrome/147.0.0.0 Safari/537.36"
10.0.0.5 - - [06/Jul/2026:06:29:46 +0200] "GET /index.php HTTP/1.1" 200 31979 "https://www.facebook.com/" "Mozilla/5.0 (Windows NT 10.0; Win64; x64) AppleWebKit/537.36 Chrome/148.0.0.0 Safari/537.36"
10.0.0.12 - - [06/Jul/2026:07:26:59 +0200] "POST /wp-comments-post.php HTTP/1.1" 200 38253 "https://www.facebook.com/" "Mozilla/5.0 (Windows NT 10.0; Win64; x64) AppleWebKit/537.36 Chrome/148.0.0.0 Safari/537.36"
172.16.0.8 - - [06/Jul/2026:07:27:37 +0200] "GET /index.php HTTP/1.1" 301 413 "https://www.facebook.com/" "Mozilla/5.0 (Macintosh; Intel Mac OS X 10_15_7) AppleWebKit/537.36 Chrome/147.0.0.0 Safari/537.36"
172.16.0.8 - - [06/Jul/2026:07:56:46 +0200] "POST /wp-comments-post.php HTTP/1.1" 200 18751 "https://example-site.hr/" "Mozilla/5.0 (Macintosh; Intel Mac OS X 10_15_7) AppleWebKit/537.36 Chrome/147.0.0.0 Safari/537.36"
10.0.0.5 - - [06/Jul/2026:08:03:36 +0200] "GET /proizvodi/ HTTP/1.1" 200 27257 "-" "Mozilla/5.0 (Macintosh; Intel Mac OS X 10_15_7) AppleWebKit/537.36 Chrome/147.0.0.0 Safari/537.36"
192.168.1.22 - - [06/Jul/2026:08:07:53 +0200] "GET /wp-content/uploads/2025/03/product.jpg HTTP/1.1" 302 232 "https://example-site.hr/" "Mozilla/5.0 (Macintosh; Intel Mac OS X 10_15_7) AppleWebKit/537.36 Chrome/147.0.0.0 Safari/537.36"
192.168.1.10 - - [06/Jul/2026:08:18:19 +0200] "GET /index.php HTTP/1.1" 200 16440 "-" "Mozilla/5.0 (Linux; Android 10; K) AppleWebKit/537.36 Chrome/148.0.0.0 Mobile Safari/537.36"
172.16.0.8 - - [06/Jul/2026:08:41:36 +0200] "GET /wp-content/uploads/2025/03/product.jpg HTTP/1.1" 200 7380 "https://example-site.hr/" "Mozilla/5.0 (Windows NT 10.0; Win64; x64) AppleWebKit/537.36 Chrome/148.0.0.0 Safari/537.36"
10.0.0.12 - - [06/Jul/2026:09:01:03 +0200] "GET /wp-json/wp/v2/posts HTTP/1.1" 200 43026 "https://example-site.hr/" "Mozilla/5.0 (Windows NT 10.0; Win64; x64) AppleWebKit/537.36 Chrome/148.0.0.0 Safari/537.36"
10.0.0.5 - - [06/Jul/2026:09:03:33 +0200] "GET /wp-includes/js/jquery/jquery.min.js HTTP/1.1" 200 6317 "https://example-site.hr/" "Mozilla/5.0 (Windows NT 10.0; Win64; x64) AppleWebKit/537.36 Chrome/148.0.0.0 Safari/537.36"
172.16.0.8 - - [06/Jul/2026:09:22:35 +0200] "GET /index.php HTTP/1.1" 304 311 "https://www.google.com/" "Mozilla/5.0 (Linux; Android 10; K) AppleWebKit/537.36 Chrome/148.0.0.0 Mobile Safari/537.36"
10.0.0.5 - - [06/Jul/2026:09:55:28 +0200] "GET /o-nama/ HTTP/1.1" 301 291 "https://example-site.hr/" "Mozilla/5.0 (Linux; Android 10; K) AppleWebKit/537.36 Chrome/148.0.0.0 Mobile Safari/537.36"
10.0.0.12 - - [06/Jul/2026:09:56:04 +0200] "GET /index.php HTTP/1.1" 200 42911 "-" "Mozilla/5.0 (Windows NT 10.0; Win64; x64) AppleWebKit/537.36 Chrome/148.0.0.0 Safari/537.36"
172.16.0.8 - - [06/Jul/2026:11:06:39 +0200] "GET /wp-json/wp/v2/posts HTTP/1.1" 302 151 "https://www.google.com/" "Mozilla/5.0 (Windows NT 10.0; Win64; x64) AppleWebKit/537.36 Chrome/148.0.0.0 Safari/537.36"
10.0.0.5 - - [06/Jul/2026:11:06:53 +0200] "GET /wp-json/wp/v2/posts HTTP/1.1" 200 2103 "-" "Mozilla/5.0 (Macintosh; Intel Mac OS X 10_15_7) AppleWebKit/537.36 Chrome/147.0.0.0 Safari/537.36"
192.168.1.15 - - [06/Jul/2026:11:38:44 +0200] "GET /wp-content/uploads/2025/03/product.jpg HTTP/1.1" 200 38174 "-" "Mozilla/5.0 (Macintosh; Intel Mac OS X 10_15_7) AppleWebKit/537.36 Chrome/147.0.0.0 Safari/537.36"
10.0.0.12 - - [06/Jul/2026:11:53:01 +0200] "POST /wp-comments-post.php HTTP/1.1" 200 38163 "https://example-site.hr/" "Mozilla/5.0 (Linux; Android 10; K) AppleWebKit/537.36 Chrome/148.0.0.0 Mobile Safari/537.36"
192.168.1.22 - - [06/Jul/2026:12:09:40 +0200] "GET /wp-includes/js/jquery/jquery.min.js HTTP/1.1" 304 275 "-" "Mozilla/5.0 (Windows NT 10.0; Win64; x64) AppleWebKit/537.36 Chrome/148.0.0.0 Safari/537.36"
172.16.0.8 - - [06/Jul/2026:12:49:31 +0200] "GET /wp-includes/js/jquery/jquery.min.js HTTP/1.1" 200 29459 "https://www.google.com/" "Mozilla/5.0 (Macintosh; Intel Mac OS X 10_15_7) AppleWebKit/537.36 Chrome/147.0.0.0 Safari/537.36"
192.168.1.10 - - [06/Jul/2026:13:10:52 +0200] "GET /wp-includes/js/jquery/jquery.min.js HTTP/1.1" 200 18336 "https://www.google.com/" "Mozilla/5.0 (Windows NT 10.0; Win64; x64) AppleWebKit/537.36 Chrome/148.0.0.0 Safari/537.36"
91.108.4.100 - - [06/Jul/2026:14:05:00 +0200] "POST /wp-admin/admin-post.php?action=upload HTTP/1.1" 400 104 "-" "python-requests/2.28.0"
91.108.4.100 - - [06/Jul/2026:14:05:15 +0200] "POST /wp-admin/admin-post.php?action=upload HTTP/1.1" 403 632 "-" "python-requests/2.28.0"
91.108.4.100 - - [06/Jul/2026:14:05:30 +0200] "POST /wp-admin/admin-post.php?action=upload HTTP/1.1" 500 625 "-" "python-requests/2.28.0"
91.108.4.100 - - [06/Jul/2026:14:05:45 +0200] "GET /page.php?file=../../../../etc/passwd HTTP/1.1" 400 718 "-" "python-requests/2.28.0"
91.108.4.100 - - [06/Jul/2026:14:06:00 +0200] "GET /page.php?file=../../../../etc/passwd HTTP/1.1" 404 525 "-" "python-requests/2.28.0"
91.108.4.100 - - [06/Jul/2026:14:06:15 +0200] "GET /index.php?id=1' OR '1'='1 HTTP/1.1" 404 622 "-" "python-requests/2.28.0"
91.108.4.100 - - [06/Jul/2026:14:06:30 +0200] "GET /page.php?file=../../../../etc/passwd HTTP/1.1" 400 589 "-" "python-requests/2.28.0"
10.0.0.12 - - [06/Jul/2026:14:06:32 +0200] "GET /kontakt/ HTTP/1.1" 200 3374 "https://www.facebook.com/" "Mozilla/5.0 (Windows NT 10.0; Win64; x64) AppleWebKit/537.36 Chrome/148.0.0.0 Safari/537.36"
91.108.4.100 - - [06/Jul/2026:14:06:45 +0200] "POST /wp-admin/admin-post.php?action=upload HTTP/1.1" 500 429 "-" "python-requests/2.28.0"
91.108.4.100 - - [06/Jul/2026:14:07:00 +0200] "GET /wp-content/plugins/vulnerable-plugin/shell.php?cmd=whoami HTTP/1.1" 403 743 "-" "python-requests/2.28.0"
91.108.4.100 - - [06/Jul/2026:14:07:15 +0200] "GET /index.php?id=1' OR '1'='1 HTTP/1.1" 403 427 "-" "python-requests/2.28.0"
91.108.4.100 - - [06/Jul/2026:14:07:30 +0200] "GET /?s=../../../../etc/passwd%00 HTTP/1.1" 403 473 "-" "python-requests/2.28.0"
91.108.4.100 - - [06/Jul/2026:14:07:45 +0200] "GET /index.php?id=1' OR '1'='1 HTTP/1.1" 500 367 "-" "python-requests/2.28.0"
91.108.4.100 - - [06/Jul/2026:14:08:00 +0200] "GET /search?q=<script>alert(1)</script> HTTP/1.1" 400 728 "-" "python-requests/2.28.0"
91.108.4.100 - - [06/Jul/2026:14:08:15 +0200] "GET /wp-content/plugins/vulnerable-plugin/shell.php?cmd=whoami HTTP/1.1" 400 348 "-" "python-requests/2.28.0"
91.108.4.100 - - [06/Jul/2026:14:08:30 +0200] "GET /search?q=<script>alert(1)</script> HTTP/1.1" 403 572 "-" "python-requests/2.28.0"
91.108.4.100 - - [06/Jul/2026:14:08:45 +0200] "GET /wp-content/plugins/vulnerable-plugin/shell.php?cmd=whoami HTTP/1.1" 403 106 "-" "python-requests/2.28.0"
91.108.4.100 - - [06/Jul/2026:14:09:00 +0200] "GET /?s=../../../../etc/passwd%00 HTTP/1.1" 403 111 "-" "python-requests/2.28.0"
91.108.4.100 - - [06/Jul/2026:14:09:15 +0200] "GET /wp-content/plugins/vulnerable-plugin/shell.php?cmd=whoami HTTP/1.1" 400 490 "-" "python-requests/2.28.0"
91.108.4.100 - - [06/Jul/2026:14:09:30 +0200] "GET /index.php?id=1' OR '1'='1 HTTP/1.1" 403 559 "-" "python-requests/2.28.0"
91.108.4.100 - - [06/Jul/2026:14:09:45 +0200] "GET /index.php?id=1' OR '1'='1 HTTP/1.1" 404 461 "-" "python-requests/2.28.0"
10.0.0.12 - - [06/Jul/2026:15:17:53 +0200] "GET /wp-content/uploads/2025/03/product.jpg HTTP/1.1" 200 43861 "https://example-site.hr/" "Mozilla/5.0 (Linux; Android 10; K) AppleWebKit/537.36 Chrome/148.0.0.0 Mobile Safari/537.36"
10.0.0.5 - - [06/Jul/2026:15:25:47 +0200] "GET /kontakt/ HTTP/1.1" 200 37405 "https://www.google.com/" "Mozilla/5.0 (Linux; Android 10; K) AppleWebKit/537.36 Chrome/148.0.0.0 Mobile Safari/537.36"
192.168.1.15 - - [06/Jul/2026:15:37:21 +0200] "GET /index.php HTTP/1.1" 200 41023 "-" "Mozilla/5.0 (Linux; Android 10; K) AppleWebKit/537.36 Chrome/148.0.0.0 Mobile Safari/537.36"
10.0.0.5 - - [06/Jul/2026:16:10:11 +0200] "GET /proizvodi/ HTTP/1.1" 200 43129 "-" "Mozilla/5.0 (Macintosh; Intel Mac OS X 10_15_7) AppleWebKit/537.36 Chrome/147.0.0.0 Safari/537.36"
10.0.0.5 - - [06/Jul/2026:16:15:47 +0200] "GET /wp-json/wp/v2/posts HTTP/1.1" 200 25803 "https://example-site.hr/" "Mozilla/5.0 (Macintosh; Intel Mac OS X 10_15_7) AppleWebKit/537.36 Chrome/147.0.0.0 Safari/537.36"
192.168.1.22 - - [06/Jul/2026:16:23:16 +0200] "POST /wp-comments-post.php HTTP/1.1" 304 364 "https://www.facebook.com/" "Mozilla/5.0 (Macintosh; Intel Mac OS X 10_15_7) AppleWebKit/537.36 Chrome/147.0.0.0 Safari/537.36"
10.0.0.5 - - [06/Jul/2026:16:58:38 +0200] "GET /index.php HTTP/1.1" 302 490 "https://www.facebook.com/" "Mozilla/5.0 (Windows NT 10.0; Win64; x64) AppleWebKit/537.36 Chrome/148.0.0.0 Safari/537.36"
192.168.1.10 - - [06/Jul/2026:17:06:31 +0200] "GET /index.php HTTP/1.1" 304 347 "https://www.google.com/" "Mozilla/5.0 (Linux; Android 10; K) AppleWebKit/537.36 Chrome/148.0.0.0 Mobile Safari/537.36"
172.16.0.8 - - [06/Jul/2026:17:27:00 +0200] "POST /wp-comments-post.php HTTP/1.1" 200 4324 "-" "Mozilla/5.0 (Windows NT 10.0; Win64; x64) AppleWebKit/537.36 Chrome/148.0.0.0 Safari/537.36"
192.168.1.15 - - [06/Jul/2026:17:50:54 +0200] "GET /wp-json/wp/v2/posts HTTP/1.1" 304 471 "https://www.google.com/" "Mozilla/5.0 (Macintosh; Intel Mac OS X 10_15_7) AppleWebKit/537.36 Chrome/147.0.0.0 Safari/537.36"
172.16.0.8 - - [06/Jul/2026:18:10:24 +0200] "GET /wp-json/wp/v2/posts HTTP/1.1" 200 17616 "https://www.facebook.com/" "Mozilla/5.0 (Macintosh; Intel Mac OS X 10_15_7) AppleWebKit/537.36 Chrome/147.0.0.0 Safari/537.36"
192.168.1.15 - - [06/Jul/2026:18:45:33 +0200] "GET /wp-json/wp/v2/posts HTTP/1.1" 301 231 "https://www.google.com/" "Mozilla/5.0 (Windows NT 10.0; Win64; x64) AppleWebKit/537.36 Chrome/148.0.0.0 Safari/537.36"
192.168.1.15 - - [06/Jul/2026:18:55:45 +0200] "POST /wp-comments-post.php HTTP/1.1" 200 13339 "https://www.google.com/" "Mozilla/5.0 (Linux; Android 10; K) AppleWebKit/537.36 Chrome/148.0.0.0 Mobile Safari/537.36"
192.168.1.22 - - [06/Jul/2026:19:30:23 +0200] "GET /index.php HTTP/1.1" 200 5291 "https://www.google.com/" "Mozilla/5.0 (Macintosh; Intel Mac OS X 10_15_7) AppleWebKit/537.36 Chrome/147.0.0.0 Safari/537.36"
10.0.0.5 - - [06/Jul/2026:19:30:25 +0200] "GET /wp-content/uploads/2025/03/product.jpg HTTP/1.1" 200 21675 "https://www.facebook.com/" "Mozilla/5.0 (Linux; Android 10; K) AppleWebKit/537.36 Chrome/148.0.0.0 Mobile Safari/537.36"
10.0.0.5 - - [06/Jul/2026:19:40:50 +0200] "GET /o-nama/ HTTP/1.1" 302 446 "-" "Mozilla/5.0 (Windows NT 10.0; Win64; x64) AppleWebKit/537.36 Chrome/148.0.0.0 Safari/537.36"
192.168.1.22 - - [06/Jul/2026:20:13:38 +0200] "GET /o-nama/ HTTP/1.1" 200 8423 "https://www.google.com/" "Mozilla/5.0 (Linux; Android 10; K) AppleWebKit/537.36 Chrome/148.0.0.0 Mobile Safari/537.36"
10.0.0.5 - - [06/Jul/2026:20:16:05 +0200] "GET /wp-json/wp/v2/posts HTTP/1.1" 200 3775 "https://www.google.com/" "Mozilla/5.0 (Linux; Android 10; K) AppleWebKit/537.36 Chrome/148.0.0.0 Mobile Safari/537.36"
192.168.1.15 - - [06/Jul/2026:20:35:02 +0200] "GET /kontakt/ HTTP/1.1" 301 241 "https://example-site.hr/" "Mozilla/5.0 (Linux; Android 10; K) AppleWebKit/537.36 Chrome/148.0.0.0 Mobile Safari/537.36"
10.0.0.5 - - [06/Jul/2026:21:04:50 +0200] "GET /kontakt/ HTTP/1.1" 200 48060 "https://example-site.hr/" "Mozilla/5.0 (Macintosh; Intel Mac OS X 10_15_7) AppleWebKit/537.36 Chrome/147.0.0.0 Safari/537.36"
10.0.0.12 - - [06/Jul/2026:21:07:45 +0200] "POST /wp-comments-post.php HTTP/1.1" 200 36693 "https://www.facebook.com/" "Mozilla/5.0 (Windows NT 10.0; Win64; x64) AppleWebKit/537.36 Chrome/148.0.0.0 Safari/537.36"
172.16.0.8 - - [06/Jul/2026:21:48:54 +0200] "GET /wp-includes/js/jquery/jquery.min.js HTTP/1.1" 404 314 "https://www.google.com/" "Mozilla/5.0 (Linux; Android 10; K) AppleWebKit/537.36 Chrome/148.0.0.0 Mobile Safari/537.36"
172.16.0.8 - - [06/Jul/2026:22:38:14 +0200] "GET /proizvodi/ HTTP/1.1" 200 28090 "https://www.google.com/" "Mozilla/5.0 (Linux; Android 10; K) AppleWebKit/537.36 Chrome/148.0.0.0 Mobile Safari/537.36"
10.0.0.12 - - [06/Jul/2026:22:41:59 +0200] "GET /wp-json/wp/v2/posts HTTP/1.1" 200 41531 "https://example-site.hr/" "Mozilla/5.0 (Macintosh; Intel Mac OS X 10_15_7) AppleWebKit/537.36 Chrome/147.0.0.0 Safari/537.36"
172.16.0.8 - - [06/Jul/2026:22:47:24 +0200] "GET /proizvodi/ HTTP/1.1" 200 19154 "https://example-site.hr/" "Mozilla/5.0 (Macintosh; Intel Mac OS X 10_15_7) AppleWebKit/537.36 Chrome/147.0.0.0 Safari/537.36"
10.0.0.5 - - [06/Jul/2026:23:00:27 +0200] "GET /wp-includes/js/jquery/jquery.min.js HTTP/1.1" 200 24235 "https://example-site.hr/" "Mozilla/5.0 (Windows NT 10.0; Win64; x64) AppleWebKit/537.36 Chrome/148.0.0.0 Safari/537.36"
192.168.1.10 - - [06/Jul/2026:23:01:07 +0200] "GET /o-nama/ HTTP/1.1" 200 12321 "https://example-site.hr/" "Mozilla/5.0 (Macintosh; Intel Mac OS X 10_15_7) AppleWebKit/537.36 Chrome/147.0.0.0 Safari/537.36"
192.168.1.15 - - [06/Jul/2026:23:05:25 +0200] "GET /o-nama/ HTTP/1.1" 200 21119 "https://www.google.com/" "Mozilla/5.0 (Linux; Android 10; K) AppleWebKit/537.36 Chrome/148.0.0.0 Mobile Safari/537.36"
192.168.1.15 - - [06/Jul/2026:23:16:59 +0200] "POST /wp-comments-post.php HTTP/1.1" 200 31100 "https://example-site.hr/" "Mozilla/5.0 (Macintosh; Intel Mac OS X 10_15_7) AppleWebKit/537.36 Chrome/147.0.0.0 Safari/537.36"
172.16.0.8 - - [06/Jul/2026:23:34:45 +0200] "GET /o-nama/ HTTP/1.1" 200 17197 "https://www.google.com/" "Mozilla/5.0 (Linux; Android 10; K) AppleWebKit/537.36 Chrome/148.0.0.0 Mobile Safari/537.36"
172.16.0.8 - - [06/Jul/2026:23:47:31 +0200] "GET /o-nama/ HTTP/1.1" 200 14517 "https://example-site.hr/" "Mozilla/5.0 (Linux; Android 10; K) AppleWebKit/537.36 Chrome/148.0.0.0 Mobile Safari/537.36"
10.0.0.5 - - [07/Jul/2026:00:14:51 +0200] "POST /wp-comments-post.php HTTP/1.1" 200 10695 "https://www.facebook.com/" "Mozilla/5.0 (Windows NT 10.0; Win64; x64) AppleWebKit/537.36 Chrome/148.0.0.0 Safari/537.36"
172.16.0.8 - - [07/Jul/2026:00:31:29 +0200] "GET /kontakt/ HTTP/1.1" 200 33080 "https://example-site.hr/" "Mozilla/5.0 (Linux; Android 10; K) AppleWebKit/537.36 Chrome/148.0.0.0 Mobile Safari/537.36"
194.165.16.78 - - [07/Jul/2026:00:33:50 +0200] "GET /.env HTTP/1.1" 403 1358 "-" "Mozilla/5.0 (Macintosh; Intel Mac OS X 10_15_7) AppleWebKit/537.36 Chrome/147.0.0.0 Safari/537.36"
10.0.0.5 - - [07/Jul/2026:01:15:47 +0200] "GET /wp-includes/js/jquery/jquery.min.js HTTP/1.1" 200 27836 "https://www.facebook.com/" "Mozilla/5.0 (Windows NT 10.0; Win64; x64) AppleWebKit/537.36 Chrome/148.0.0.0 Safari/537.36"
172.16.0.8 - - [07/Jul/2026:01:21:26 +0200] "GET /proizvodi/ HTTP/1.1" 200 5691 "-" "Mozilla/5.0 (Windows NT 10.0; Win64; x64) AppleWebKit/537.36 Chrome/148.0.0.0 Safari/537.36"
192.168.1.22 - - [07/Jul/2026:01:54:59 +0200] "GET /o-nama/ HTTP/1.1" 301 486 "https://www.facebook.com/" "Mozilla/5.0 (Linux; Android 10; K) AppleWebKit/537.36 Chrome/148.0.0.0 Mobile Safari/537.36"
10.0.0.12 - - [07/Jul/2026:01:59:51 +0200] "GET /kontakt/ HTTP/1.1" 200 22307 "https://example-site.hr/" "Mozilla/5.0 (Linux; Android 10; K) AppleWebKit/537.36 Chrome/148.0.0.0 Mobile Safari/537.36"
198.20.69.98 - - [07/Jul/2026:02:14:00 +0200] "GET /wp-config.php.bak HTTP/1.1" 403 1702 "-" "sqlmap/1.7.8"
198.20.69.98 - - [07/Jul/2026:02:14:03 +0200] "GET /xmlrpc.php HTTP/1.1" 404 1810 "-" "sqlmap/1.7.8"
66.240.236.119 - - [07/Jul/2026:02:14:06 +0200] "GET /page.php?file=../../../../etc/passwd HTTP/1.1" 403 1507 "-" "python-requests/2.28.0"
198.20.69.98 - - [07/Jul/2026:02:14:09 +0200] "POST /wp-login.php HTTP/1.1" 404 595 "-" "Nikto/2.1.6"
66.240.236.119 - - [07/Jul/2026:02:14:12 +0200] "GET /page.php?file=../../../../etc/passwd HTTP/1.1" 200 456 "-" "Nikto/2.1.6"
71.6.135.131 - - [07/Jul/2026:02:14:15 +0200] "GET /.env HTTP/1.1" 404 1978 "-" "python-requests/2.28.0"
198.20.69.98 - - [07/Jul/2026:02:14:18 +0200] "GET /config.php HTTP/1.1" 200 674 "-" "Nikto/2.1.6"
71.6.135.131 - - [07/Jul/2026:02:14:21 +0200] "GET /wp-content/uploads/2024/backdoor.php HTTP/1.1" 200 1292 "-" "sqlmap/1.7.8"
66.240.236.119 - - [07/Jul/2026:02:14:24 +0200] "GET /wp-content/plugins/vulnerable-plugin/shell.php?cmd=whoami HTTP/1.1" 404 1194 "-" "Mozilla/5.0 zgrab/0.x"
198.20.69.98 - - [07/Jul/2026:02:14:27 +0200] "GET /admin/config.php HTTP/1.1" 403 590 "-" "-"
66.240.236.119 - - [07/Jul/2026:02:14:30 +0200] "GET /wp-content/uploads/2024/backdoor.php HTTP/1.1" 403 529 "-" "Mozilla/5.0 zgrab/0.x"
198.20.69.98 - - [07/Jul/2026:02:14:33 +0200] "GET /shell.php HTTP/1.1" 404 1219 "-" "sqlmap/1.7.8"
198.20.69.98 - - [07/Jul/2026:02:14:36 +0200] "GET /search?q=<script>alert(1)</script> HTTP/1.1" 403 1600 "-" "Nikto/2.1.6"
71.6.135.131 - - [07/Jul/2026:02:14:39 +0200] "POST /wp-admin/admin-post.php?action=upload HTTP/1.1" 200 977 "-" "-"
71.6.135.131 - - [07/Jul/2026:02:14:42 +0200] "GET /index.php?id=1' OR '1'='1 HTTP/1.1" 200 1789 "-" "Nikto/2.1.6"
66.240.236.119 - - [07/Jul/2026:02:14:45 +0200] "GET /search?q=<script>alert(1)</script> HTTP/1.1" 403 1054 "-" "-"
71.6.135.131 - - [07/Jul/2026:02:14:48 +0200] "POST /wp-admin/admin-post.php?action=upload HTTP/1.1" 403 272 "-" "sqlmap/1.7.8"
198.20.69.98 - - [07/Jul/2026:02:14:51 +0200] "GET /shell.php HTTP/1.1" 404 502 "-" "-"
198.20.69.98 - - [07/Jul/2026:02:14:54 +0200] "GET /wp-config.php.bak HTTP/1.1" 403 445 "-" "sqlmap/1.7.8"
71.6.135.131 - - [07/Jul/2026:02:14:57 +0200] "GET /wp-login.php HTTP/1.1" 404 1897 "-" "-"
198.20.69.98 - - [07/Jul/2026:02:15:00 +0200] "GET /xmlrpc.php HTTP/1.1" 403 192 "-" "sqlmap/1.7.8"
198.20.69.98 - - [07/Jul/2026:02:15:03 +0200] "GET /wp-content/uploads/2024/backdoor.php HTTP/1.1" 500 679 "-" "sqlmap/1.7.8"
71.6.135.131 - - [07/Jul/2026:02:15:06 +0200] "GET /index.php?id=1' OR '1'='1 HTTP/1.1" 404 1172 "-" "Nikto/2.1.6"
71.6.135.131 - - [07/Jul/2026:02:15:09 +0200] "GET /wp-admin/ HTTP/1.1" 403 1590 "-" "-"
66.240.236.119 - - [07/Jul/2026:02:15:12 +0200] "POST /wp-login.php HTTP/1.1" 200 536 "-" "-"
71.6.135.131 - - [07/Jul/2026:02:15:15 +0200] "GET /?s=../../../../etc/passwd%00 HTTP/1.1" 404 1529 "-" "Mozilla/5.0 zgrab/0.x"
71.6.135.131 - - [07/Jul/2026:02:15:18 +0200] "GET /wp-content/uploads/2024/backdoor.php HTTP/1.1" 403 1185 "-" "Nikto/2.1.6"
66.240.236.119 - - [07/Jul/2026:02:15:21 +0200] "POST /wp-login.php HTTP/1.1" 404 1071 "-" "-"
66.240.236.119 - - [07/Jul/2026:02:15:24 +0200] "GET /search?q=<script>alert(1)</script> HTTP/1.1" 404 676 "-" "Mozilla/5.0 zgrab/0.x"
71.6.135.131 - - [07/Jul/2026:02:15:27 +0200] "GET /wp-content/plugins/vulnerable-plugin/shell.php?cmd=whoami HTTP/1.1" 500 267 "-" "Mozilla/5.0 zgrab/0.x"
66.240.236.119 - - [07/Jul/2026:02:15:30 +0200] "GET /wp-content/plugins/vulnerable-plugin/shell.php?cmd=whoami HTTP/1.1" 403 1373 "-" "sqlmap/1.7.8"
198.20.69.98 - - [07/Jul/2026:02:15:33 +0200] "GET /admin/config.php HTTP/1.1" 500 512 "-" "Nikto/2.1.6"
66.240.236.119 - - [07/Jul/2026:02:15:36 +0200] "GET /xmlrpc.php HTTP/1.1" 404 152 "-" "sqlmap/1.7.8"
71.6.135.131 - - [07/Jul/2026:02:15:39 +0200] "GET /config.php HTTP/1.1" 404 1078 "-" "Mozilla/5.0 zgrab/0.x"
71.6.135.131 - - [07/Jul/2026:02:15:42 +0200] "GET /index.php?id=1' OR '1'='1 HTTP/1.1" 500 1744 "-" "sqlmap/1.7.8"
71.6.135.131 - - [07/Jul/2026:02:15:45 +0200] "GET /xmlrpc.php HTTP/1.1" 404 605 "-" "Mozilla/5.0 zgrab/0.x"
66.240.236.119 - - [07/Jul/2026:02:15:48 +0200] "GET /.env HTTP/1.1" 404 1598 "-" "-"
71.6.135.131 - - [07/Jul/2026:02:15:51 +0200] "GET /phpmyadmin/ HTTP/1.1" 404 139 "-" "Mozilla/5.0 zgrab/0.x"
71.6.135.131 - - [07/Jul/2026:02:15:54 +0200] "GET /wp-config.php.bak HTTP/1.1" 404 915 "-" "Nikto/2.1.6"
66.240.236.119 - - [07/Jul/2026:02:15:57 +0200] "GET /wp-content/uploads/2024/backdoor.php HTTP/1.1" 500 967 "-" "python-requests/2.28.0"
198.20.69.98 - - [07/Jul/2026:02:16:00 +0200] "GET /wp-admin/ HTTP/1.1" 404 1077 "-" "-"
71.6.135.131 - - [07/Jul/2026:02:16:03 +0200] "POST /wp-admin/admin-ajax.php HTTP/1.1" 404 557 "-" "-"
66.240.236.119 - - [07/Jul/2026:02:16:06 +0200] "POST /wp-login.php HTTP/1.1" 200 135 "-" "python-requests/2.28.0"
71.6.135.131 - - [07/Jul/2026:02:16:09 +0200] "GET /index.php?id=1' OR '1'='1 HTTP/1.1" 404 1713 "-" "sqlmap/1.7.8"
66.240.236.119 - - [07/Jul/2026:02:16:12 +0200] "GET /wp-content/uploads/2024/backdoor.php HTTP/1.1" 404 808 "-" "-"
66.240.236.119 - - [07/Jul/2026:02:16:15 +0200] "POST /wp-login.php HTTP/1.1" 403 615 "-" "-"
198.20.69.98 - - [07/Jul/2026:02:16:18 +0200] "GET /search?q=<script>alert(1)</script> HTTP/1.1" 403 979 "-" "Mozilla/5.0 zgrab/0.x"
71.6.135.131 - - [07/Jul/2026:02:16:21 +0200] "POST /wp-admin/admin-post.php?action=upload HTTP/1.1" 403 1310 "-" "sqlmap/1.7.8"
198.20.69.98 - - [07/Jul/2026:02:16:24 +0200] "POST /wp-login.php HTTP/1.1" 200 346 "-" "-"
198.20.69.98 - - [07/Jul/2026:02:16:27 +0200] "GET /xmlrpc.php HTTP/1.1" 200 1006 "-" "-"
66.240.236.119 - - [07/Jul/2026:02:16:30 +0200] "GET /shell.php HTTP/1.1" 200 542 "-" "Mozilla/5.0 zgrab/0.x"
198.20.69.98 - - [07/Jul/2026:02:16:33 +0200] "POST /wp-login.php HTTP/1.1" 404 1390 "-" "-"
198.20.69.98 - - [07/Jul/2026:02:16:36 +0200] "GET /search?q=<script>alert(1)</script> HTTP/1.1" 404 1320 "-" "sqlmap/1.7.8"
198.20.69.98 - - [07/Jul/2026:02:16:39 +0200] "GET /xmlrpc.php HTTP/1.1" 404 1166 "-" "python-requests/2.28.0"
198.20.69.98 - - [07/Jul/2026:02:16:42 +0200] "POST /wp-login.php HTTP/1.1" 403 1950 "-" "Nikto/2.1.6"
198.20.69.98 - - [07/Jul/2026:02:16:45 +0200] "GET /admin/config.php HTTP/1.1" 500 231 "-" "Nikto/2.1.6"
198.20.69.98 - - [07/Jul/2026:02:16:48 +0200] "GET /shell.php HTTP/1.1" 404 106 "-" "python-requests/2.28.0"
66.240.236.119 - - [07/Jul/2026:02:16:51 +0200] "POST /xmlrpc.php HTTP/1.1" 200 309 "-" "Nikto/2.1.6"
71.6.135.131 - - [07/Jul/2026:02:16:54 +0200] "GET /?s=../../../../etc/passwd%00 HTTP/1.1" 200 1277 "-" "sqlmap/1.7.8"
66.240.236.119 - - [07/Jul/2026:02:16:57 +0200] "POST /wp-admin/admin-ajax.php HTTP/1.1" 404 1714 "-" "python-requests/2.28.0"
198.20.69.98 - - [07/Jul/2026:02:17:00 +0200] "POST /xmlrpc.php HTTP/1.1" 500 764 "-" "-"
66.240.236.119 - - [07/Jul/2026:02:17:03 +0200] "GET /.env HTTP/1.1" 500 970 "-" "sqlmap/1.7.8"
66.240.236.119 - - [07/Jul/2026:02:17:06 +0200] "GET /?s=../../../../etc/passwd%00 HTTP/1.1" 404 245 "-" "sqlmap/1.7.8"
71.6.135.131 - - [07/Jul/2026:02:17:09 +0200] "GET /xmlrpc.php HTTP/1.1" 403 1350 "-" "python-requests/2.28.0"
66.240.236.119 - - [07/Jul/2026:02:17:12 +0200] "POST /wp-admin/admin-ajax.php HTTP/1.1" 404 369 "-" "sqlmap/1.7.8"
71.6.135.131 - - [07/Jul/2026:02:17:15 +0200] "GET /admin/config.php HTTP/1.1" 403 1172 "-" "python-requests/2.28.0"
198.20.69.98 - - [07/Jul/2026:02:17:18 +0200] "GET /wp-admin/ HTTP/1.1" 403 1367 "-" "sqlmap/1.7.8"
